[0.228s] DEBUG:colcon:Command line arguments: ['/usr/bin/colcon', 'build', '--symlink-install']
[0.228s] DEBUG:colcon:Parsed command line arguments: Namespace(log_base=None, log_level=None, verb_name='build', build_base='build', install_base='install', merge_install=False, symlink_install=True, test_result_base=None, continue_on_error=False, executor='parallel', parallel_workers=16, event_handlers=None, ignore_user_meta=False, metas=['./colcon.meta'], base_paths=['.'], packages_ignore=None, packages_ignore_regex=None, paths=None, packages_up_to=None, packages_up_to_regex=None, packages_above=None, packages_above_and_dependencies=None, packages_above_depth=None, packages_select_by_dep=None, packages_skip_by_dep=None, packages_skip_up_to=None, packages_select_build_failed=False, packages_skip_build_finished=False, packages_select_test_failures=False, packages_skip_test_passed=False, packages_select=None, packages_skip=None, packages_select_regex=None, packages_skip_regex=None, packages_start=None, packages_end=None, allow_overriding=[], cmake_args=None, cmake_target=None, cmake_target_skip_unavailable=False, cmake_clean_cache=False, cmake_clean_first=False, cmake_force_configure=False, ament_cmake_args=None, catkin_cmake_args=None, catkin_skip_building_tests=False, mixin_files=None, mixin=None, verb_parser=<colcon_mixin.mixin.mixin_argument.MixinArgumentDecorator object at 0x7a382789a7d0>, verb_extension=<colcon_core.verb.build.BuildVerb object at 0x7a382789a3b0>, main=<bound method BuildVerb.main of <colcon_core.verb.build.BuildVerb object at 0x7a382789a3b0>>, mixin_verb=('build',))
[0.702s] Level 1:colcon.colcon_core.package_discovery:discover_packages(colcon_meta) check parameters
[0.702s] Level 1:colcon.colcon_core.package_discovery:discover_packages(recursive) check parameters
[0.702s] Level 1:colcon.colcon_core.package_discovery:discover_packages(ignore) check parameters
[0.702s] Level 1:colcon.colcon_core.package_discovery:discover_packages(path) check parameters
[0.702s] Level 1:colcon.colcon_core.package_discovery:discover_packages(colcon_meta) discover
[0.702s] Level 1:colcon.colcon_core.package_discovery:discover_packages(recursive) discover
[0.702s] INFO:colcon.colcon_core.package_discovery:Crawling recursively for packages in '/home/yanjiun68/workspace/Turtlesim_lc_demo'
[0.702s] Level 1:colcon.colcon_core.package_identification:_identify(.) by extensions ['ignore', 'ignore_ament_install']
[0.703s] Level 1:colcon.colcon_core.package_identification:_identify(.) by extension 'ignore'
[0.703s] Level 1:colcon.colcon_core.package_identification:_identify(.) by extension 'ignore_ament_install'
[0.703s] Level 1:colcon.colcon_core.package_identification:_identify(.) by extensions ['colcon_pkg']
[0.703s] Level 1:colcon.colcon_core.package_identification:_identify(.) by extension 'colcon_pkg'
[0.703s] Level 1:colcon.colcon_core.package_identification:_identify(.) by extensions ['colcon_meta']
[0.703s] Level 1:colcon.colcon_core.package_identification:_identify(.) by extension 'colcon_meta'
[0.703s] Level 1:colcon.colcon_core.package_identification:_identify(.) by extensions ['ros']
[0.703s] Level 1:colcon.colcon_core.package_identification:_identify(.) by extension 'ros'
[0.732s] Level 1:colcon.colcon_core.package_identification:_identify(.) by extensions ['cmake', 'python']
[0.732s] Level 1:colcon.colcon_core.package_identification:_identify(.) by extension 'cmake'
[0.732s] Level 1:colcon.colcon_core.package_identification:_identify(.) by extension 'python'
[0.732s] Level 1:colcon.colcon_core.package_identification:_identify(.) by extensions ['python_setup_py']
[0.732s] Level 1:colcon.colcon_core.package_identification:_identify(.) by extension 'python_setup_py'
[0.733s] Level 1:colcon.colcon_core.package_identification:_identify(build) by extensions ['ignore', 'ignore_ament_install']
[0.733s] Level 1:colcon.colcon_core.package_identification:_identify(build) by extension 'ignore'
[0.733s] Level 1:colcon.colcon_core.package_identification:_identify(build) ignored
[0.733s] Level 1:colcon.colcon_core.package_identification:_identify(install) by extensions ['ignore', 'ignore_ament_install']
[0.733s] Level 1:colcon.colcon_core.package_identification:_identify(install) by extension 'ignore'
[0.733s] Level 1:colcon.colcon_core.package_identification:_identify(install) ignored
[0.733s] Level 1:colcon.colcon_core.package_identification:_identify(log) by extensions ['ignore', 'ignore_ament_install']
[0.733s] Level 1:colcon.colcon_core.package_identification:_identify(log) by extension 'ignore'
[0.733s] Level 1:colcon.colcon_core.package_identification:_identify(log) ignored
[0.733s] Level 1:colcon.colcon_core.package_identification:_identify(src) by extensions ['ignore', 'ignore_ament_install']
[0.733s] Level 1:colcon.colcon_core.package_identification:_identify(src) by extension 'ignore'
[0.734s] Level 1:colcon.colcon_core.package_identification:_identify(src) by extension 'ignore_ament_install'
[0.734s] Level 1:colcon.colcon_core.package_identification:_identify(src) by extensions ['colcon_pkg']
[0.734s] Level 1:colcon.colcon_core.package_identification:_identify(src) by extension 'colcon_pkg'
[0.734s] Level 1:colcon.colcon_core.package_identification:_identify(src) by extensions ['colcon_meta']
[0.734s] Level 1:colcon.colcon_core.package_identification:_identify(src) by extension 'colcon_meta'
[0.734s] Level 1:colcon.colcon_core.package_identification:_identify(src) by extensions ['ros']
[0.734s] Level 1:colcon.colcon_core.package_identification:_identify(src) by extension 'ros'
[0.734s] Level 1:colcon.colcon_core.package_identification:_identify(src) by extensions ['cmake', 'python']
[0.734s] Level 1:colcon.colcon_core.package_identification:_identify(src) by extension 'cmake'
[0.734s] Level 1:colcon.colcon_core.package_identification:_identify(src) by extension 'python'
[0.734s] Level 1:colcon.colcon_core.package_identification:_identify(src) by extensions ['python_setup_py']
[0.734s] Level 1:colcon.colcon_core.package_identification:_identify(src) by extension 'python_setup_py'
[0.734s] Level 1:colcon.colcon_core.package_identification:_identify(src/sm_turtlesim_lc_demo) by extensions ['ignore', 'ignore_ament_install']
[0.734s] Level 1:colcon.colcon_core.package_identification:_identify(src/sm_turtlesim_lc_demo) by extension 'ignore'
[0.734s] Level 1:colcon.colcon_core.package_identification:_identify(src/sm_turtlesim_lc_demo) by extension 'ignore_ament_install'
[0.734s] Level 1:colcon.colcon_core.package_identification:_identify(src/sm_turtlesim_lc_demo) by extensions ['colcon_pkg']
[0.734s] Level 1:colcon.colcon_core.package_identification:_identify(src/sm_turtlesim_lc_demo) by extension 'colcon_pkg'
[0.734s] Level 1:colcon.colcon_core.package_identification:_identify(src/sm_turtlesim_lc_demo) by extensions ['colcon_meta']
[0.734s] Level 1:colcon.colcon_core.package_identification:_identify(src/sm_turtlesim_lc_demo) by extension 'colcon_meta'
[0.734s] Level 1:colcon.colcon_core.package_identification:_identify(src/sm_turtlesim_lc_demo) by extensions ['ros']
[0.734s] Level 1:colcon.colcon_core.package_identification:_identify(src/sm_turtlesim_lc_demo) by extension 'ros'
[0.740s] DEBUG:colcon.colcon_core.package_identification:Package 'src/sm_turtlesim_lc_demo' with type 'ros.ament_cmake' and name 'sm_turtlesim_lc_demo'
[0.740s] Level 1:colcon.colcon_core.package_identification:_identify(src/turtlesim_lc_interfaces) by extensions ['ignore', 'ignore_ament_install']
[0.740s] Level 1:colcon.colcon_core.package_identification:_identify(src/turtlesim_lc_interfaces) by extension 'ignore'
[0.740s] Level 1:colcon.colcon_core.package_identification:_identify(src/turtlesim_lc_interfaces) by extension 'ignore_ament_install'
[0.740s] Level 1:colcon.colcon_core.package_identification:_identify(src/turtlesim_lc_interfaces) by extensions ['colcon_pkg']
[0.740s] Level 1:colcon.colcon_core.package_identification:_identify(src/turtlesim_lc_interfaces) by extension 'colcon_pkg'
[0.740s] Level 1:colcon.colcon_core.package_identification:_identify(src/turtlesim_lc_interfaces) by extensions ['colcon_meta']
[0.740s] Level 1:colcon.colcon_core.package_identification:_identify(src/turtlesim_lc_interfaces) by extension 'colcon_meta'
[0.740s] Level 1:colcon.colcon_core.package_identification:_identify(src/turtlesim_lc_interfaces) by extensions ['ros']
[0.740s] Level 1:colcon.colcon_core.package_identification:_identify(src/turtlesim_lc_interfaces) by extension 'ros'
[0.741s] DEBUG:colcon.colcon_core.package_identification:Package 'src/turtlesim_lc_interfaces' with type 'ros.ament_cmake' and name 'turtlesim_lc_interfaces'
[0.741s] Level 1:colcon.colcon_core.package_discovery:discover_packages(recursive) using defaults
[0.741s] Level 1:colcon.colcon_core.package_discovery:discover_packages(ignore) discover
[0.741s] Level 1:colcon.colcon_core.package_discovery:discover_packages(ignore) using defaults
[0.741s] Level 1:colcon.colcon_core.package_discovery:discover_packages(path) discover
[0.742s] Level 1:colcon.colcon_core.package_discovery:discover_packages(path) using defaults
[0.784s] Level 1:colcon.colcon_core.package_discovery:discover_packages(prefix_path) check parameters
[0.784s] Level 1:colcon.colcon_core.package_discovery:discover_packages(prefix_path) discover
[0.790s] DEBUG:colcon.colcon_installed_package_information.package_discovery:Found 13 installed packages in /home/yanjiun68/workspace/putrabot/install
[0.792s] DEBUG:colcon.colcon_installed_package_information.package_discovery:Found 43 installed packages in /home/yanjiun68/workspace/humble_ws/install
[0.796s] DEBUG:colcon.colcon_installed_package_information.package_discovery:Found 537 installed packages in /opt/ros/humble
[0.799s] Level 1:colcon.colcon_core.package_discovery:discover_packages(prefix_path) using defaults
[0.921s] Level 5:colcon.colcon_core.verb:set package 'turtlesim_lc_interfaces' build argument 'cmake_args' from command line to 'None'
[0.921s] Level 5:colcon.colcon_core.verb:set package 'turtlesim_lc_interfaces' build argument 'cmake_target' from command line to 'None'
[0.921s] Level 5:colcon.colcon_core.verb:set package 'turtlesim_lc_interfaces' build argument 'cmake_target_skip_unavailable' from command line to 'False'
[0.921s] Level 5:colcon.colcon_core.verb:set package 'turtlesim_lc_interfaces' build argument 'cmake_clean_cache' from command line to 'False'
[0.921s] Level 5:colcon.colcon_core.verb:set package 'turtlesim_lc_interfaces' build argument 'cmake_clean_first' from command line to 'False'
[0.921s] Level 5:colcon.colcon_core.verb:set package 'turtlesim_lc_interfaces' build argument 'cmake_force_configure' from command line to 'False'
[0.921s] Level 5:colcon.colcon_core.verb:set package 'turtlesim_lc_interfaces' build argument 'ament_cmake_args' from command line to 'None'
[0.921s] Level 5:colcon.colcon_core.verb:set package 'turtlesim_lc_interfaces' build argument 'catkin_cmake_args' from command line to 'None'
[0.921s] Level 5:colcon.colcon_core.verb:set package 'turtlesim_lc_interfaces' build argument 'catkin_skip_building_tests' from command line to 'False'
[0.921s] DEBUG:colcon.colcon_core.verb:Building package 'turtlesim_lc_interfaces' with the following arguments: {'ament_cmake_args': None, 'build_base': '/home/yanjiun68/workspace/Turtlesim_lc_demo/build/turtlesim_lc_interfaces', 'catkin_cmake_args': None, 'catkin_skip_building_tests': False, 'cmake_args': None, 'cmake_clean_cache': False, 'cmake_clean_first': False, 'cmake_force_configure': False, 'cmake_target': None, 'cmake_target_skip_unavailable': False, 'install_base': '/home/yanjiun68/workspace/Turtlesim_lc_demo/install/turtlesim_lc_interfaces', 'merge_install': False, 'path': '/home/yanjiun68/workspace/Turtlesim_lc_demo/src/turtlesim_lc_interfaces', 'symlink_install': True, 'test_result_base': None}
[0.922s] Level 5:colcon.colcon_core.verb:set package 'sm_turtlesim_lc_demo' build argument 'cmake_args' from command line to 'None'
[0.922s] Level 5:colcon.colcon_core.verb:set package 'sm_turtlesim_lc_demo' build argument 'cmake_target' from command line to 'None'
[0.922s] Level 5:colcon.colcon_core.verb:set package 'sm_turtlesim_lc_demo' build argument 'cmake_target_skip_unavailable' from command line to 'False'
[0.922s] Level 5:colcon.colcon_core.verb:set package 'sm_turtlesim_lc_demo' build argument 'cmake_clean_cache' from command line to 'False'
[0.922s] Level 5:colcon.colcon_core.verb:set package 'sm_turtlesim_lc_demo' build argument 'cmake_clean_first' from command line to 'False'
[0.922s] Level 5:colcon.colcon_core.verb:set package 'sm_turtlesim_lc_demo' build argument 'cmake_force_configure' from command line to 'False'
[0.922s] Level 5:colcon.colcon_core.verb:set package 'sm_turtlesim_lc_demo' build argument 'ament_cmake_args' from command line to 'None'
[0.922s] Level 5:colcon.colcon_core.verb:set package 'sm_turtlesim_lc_demo' build argument 'catkin_cmake_args' from command line to 'None'
[0.922s] Level 5:colcon.colcon_core.verb:set package 'sm_turtlesim_lc_demo' build argument 'catkin_skip_building_tests' from command line to 'False'
[0.922s] DEBUG:colcon.colcon_core.verb:Building package 'sm_turtlesim_lc_demo' with the following arguments: {'ament_cmake_args': None, 'build_base': '/home/yanjiun68/workspace/Turtlesim_lc_demo/build/sm_turtlesim_lc_demo', 'catkin_cmake_args': None, 'catkin_skip_building_tests': False, 'cmake_args': None, 'cmake_clean_cache': False, 'cmake_clean_first': False, 'cmake_force_configure': False, 'cmake_target': None, 'cmake_target_skip_unavailable': False, 'install_base': '/home/yanjiun68/workspace/Turtlesim_lc_demo/install/sm_turtlesim_lc_demo', 'merge_install': False, 'path': '/home/yanjiun68/workspace/Turtlesim_lc_demo/src/sm_turtlesim_lc_demo', 'symlink_install': True, 'test_result_base': None}
[0.922s] INFO:colcon.colcon_core.executor:Executing jobs using 'parallel' executor
[0.924s] DEBUG:colcon.colcon_parallel_executor.executor.parallel:run_until_complete
[0.924s] INFO:colcon.colcon_ros.task.ament_cmake.build:Building ROS package in '/home/yanjiun68/workspace/Turtlesim_lc_demo/src/turtlesim_lc_interfaces' with build type 'ament_cmake'
[0.925s] INFO:colcon.colcon_cmake.task.cmake.build:Building CMake package in '/home/yanjiun68/workspace/Turtlesim_lc_demo/src/turtlesim_lc_interfaces'
[0.930s] INFO:colcon.colcon_core.plugin_system:Skipping extension 'colcon_core.shell.bat': Not used on non-Windows systems
[0.930s] INFO:colcon.colcon_core.shell:Skip shell extension 'powershell' for command environment: Not usable outside of PowerShell
[0.930s] DEBUG:colcon.colcon_core.shell:Skip shell extension 'dsv' for command environment
[0.949s] DEBUG:colcon.colcon_core.event_handler.log_command:Invoking command in '/home/yanjiun68/workspace/Turtlesim_lc_demo/build/turtlesim_lc_interfaces': CMAKE_PREFIX_PATH=/home/yanjiun68/workspace/putrabot/install/voice:/home/yanjiun68/workspace/putrabot/install/vision:/home/yanjiun68/workspace/putrabot/install/robot_description:/home/yanjiun68/workspace/putrabot/install/realsense2_description:/home/yanjiun68/workspace/putrabot/install/realsense2_camera:/home/yanjiun68/workspace/putrabot/install/realsense2_camera_msgs:/home/yanjiun68/workspace/putrabot/install/putrabot_base:/home/yanjiun68/workspace/putrabot/install/my_robot_nav:/home/yanjiun68/workspace/putrabot/install/lift_moveit_config:/home/yanjiun68/workspace/putrabot/install/lift_description:/home/yanjiun68/workspace/humble_ws/install/undo_path_global_planner:/home/yanjiun68/workspace/humble_ws/install/sr_event_countdown:/home/yanjiun68/workspace/humble_ws/install/sr_conditional:/home/yanjiun68/workspace/humble_ws/install/sm_three_some:/home/yanjiun68/workspace/humble_ws/install/sm_pack_ml:/home/yanjiun68/workspace/humble_ws/install/sm_multi_stage_1:/home/yanjiun68/workspace/humble_ws/install/sm_advanced_recovery_1:/home/yanjiun68/workspace/humble_ws/install/sr_all_events_go:/home/yanjiun68/workspace/humble_ws/install/multirole_sensor_client:/home/yanjiun68/workspace/humble_ws/install/smacc2_msgs:/home/yanjiun68/workspace/humble_ws/install/sm_simple_action_client:/home/yanjiun68/workspace/humble_ws/install/sm_panda_moveit2z_cb_inventory:/home/yanjiun68/workspace/humble_ws/install/sm_panda_cl_moveit2z_cb_inventory:/home/yanjiun68/workspace/humble_ws/install/sm_multithread_test_1:/home/yanjiun68/workspace/humble_ws/install/sm_coretest_transition_speed_1:/home/yanjiun68/workspace/humble_ws/install/sm_cl_ros2_timer_unit_test_1:/home/yanjiun68/workspace/humble_ws/install/sm_cl_keyboard_unit_test_1:/home/yanjiun68/workspace/humble_ws/install/sm_branching:/home/yanjiun68/workspace/humble_ws/install/sm_atomic_subscribers_performance_test:/home/yanjiun68/workspace/humble_ws/install/sm_atomic_performance_trace_1:/home/yanjiun68/workspace/humble_ws/install/sm_atomic_mode_states:/home/yanjiun68/workspace/humble_ws/install/sm_atomic_lifecycle:/home/yanjiun68/workspace/humble_ws/install/sm_atomic_http:/home/yanjiun68/workspace/humble_ws/install/sm_atomic:/home/yanjiun68/workspace/humble_ws/install/ros_timer_client:/home/yanjiun68/workspace/humble_ws/install/pure_spinning_local_planner:/home/yanjiun68/workspace/humble_ws/install/forward_local_planner:/home/yanjiun68/workspace/humble_ws/install/backward_global_planner:/home/yanjiun68/workspace/humble_ws/install/forward_global_planner:/home/yanjiun68/workspace/humble_ws/install/backward_local_planner:/home/yanjiun68/workspace/humble_ws/install/nav2z_planners_common:/home/yanjiun68/workspace/humble_ws/install/nav2z_client:/home/yanjiun68/workspace/putrabot/install/mediapipe_ros:/home/yanjiun68/workspace/putrabot/install/lift_bridge:/opt/ros/humble:/home/yanjiun68/workspace/humble_ws/install/my_robot_moveit_config:/home/yanjiun68/workspace/humble_ws/install/moveit2z_client:/home/yanjiun68/workspace/humble_ws/install/lifecyclenode_client:/home/yanjiun68/workspace/humble_ws/install/keyboard_client:/home/yanjiun68/workspace/humble_ws/install/http_client:/home/yanjiun68/workspace/humble_ws/install/eg_random_generator:/home/yanjiun68/workspace/humble_ws/install/eg_conditional_generator:/home/yanjiun68/workspace/humble_ws/install/cl_ros2_timer:/home/yanjiun68/workspace/humble_ws/install/cl_nav2z:/home/yanjiun68/workspace/humble_ws/install/cl_moveit2z:/home/yanjiun68/workspace/humble_ws/install/cl_keyboard CONDA_PROMPT_MODIFIER=(base) /usr/bin/cmake /home/yanjiun68/workspace/Turtlesim_lc_demo/src/turtlesim_lc_interfaces -DAMENT_CMAKE_SYMLINK_INSTALL=1 -DCMAKE_INSTALL_PREFIX=/home/yanjiun68/workspace/Turtlesim_lc_demo/install/turtlesim_lc_interfaces
[3.734s] DEBUG:colcon.colcon_core.event_handler.log_command:Invoked command in '/home/yanjiun68/workspace/Turtlesim_lc_demo/build/turtlesim_lc_interfaces' returned '1': CMAKE_PREFIX_PATH=/home/yanjiun68/workspace/putrabot/install/voice:/home/yanjiun68/workspace/putrabot/install/vision:/home/yanjiun68/workspace/putrabot/install/robot_description:/home/yanjiun68/workspace/putrabot/install/realsense2_description:/home/yanjiun68/workspace/putrabot/install/realsense2_camera:/home/yanjiun68/workspace/putrabot/install/realsense2_camera_msgs:/home/yanjiun68/workspace/putrabot/install/putrabot_base:/home/yanjiun68/workspace/putrabot/install/my_robot_nav:/home/yanjiun68/workspace/putrabot/install/lift_moveit_config:/home/yanjiun68/workspace/putrabot/install/lift_description:/home/yanjiun68/workspace/humble_ws/install/undo_path_global_planner:/home/yanjiun68/workspace/humble_ws/install/sr_event_countdown:/home/yanjiun68/workspace/humble_ws/install/sr_conditional:/home/yanjiun68/workspace/humble_ws/install/sm_three_some:/home/yanjiun68/workspace/humble_ws/install/sm_pack_ml:/home/yanjiun68/workspace/humble_ws/install/sm_multi_stage_1:/home/yanjiun68/workspace/humble_ws/install/sm_advanced_recovery_1:/home/yanjiun68/workspace/humble_ws/install/sr_all_events_go:/home/yanjiun68/workspace/humble_ws/install/multirole_sensor_client:/home/yanjiun68/workspace/humble_ws/install/smacc2_msgs:/home/yanjiun68/workspace/humble_ws/install/sm_simple_action_client:/home/yanjiun68/workspace/humble_ws/install/sm_panda_moveit2z_cb_inventory:/home/yanjiun68/workspace/humble_ws/install/sm_panda_cl_moveit2z_cb_inventory:/home/yanjiun68/workspace/humble_ws/install/sm_multithread_test_1:/home/yanjiun68/workspace/humble_ws/install/sm_coretest_transition_speed_1:/home/yanjiun68/workspace/humble_ws/install/sm_cl_ros2_timer_unit_test_1:/home/yanjiun68/workspace/humble_ws/install/sm_cl_keyboard_unit_test_1:/home/yanjiun68/workspace/humble_ws/install/sm_branching:/home/yanjiun68/workspace/humble_ws/install/sm_atomic_subscribers_performance_test:/home/yanjiun68/workspace/humble_ws/install/sm_atomic_performance_trace_1:/home/yanjiun68/workspace/humble_ws/install/sm_atomic_mode_states:/home/yanjiun68/workspace/humble_ws/install/sm_atomic_lifecycle:/home/yanjiun68/workspace/humble_ws/install/sm_atomic_http:/home/yanjiun68/workspace/humble_ws/install/sm_atomic:/home/yanjiun68/workspace/humble_ws/install/ros_timer_client:/home/yanjiun68/workspace/humble_ws/install/pure_spinning_local_planner:/home/yanjiun68/workspace/humble_ws/install/forward_local_planner:/home/yanjiun68/workspace/humble_ws/install/backward_global_planner:/home/yanjiun68/workspace/humble_ws/install/forward_global_planner:/home/yanjiun68/workspace/humble_ws/install/backward_local_planner:/home/yanjiun68/workspace/humble_ws/install/nav2z_planners_common:/home/yanjiun68/workspace/humble_ws/install/nav2z_client:/home/yanjiun68/workspace/putrabot/install/mediapipe_ros:/home/yanjiun68/workspace/putrabot/install/lift_bridge:/opt/ros/humble:/home/yanjiun68/workspace/humble_ws/install/my_robot_moveit_config:/home/yanjiun68/workspace/humble_ws/install/moveit2z_client:/home/yanjiun68/workspace/humble_ws/install/lifecyclenode_client:/home/yanjiun68/workspace/humble_ws/install/keyboard_client:/home/yanjiun68/workspace/humble_ws/install/http_client:/home/yanjiun68/workspace/humble_ws/install/eg_random_generator:/home/yanjiun68/workspace/humble_ws/install/eg_conditional_generator:/home/yanjiun68/workspace/humble_ws/install/cl_ros2_timer:/home/yanjiun68/workspace/humble_ws/install/cl_nav2z:/home/yanjiun68/workspace/humble_ws/install/cl_moveit2z:/home/yanjiun68/workspace/humble_ws/install/cl_keyboard CONDA_PROMPT_MODIFIER=(base) /usr/bin/cmake /home/yanjiun68/workspace/Turtlesim_lc_demo/src/turtlesim_lc_interfaces -DAMENT_CMAKE_SYMLINK_INSTALL=1 -DCMAKE_INSTALL_PREFIX=/home/yanjiun68/workspace/Turtlesim_lc_demo/install/turtlesim_lc_interfaces
[3.755s] Level 1:colcon.colcon_core.environment:create_environment_scripts_only(turtlesim_lc_interfaces)
[3.761s] Level 1:colcon.colcon_core.environment:checking '/home/yanjiun68/workspace/Turtlesim_lc_demo/install/turtlesim_lc_interfaces' for CMake module files
[3.762s] Level 1:colcon.colcon_core.environment:checking '/home/yanjiun68/workspace/Turtlesim_lc_demo/install/turtlesim_lc_interfaces' for CMake config files
[3.763s] Level 1:colcon.colcon_core.environment:checking '/home/yanjiun68/workspace/Turtlesim_lc_demo/install/turtlesim_lc_interfaces/bin'
[3.763s] Level 1:colcon.colcon_core.environment:checking '/home/yanjiun68/workspace/Turtlesim_lc_demo/install/turtlesim_lc_interfaces/lib/pkgconfig/turtlesim_lc_interfaces.pc'
[3.763s] Level 1:colcon.colcon_core.environment:checking '/home/yanjiun68/workspace/Turtlesim_lc_demo/install/turtlesim_lc_interfaces/lib/python3.10/site-packages'
[3.764s] Level 1:colcon.colcon_core.environment:checking '/home/yanjiun68/workspace/Turtlesim_lc_demo/install/turtlesim_lc_interfaces/bin'
[3.764s] INFO:colcon.colcon_core.shell:Creating package script '/home/yanjiun68/workspace/Turtlesim_lc_demo/install/turtlesim_lc_interfaces/share/turtlesim_lc_interfaces/package.ps1'
[3.766s] INFO:colcon.colcon_core.shell:Creating package descriptor '/home/yanjiun68/workspace/Turtlesim_lc_demo/install/turtlesim_lc_interfaces/share/turtlesim_lc_interfaces/package.dsv'
[3.767s] INFO:colcon.colcon_core.shell:Creating package script '/home/yanjiun68/workspace/Turtlesim_lc_demo/install/turtlesim_lc_interfaces/share/turtlesim_lc_interfaces/package.sh'
[3.769s] INFO:colcon.colcon_core.shell:Creating package script '/home/yanjiun68/workspace/Turtlesim_lc_demo/install/turtlesim_lc_interfaces/share/turtlesim_lc_interfaces/package.bash'
[3.771s] INFO:colcon.colcon_core.shell:Creating package script '/home/yanjiun68/workspace/Turtlesim_lc_demo/install/turtlesim_lc_interfaces/share/turtlesim_lc_interfaces/package.zsh'
[3.772s] Level 1:colcon.colcon_core.environment:create_file_with_runtime_dependencies(/home/yanjiun68/workspace/Turtlesim_lc_demo/install/turtlesim_lc_interfaces/share/colcon-core/packages/turtlesim_lc_interfaces)
[3.783s] DEBUG:colcon.colcon_parallel_executor.executor.parallel:closing loop
[3.783s] DEBUG:colcon.colcon_parallel_executor.executor.parallel:loop closed
[3.783s] DEBUG:colcon.colcon_parallel_executor.executor.parallel:run_until_complete finished with '1'
[3.783s] DEBUG:colcon.colcon_core.event_reactor:joining thread
[3.795s] INFO:colcon.colcon_core.plugin_system:Skipping extension 'colcon_notification.desktop_notification.notify_send': Could not find 'notify-send'
[3.795s] INFO:colcon.colcon_core.plugin_system:Skipping extension 'colcon_notification.desktop_notification.terminal_notifier': Not used on non-Darwin systems
[3.795s] INFO:colcon.colcon_core.plugin_system:Skipping extension 'colcon_notification.desktop_notification.win32': Not used on non-Windows systems
[3.795s] INFO:colcon.colcon_notification.desktop_notification:Sending desktop notification using 'notify2'
[3.838s] DEBUG:colcon.colcon_core.event_reactor:joined thread
[3.839s] INFO:colcon.colcon_core.shell:Creating prefix script '/home/yanjiun68/workspace/Turtlesim_lc_demo/install/local_setup.ps1'
[3.840s] INFO:colcon.colcon_core.shell:Creating prefix util module '/home/yanjiun68/workspace/Turtlesim_lc_demo/install/_local_setup_util_ps1.py'
[3.843s] INFO:colcon.colcon_core.shell:Creating prefix chain script '/home/yanjiun68/workspace/Turtlesim_lc_demo/install/setup.ps1'
[3.848s] INFO:colcon.colcon_core.shell:Creating prefix script '/home/yanjiun68/workspace/Turtlesim_lc_demo/install/local_setup.sh'
[3.850s] INFO:colcon.colcon_core.shell:Creating prefix util module '/home/yanjiun68/workspace/Turtlesim_lc_demo/install/_local_setup_util_sh.py'
[3.851s] INFO:colcon.colcon_core.shell:Creating prefix chain script '/home/yanjiun68/workspace/Turtlesim_lc_demo/install/setup.sh'
[3.857s] INFO:colcon.colcon_core.shell:Creating prefix script '/home/yanjiun68/workspace/Turtlesim_lc_demo/install/local_setup.bash'
[3.859s] INFO:colcon.colcon_core.shell:Creating prefix chain script '/home/yanjiun68/workspace/Turtlesim_lc_demo/install/setup.bash'
[3.865s] INFO:colcon.colcon_core.shell:Creating prefix script '/home/yanjiun68/workspace/Turtlesim_lc_demo/install/local_setup.zsh'
[3.867s] INFO:colcon.colcon_core.shell:Creating prefix chain script '/home/yanjiun68/workspace/Turtlesim_lc_demo/install/setup.zsh'
