Consolidate compiler generated dependencies of target square_path_lifecycle_node
Consolidate compiler generated dependencies of target sm_turtlesim_lc_demo_node
[ 50%] Built target square_path_lifecycle_node
[100%] Built target sm_turtlesim_lc_demo_node
-- Install configuration: ""
-- Execute custom install script
-- Up-to-date symlink: /home/yanjiun68/workspace/Turtlesim_lc_demo/install/sm_turtlesim_lc_demo/include/sm_turtlesim_lc_demo/client_behaviors/cb_publish_termination.hpp
-- Up-to-date symlink: /home/yanjiun68/workspace/Turtlesim_lc_demo/install/sm_turtlesim_lc_demo/include/sm_turtlesim_lc_demo/client_behaviors/cb_shutdown_managed_nodes.hpp
-- Up-to-date symlink: /home/yanjiun68/workspace/Turtlesim_lc_demo/install/sm_turtlesim_lc_demo/include/sm_turtlesim_lc_demo/client_behaviors/cb_startup_managed_nodes.hpp
-- Up-to-date symlink: /home/yanjiun68/workspace/Turtlesim_lc_demo/install/sm_turtlesim_lc_demo/include/sm_turtlesim_lc_demo/clients/cl_lifecycle_manager.hpp
-- Up-to-date symlink: /home/yanjiun68/workspace/Turtlesim_lc_demo/install/sm_turtlesim_lc_demo/include/sm_turtlesim_lc_demo/clients/cl_mission_monitor.hpp
-- Up-to-date symlink: /home/yanjiun68/workspace/Turtlesim_lc_demo/install/sm_turtlesim_lc_demo/include/sm_turtlesim_lc_demo/orthogonals/or_lifecycle_manager.hpp
-- Up-to-date symlink: /home/yanjiun68/workspace/Turtlesim_lc_demo/install/sm_turtlesim_lc_demo/include/sm_turtlesim_lc_demo/orthogonals/or_mission_monitor.hpp
-- Up-to-date symlink: /home/yanjiun68/workspace/Turtlesim_lc_demo/install/sm_turtlesim_lc_demo/include/sm_turtlesim_lc_demo/sm_turtlesim_lc_demo.hpp
-- Up-to-date symlink: /home/yanjiun68/workspace/Turtlesim_lc_demo/install/sm_turtlesim_lc_demo/include/sm_turtlesim_lc_demo/states/st_error.hpp
-- Up-to-date symlink: /home/yanjiun68/workspace/Turtlesim_lc_demo/install/sm_turtlesim_lc_demo/include/sm_turtlesim_lc_demo/states/st_monitor_mission.hpp
-- Up-to-date symlink: /home/yanjiun68/workspace/Turtlesim_lc_demo/install/sm_turtlesim_lc_demo/include/sm_turtlesim_lc_demo/states/st_shutdown.hpp
-- Up-to-date symlink: /home/yanjiun68/workspace/Turtlesim_lc_demo/install/sm_turtlesim_lc_demo/include/sm_turtlesim_lc_demo/states/st_startup.hpp
-- Up-to-date symlink: /home/yanjiun68/workspace/Turtlesim_lc_demo/install/sm_turtlesim_lc_demo/include/sm_turtlesim_lc_demo/states/st_terminated.hpp
-- Up-to-date symlink: /home/yanjiun68/workspace/Turtlesim_lc_demo/install/sm_turtlesim_lc_demo/share/sm_turtlesim_lc_demo/launch/turtlesim_lc_demo.launch.py
-- Up-to-date symlink: /home/yanjiun68/workspace/Turtlesim_lc_demo/install/sm_turtlesim_lc_demo/lib/sm_turtlesim_lc_demo/sm_turtlesim_lc_demo_node
-- Up-to-date symlink: /home/yanjiun68/workspace/Turtlesim_lc_demo/install/sm_turtlesim_lc_demo/lib/sm_turtlesim_lc_demo/square_path_lifecycle_node
-- Up-to-date symlink: /home/yanjiun68/workspace/Turtlesim_lc_demo/install/sm_turtlesim_lc_demo/share/ament_index/resource_index/package_run_dependencies/sm_turtlesim_lc_demo
-- Up-to-date symlink: /home/yanjiun68/workspace/Turtlesim_lc_demo/install/sm_turtlesim_lc_demo/share/ament_index/resource_index/parent_prefix_path/sm_turtlesim_lc_demo
-- Up-to-date symlink: /home/yanjiun68/workspace/Turtlesim_lc_demo/install/sm_turtlesim_lc_demo/share/sm_turtlesim_lc_demo/environment/ament_prefix_path.sh
-- Up-to-date symlink: /home/yanjiun68/workspace/Turtlesim_lc_demo/install/sm_turtlesim_lc_demo/share/sm_turtlesim_lc_demo/environment/ament_prefix_path.dsv
-- Up-to-date symlink: /home/yanjiun68/workspace/Turtlesim_lc_demo/install/sm_turtlesim_lc_demo/share/sm_turtlesim_lc_demo/environment/path.sh
-- Up-to-date symlink: /home/yanjiun68/workspace/Turtlesim_lc_demo/install/sm_turtlesim_lc_demo/share/sm_turtlesim_lc_demo/environment/path.dsv
-- Up-to-date symlink: /home/yanjiun68/workspace/Turtlesim_lc_demo/install/sm_turtlesim_lc_demo/share/sm_turtlesim_lc_demo/local_setup.bash
-- Up-to-date symlink: /home/yanjiun68/workspace/Turtlesim_lc_demo/install/sm_turtlesim_lc_demo/share/sm_turtlesim_lc_demo/local_setup.sh
-- Up-to-date symlink: /home/yanjiun68/workspace/Turtlesim_lc_demo/install/sm_turtlesim_lc_demo/share/sm_turtlesim_lc_demo/local_setup.zsh
-- Up-to-date symlink: /home/yanjiun68/workspace/Turtlesim_lc_demo/install/sm_turtlesim_lc_demo/share/sm_turtlesim_lc_demo/local_setup.dsv
-- Symlinking: /home/yanjiun68/workspace/Turtlesim_lc_demo/install/sm_turtlesim_lc_demo/share/sm_turtlesim_lc_demo/package.dsv
-- Up-to-date symlink: /home/yanjiun68/workspace/Turtlesim_lc_demo/install/sm_turtlesim_lc_demo/share/ament_index/resource_index/packages/sm_turtlesim_lc_demo
-- Up-to-date symlink: /home/yanjiun68/workspace/Turtlesim_lc_demo/install/sm_turtlesim_lc_demo/share/sm_turtlesim_lc_demo/cmake/sm_turtlesim_lc_demoConfig.cmake
-- Up-to-date symlink: /home/yanjiun68/workspace/Turtlesim_lc_demo/install/sm_turtlesim_lc_demo/share/sm_turtlesim_lc_demo/cmake/sm_turtlesim_lc_demoConfig-version.cmake
-- Up-to-date symlink: /home/yanjiun68/workspace/Turtlesim_lc_demo/install/sm_turtlesim_lc_demo/share/sm_turtlesim_lc_demo/package.xml
