-- The C compiler identification is GNU 11.4.0
-- The CXX compiler identification is GNU 11.4.0
-- Detecting C compiler ABI info
-- Detecting C compiler ABI info - done
-- Check for working C compiler: /usr/bin/cc - skipped
-- Detecting C compile features
-- Detecting C compile features - done
-- Detecting CXX compiler ABI info
-- Detecting CXX compiler ABI info - done
-- Check for working CXX compiler: /usr/bin/c++ - skipped
-- Detecting CXX compile features
-- Detecting CXX compile features - done
-- Found ament_cmake: 1.3.12 (/opt/ros/humble/share/ament_cmake/cmake)
-- Found Python3: /usr/bin/python3 (found version "3.10.12") found components: Interpreter 
-- Override CMake install command with custom implementation using symlinks instead of copying resources
-- Found rosidl_default_generators: 1.2.0 (/opt/ros/humble/share/rosidl_default_generators/cmake)
-- Using all available rosidl_typesupport_c: rosidl_typesupport_fastrtps_c;rosidl_typesupport_introspection_c
-- Found rosidl_adapter: 3.1.8 (/opt/ros/humble/share/rosidl_adapter/cmake)
-- Using all available rosidl_typesupport_cpp: rosidl_typesupport_fastrtps_cpp;rosidl_typesupport_introspection_cpp
-- Found std_msgs: 4.9.0 (/opt/ros/humble/share/std_msgs/cmake)
-- Found geometry_msgs: 4.9.0 (/opt/ros/humble/share/geometry_msgs/cmake)
-- Found ament_cmake_ros: 0.10.0 (/opt/ros/humble/share/ament_cmake_ros/cmake)
-- Using all available rosidl_typesupport_c: rosidl_typesupport_fastrtps_c;rosidl_typesupport_introspection_c
-- Using all available rosidl_typesupport_cpp: rosidl_typesupport_fastrtps_cpp;rosidl_typesupport_introspection_cpp
-- Found PythonInterp: /usr/bin/python3 (found suitable version "3.10.12", minimum required is "3.6") 
-- Found python_cmake_module: 0.10.0 (/opt/ros/humble/share/python_cmake_module/cmake)
-- Found PythonLibs: /usr/lib/x86_64-linux-gnu/libpython3.10.so (found suitable version "3.10.12", minimum required is "3.5") 
-- Using PYTHON_EXECUTABLE: /usr/bin/python3
-- Using PYTHON_INCLUDE_DIRS: /usr/include/python3.10
-- Using PYTHON_LIBRARIES: /usr/lib/x86_64-linux-gnu/libpython3.10.so
-- Found PythonExtra: .so  
-- Configuring done
-- Generating done
-- Build files have been written to: /home/yanjiun68/workspace/Turtlesim_lc_demo/build/turtlesim_lc_interfaces
Consolidate compiler generated dependencies of target turtlesim_lc_interfaces__rosidl_generator_c
[  3%] Built target turtlesim_lc_interfaces__cpp
[ 12%] Built target turtlesim_lc_interfaces__rosidl_generator_c
[ 12%] Built target ament_cmake_python_symlink_turtlesim_lc_interfaces
Consolidate compiler generated dependencies of target turtlesim_lc_interfaces__rosidl_typesupport_cpp
Consolidate compiler generated dependencies of target turtlesim_lc_interfaces__rosidl_typesupport_introspection_cpp
Consolidate compiler generated dependencies of target turtlesim_lc_interfaces__rosidl_typesupport_fastrtps_cpp
Consolidate compiler generated dependencies of target turtlesim_lc_interfaces__rosidl_typesupport_c
Consolidate compiler generated dependencies of target turtlesim_lc_interfaces__rosidl_typesupport_introspection_c
Consolidate compiler generated dependencies of target turtlesim_lc_interfaces__rosidl_typesupport_fastrtps_c
[ 22%] Built target turtlesim_lc_interfaces__rosidl_typesupport_cpp
[ 32%] Built target turtlesim_lc_interfaces__rosidl_typesupport_introspection_cpp
[ 41%] Built target turtlesim_lc_interfaces__rosidl_typesupport_fastrtps_cpp
[ 51%] Built target turtlesim_lc_interfaces__rosidl_typesupport_c
[ 61%] Built target turtlesim_lc_interfaces__rosidl_typesupport_introspection_c
[ 70%] Built target turtlesim_lc_interfaces__rosidl_typesupport_fastrtps_c
[ 70%] Built target turtlesim_lc_interfaces
[ 74%] Generating Python code for ROS interfaces
running egg_info
writing turtlesim_lc_interfaces.egg-info/PKG-INFO
writing dependency_links to turtlesim_lc_interfaces.egg-info/dependency_links.txt
writing top-level names to turtlesim_lc_interfaces.egg-info/top_level.txt
reading manifest file 'turtlesim_lc_interfaces.egg-info/SOURCES.txt'
writing manifest file 'turtlesim_lc_interfaces.egg-info/SOURCES.txt'
[ 74%] Built target ament_cmake_python_build_turtlesim_lc_interfaces_egg
[ 74%] Built target turtlesim_lc_interfaces__py
[ 77%] Building C object CMakeFiles/turtlesim_lc_interfaces__rosidl_generator_py.dir/rosidl_generator_py/turtlesim_lc_interfaces/msg/_mission_snapshot_s.c.o
[ 80%] Linking C shared library rosidl_generator_py/turtlesim_lc_interfaces/libturtlesim_lc_interfaces__rosidl_generator_py.so
[ 80%] Built target turtlesim_lc_interfaces__rosidl_generator_py
[ 83%] Building C object CMakeFiles/turtlesim_lc_interfaces__rosidl_typesupport_fastrtps_c__pyext.dir/rosidl_generator_py/turtlesim_lc_interfaces/_turtlesim_lc_interfaces_s.ep.rosidl_typesupport_fastrtps_c.c.o
[ 87%] Building C object CMakeFiles/turtlesim_lc_interfaces__rosidl_typesupport_c__pyext.dir/rosidl_generator_py/turtlesim_lc_interfaces/_turtlesim_lc_interfaces_s.ep.rosidl_typesupport_c.c.o
[ 90%] Building C object CMakeFiles/turtlesim_lc_interfaces__rosidl_typesupport_introspection_c__pyext.dir/rosidl_generator_py/turtlesim_lc_interfaces/_turtlesim_lc_interfaces_s.ep.rosidl_typesupport_introspection_c.c.o
[ 93%] Linking C shared library rosidl_generator_py/turtlesim_lc_interfaces/turtlesim_lc_interfaces_s__rosidl_typesupport_fastrtps_c.cpython-310-x86_64-linux-gnu.so
[ 96%] Linking C shared library rosidl_generator_py/turtlesim_lc_interfaces/turtlesim_lc_interfaces_s__rosidl_typesupport_introspection_c.cpython-310-x86_64-linux-gnu.so
[100%] Linking C shared library rosidl_generator_py/turtlesim_lc_interfaces/turtlesim_lc_interfaces_s__rosidl_typesupport_c.cpython-310-x86_64-linux-gnu.so
[100%] Built target turtlesim_lc_interfaces__rosidl_typesupport_fastrtps_c__pyext
[100%] Built target turtlesim_lc_interfaces__rosidl_typesupport_c__pyext
[100%] Built target turtlesim_lc_interfaces__rosidl_typesupport_introspection_c__pyext
-- Install configuration: ""
-- Execute custom install script
-- Symlinking: /home/yanjiun68/workspace/Turtlesim_lc_demo/install/turtlesim_lc_interfaces/share/ament_index/resource_index/rosidl_interfaces/turtlesim_lc_interfaces
-- Symlinking: /home/yanjiun68/workspace/Turtlesim_lc_demo/install/turtlesim_lc_interfaces/include/turtlesim_lc_interfaces/turtlesim_lc_interfaces/msg/detail/mission_snapshot__functions.h
-- Symlinking: /home/yanjiun68/workspace/Turtlesim_lc_demo/install/turtlesim_lc_interfaces/include/turtlesim_lc_interfaces/turtlesim_lc_interfaces/msg/detail/mission_snapshot__struct.h
-- Symlinking: /home/yanjiun68/workspace/Turtlesim_lc_demo/install/turtlesim_lc_interfaces/include/turtlesim_lc_interfaces/turtlesim_lc_interfaces/msg/detail/mission_snapshot__type_support.h
-- Symlinking: /home/yanjiun68/workspace/Turtlesim_lc_demo/install/turtlesim_lc_interfaces/include/turtlesim_lc_interfaces/turtlesim_lc_interfaces/msg/mission_snapshot.h
-- Symlinking: /home/yanjiun68/workspace/Turtlesim_lc_demo/install/turtlesim_lc_interfaces/include/turtlesim_lc_interfaces/turtlesim_lc_interfaces/msg/rosidl_generator_c__visibility_control.h
-- Symlinking: /home/yanjiun68/workspace/Turtlesim_lc_demo/install/turtlesim_lc_interfaces/share/turtlesim_lc_interfaces/environment/library_path.sh
-- Symlinking: /home/yanjiun68/workspace/Turtlesim_lc_demo/install/turtlesim_lc_interfaces/share/turtlesim_lc_interfaces/environment/library_path.dsv
-- Symlinking: /home/yanjiun68/workspace/Turtlesim_lc_demo/install/turtlesim_lc_interfaces/include/turtlesim_lc_interfaces/turtlesim_lc_interfaces/msg/detail/mission_snapshot__rosidl_typesupport_fastrtps_c.h
-- Symlinking: /home/yanjiun68/workspace/Turtlesim_lc_demo/install/turtlesim_lc_interfaces/include/turtlesim_lc_interfaces/turtlesim_lc_interfaces/msg/rosidl_typesupport_fastrtps_c__visibility_control.h
-- Symlinking: /home/yanjiun68/workspace/Turtlesim_lc_demo/install/turtlesim_lc_interfaces/include/turtlesim_lc_interfaces/turtlesim_lc_interfaces/msg/detail/mission_snapshot__rosidl_typesupport_introspection_c.h
-- Symlinking: /home/yanjiun68/workspace/Turtlesim_lc_demo/install/turtlesim_lc_interfaces/include/turtlesim_lc_interfaces/turtlesim_lc_interfaces/msg/rosidl_typesupport_introspection_c__visibility_control.h
-- Symlinking: /home/yanjiun68/workspace/Turtlesim_lc_demo/install/turtlesim_lc_interfaces/include/turtlesim_lc_interfaces/turtlesim_lc_interfaces/msg/detail/mission_snapshot__builder.hpp
-- Symlinking: /home/yanjiun68/workspace/Turtlesim_lc_demo/install/turtlesim_lc_interfaces/include/turtlesim_lc_interfaces/turtlesim_lc_interfaces/msg/detail/mission_snapshot__struct.hpp
-- Symlinking: /home/yanjiun68/workspace/Turtlesim_lc_demo/install/turtlesim_lc_interfaces/include/turtlesim_lc_interfaces/turtlesim_lc_interfaces/msg/detail/mission_snapshot__traits.hpp
-- Symlinking: /home/yanjiun68/workspace/Turtlesim_lc_demo/install/turtlesim_lc_interfaces/include/turtlesim_lc_interfaces/turtlesim_lc_interfaces/msg/detail/mission_snapshot__type_support.hpp
-- Symlinking: /home/yanjiun68/workspace/Turtlesim_lc_demo/install/turtlesim_lc_interfaces/include/turtlesim_lc_interfaces/turtlesim_lc_interfaces/msg/mission_snapshot.hpp
-- Symlinking: /home/yanjiun68/workspace/Turtlesim_lc_demo/install/turtlesim_lc_interfaces/include/turtlesim_lc_interfaces/turtlesim_lc_interfaces/msg/rosidl_generator_cpp__visibility_control.hpp
-- Symlinking: /home/yanjiun68/workspace/Turtlesim_lc_demo/install/turtlesim_lc_interfaces/include/turtlesim_lc_interfaces/turtlesim_lc_interfaces/msg/detail/mission_snapshot__rosidl_typesupport_fastrtps_cpp.hpp
-- Symlinking: /home/yanjiun68/workspace/Turtlesim_lc_demo/install/turtlesim_lc_interfaces/include/turtlesim_lc_interfaces/turtlesim_lc_interfaces/msg/rosidl_typesupport_fastrtps_cpp__visibility_control.h
-- Symlinking: /home/yanjiun68/workspace/Turtlesim_lc_demo/install/turtlesim_lc_interfaces/include/turtlesim_lc_interfaces/turtlesim_lc_interfaces/msg/detail/mission_snapshot__rosidl_typesupport_introspection_cpp.hpp
-- Symlinking: /home/yanjiun68/workspace/Turtlesim_lc_demo/install/turtlesim_lc_interfaces/share/turtlesim_lc_interfaces/environment/pythonpath.sh
-- Symlinking: /home/yanjiun68/workspace/Turtlesim_lc_demo/install/turtlesim_lc_interfaces/share/turtlesim_lc_interfaces/environment/pythonpath.dsv
-- Symlinking: /home/yanjiun68/workspace/Turtlesim_lc_demo/install/turtlesim_lc_interfaces/local/lib/python3.10/dist-packages/turtlesim_lc_interfaces-0.0.1-py3.10.egg-info/PKG-INFO
-- Symlinking: /home/yanjiun68/workspace/Turtlesim_lc_demo/install/turtlesim_lc_interfaces/local/lib/python3.10/dist-packages/turtlesim_lc_interfaces-0.0.1-py3.10.egg-info/SOURCES.txt
-- Symlinking: /home/yanjiun68/workspace/Turtlesim_lc_demo/install/turtlesim_lc_interfaces/local/lib/python3.10/dist-packages/turtlesim_lc_interfaces-0.0.1-py3.10.egg-info/dependency_links.txt
-- Symlinking: /home/yanjiun68/workspace/Turtlesim_lc_demo/install/turtlesim_lc_interfaces/local/lib/python3.10/dist-packages/turtlesim_lc_interfaces-0.0.1-py3.10.egg-info/top_level.txt
-- Symlinking: /home/yanjiun68/workspace/Turtlesim_lc_demo/install/turtlesim_lc_interfaces/local/lib/python3.10/dist-packages/turtlesim_lc_interfaces/__init__.py
-- Symlinking: /home/yanjiun68/workspace/Turtlesim_lc_demo/install/turtlesim_lc_interfaces/local/lib/python3.10/dist-packages/turtlesim_lc_interfaces/_turtlesim_lc_interfaces_s.ep.rosidl_typesupport_c.c
-- Symlinking: /home/yanjiun68/workspace/Turtlesim_lc_demo/install/turtlesim_lc_interfaces/local/lib/python3.10/dist-packages/turtlesim_lc_interfaces/_turtlesim_lc_interfaces_s.ep.rosidl_typesupport_fastrtps_c.c
-- Symlinking: /home/yanjiun68/workspace/Turtlesim_lc_demo/install/turtlesim_lc_interfaces/local/lib/python3.10/dist-packages/turtlesim_lc_interfaces/_turtlesim_lc_interfaces_s.ep.rosidl_typesupport_introspection_c.c
-- Symlinking: /home/yanjiun68/workspace/Turtlesim_lc_demo/install/turtlesim_lc_interfaces/local/lib/python3.10/dist-packages/turtlesim_lc_interfaces/libturtlesim_lc_interfaces__rosidl_generator_py.so
-- Symlinking: /home/yanjiun68/workspace/Turtlesim_lc_demo/install/turtlesim_lc_interfaces/local/lib/python3.10/dist-packages/turtlesim_lc_interfaces/msg/__init__.py
-- Symlinking: /home/yanjiun68/workspace/Turtlesim_lc_demo/install/turtlesim_lc_interfaces/local/lib/python3.10/dist-packages/turtlesim_lc_interfaces/msg/_mission_snapshot.py
-- Symlinking: /home/yanjiun68/workspace/Turtlesim_lc_demo/install/turtlesim_lc_interfaces/local/lib/python3.10/dist-packages/turtlesim_lc_interfaces/msg/_mission_snapshot_s.c
-- Symlinking: /home/yanjiun68/workspace/Turtlesim_lc_demo/install/turtlesim_lc_interfaces/local/lib/python3.10/dist-packages/turtlesim_lc_interfaces/turtlesim_lc_interfaces_s__rosidl_typesupport_c.cpython-310-x86_64-linux-gnu.so
-- Symlinking: /home/yanjiun68/workspace/Turtlesim_lc_demo/install/turtlesim_lc_interfaces/local/lib/python3.10/dist-packages/turtlesim_lc_interfaces/turtlesim_lc_interfaces_s__rosidl_typesupport_fastrtps_c.cpython-310-x86_64-linux-gnu.so
-- Symlinking: /home/yanjiun68/workspace/Turtlesim_lc_demo/install/turtlesim_lc_interfaces/local/lib/python3.10/dist-packages/turtlesim_lc_interfaces/turtlesim_lc_interfaces_s__rosidl_typesupport_introspection_c.cpython-310-x86_64-linux-gnu.so
-- Up-to-date symlink: /home/yanjiun68/workspace/Turtlesim_lc_demo/install/turtlesim_lc_interfaces/local/lib/python3.10/dist-packages/turtlesim_lc_interfaces/turtlesim_lc_interfaces_s__rosidl_typesupport_fastrtps_c.cpython-310-x86_64-linux-gnu.so
-- Up-to-date symlink: /home/yanjiun68/workspace/Turtlesim_lc_demo/install/turtlesim_lc_interfaces/local/lib/python3.10/dist-packages/turtlesim_lc_interfaces/turtlesim_lc_interfaces_s__rosidl_typesupport_introspection_c.cpython-310-x86_64-linux-gnu.so
-- Up-to-date symlink: /home/yanjiun68/workspace/Turtlesim_lc_demo/install/turtlesim_lc_interfaces/local/lib/python3.10/dist-packages/turtlesim_lc_interfaces/turtlesim_lc_interfaces_s__rosidl_typesupport_c.cpython-310-x86_64-linux-gnu.so
-- Symlinking: /home/yanjiun68/workspace/Turtlesim_lc_demo/install/turtlesim_lc_interfaces/share/turtlesim_lc_interfaces/msg/MissionSnapshot.idl
-- Symlinking: /home/yanjiun68/workspace/Turtlesim_lc_demo/install/turtlesim_lc_interfaces/share/turtlesim_lc_interfaces/msg/MissionSnapshot.msg
-- Symlinking: /home/yanjiun68/workspace/Turtlesim_lc_demo/install/turtlesim_lc_interfaces/share/ament_index/resource_index/package_run_dependencies/turtlesim_lc_interfaces
-- Symlinking: /home/yanjiun68/workspace/Turtlesim_lc_demo/install/turtlesim_lc_interfaces/share/ament_index/resource_index/parent_prefix_path/turtlesim_lc_interfaces
-- Symlinking: /home/yanjiun68/workspace/Turtlesim_lc_demo/install/turtlesim_lc_interfaces/share/turtlesim_lc_interfaces/environment/ament_prefix_path.sh
-- Symlinking: /home/yanjiun68/workspace/Turtlesim_lc_demo/install/turtlesim_lc_interfaces/share/turtlesim_lc_interfaces/environment/ament_prefix_path.dsv
-- Symlinking: /home/yanjiun68/workspace/Turtlesim_lc_demo/install/turtlesim_lc_interfaces/share/turtlesim_lc_interfaces/environment/path.sh
-- Symlinking: /home/yanjiun68/workspace/Turtlesim_lc_demo/install/turtlesim_lc_interfaces/share/turtlesim_lc_interfaces/environment/path.dsv
-- Symlinking: /home/yanjiun68/workspace/Turtlesim_lc_demo/install/turtlesim_lc_interfaces/share/turtlesim_lc_interfaces/local_setup.bash
-- Symlinking: /home/yanjiun68/workspace/Turtlesim_lc_demo/install/turtlesim_lc_interfaces/share/turtlesim_lc_interfaces/local_setup.sh
-- Symlinking: /home/yanjiun68/workspace/Turtlesim_lc_demo/install/turtlesim_lc_interfaces/share/turtlesim_lc_interfaces/local_setup.zsh
-- Symlinking: /home/yanjiun68/workspace/Turtlesim_lc_demo/install/turtlesim_lc_interfaces/share/turtlesim_lc_interfaces/local_setup.dsv
-- Symlinking: /home/yanjiun68/workspace/Turtlesim_lc_demo/install/turtlesim_lc_interfaces/share/turtlesim_lc_interfaces/package.dsv
-- Symlinking: /home/yanjiun68/workspace/Turtlesim_lc_demo/install/turtlesim_lc_interfaces/share/ament_index/resource_index/packages/turtlesim_lc_interfaces
-- Symlinking: /home/yanjiun68/workspace/Turtlesim_lc_demo/install/turtlesim_lc_interfaces/share/turtlesim_lc_interfaces/cmake/rosidl_cmake-extras.cmake
-- Symlinking: /home/yanjiun68/workspace/Turtlesim_lc_demo/install/turtlesim_lc_interfaces/share/turtlesim_lc_interfaces/cmake/ament_cmake_export_dependencies-extras.cmake
-- Symlinking: /home/yanjiun68/workspace/Turtlesim_lc_demo/install/turtlesim_lc_interfaces/share/turtlesim_lc_interfaces/cmake/ament_cmake_export_include_directories-extras.cmake
-- Symlinking: /home/yanjiun68/workspace/Turtlesim_lc_demo/install/turtlesim_lc_interfaces/share/turtlesim_lc_interfaces/cmake/ament_cmake_export_libraries-extras.cmake
-- Symlinking: /home/yanjiun68/workspace/Turtlesim_lc_demo/install/turtlesim_lc_interfaces/share/turtlesim_lc_interfaces/cmake/ament_cmake_export_targets-extras.cmake
-- Symlinking: /home/yanjiun68/workspace/Turtlesim_lc_demo/install/turtlesim_lc_interfaces/share/turtlesim_lc_interfaces/cmake/rosidl_cmake_export_typesupport_targets-extras.cmake
-- Symlinking: /home/yanjiun68/workspace/Turtlesim_lc_demo/install/turtlesim_lc_interfaces/share/turtlesim_lc_interfaces/cmake/rosidl_cmake_export_typesupport_libraries-extras.cmake
-- Symlinking: /home/yanjiun68/workspace/Turtlesim_lc_demo/install/turtlesim_lc_interfaces/share/turtlesim_lc_interfaces/cmake/turtlesim_lc_interfacesConfig.cmake
-- Symlinking: /home/yanjiun68/workspace/Turtlesim_lc_demo/install/turtlesim_lc_interfaces/share/turtlesim_lc_interfaces/cmake/turtlesim_lc_interfacesConfig-version.cmake
-- Symlinking: /home/yanjiun68/workspace/Turtlesim_lc_demo/install/turtlesim_lc_interfaces/share/turtlesim_lc_interfaces/package.xml
-- Installing: /home/yanjiun68/workspace/Turtlesim_lc_demo/install/turtlesim_lc_interfaces/lib/libturtlesim_lc_interfaces__rosidl_generator_c.so
-- Set runtime path of "/home/yanjiun68/workspace/Turtlesim_lc_demo/install/turtlesim_lc_interfaces/lib/libturtlesim_lc_interfaces__rosidl_generator_c.so" to ""
-- Installing: /home/yanjiun68/workspace/Turtlesim_lc_demo/install/turtlesim_lc_interfaces/lib/libturtlesim_lc_interfaces__rosidl_typesupport_fastrtps_c.so
-- Set runtime path of "/home/yanjiun68/workspace/Turtlesim_lc_demo/install/turtlesim_lc_interfaces/lib/libturtlesim_lc_interfaces__rosidl_typesupport_fastrtps_c.so" to ""
-- Installing: /home/yanjiun68/workspace/Turtlesim_lc_demo/install/turtlesim_lc_interfaces/lib/libturtlesim_lc_interfaces__rosidl_typesupport_introspection_c.so
-- Set runtime path of "/home/yanjiun68/workspace/Turtlesim_lc_demo/install/turtlesim_lc_interfaces/lib/libturtlesim_lc_interfaces__rosidl_typesupport_introspection_c.so" to ""
-- Installing: /home/yanjiun68/workspace/Turtlesim_lc_demo/install/turtlesim_lc_interfaces/lib/libturtlesim_lc_interfaces__rosidl_typesupport_c.so
-- Set runtime path of "/home/yanjiun68/workspace/Turtlesim_lc_demo/install/turtlesim_lc_interfaces/lib/libturtlesim_lc_interfaces__rosidl_typesupport_c.so" to ""
-- Installing: /home/yanjiun68/workspace/Turtlesim_lc_demo/install/turtlesim_lc_interfaces/lib/libturtlesim_lc_interfaces__rosidl_typesupport_fastrtps_cpp.so
-- Set runtime path of "/home/yanjiun68/workspace/Turtlesim_lc_demo/install/turtlesim_lc_interfaces/lib/libturtlesim_lc_interfaces__rosidl_typesupport_fastrtps_cpp.so" to ""
-- Installing: /home/yanjiun68/workspace/Turtlesim_lc_demo/install/turtlesim_lc_interfaces/lib/libturtlesim_lc_interfaces__rosidl_typesupport_introspection_cpp.so
-- Set runtime path of "/home/yanjiun68/workspace/Turtlesim_lc_demo/install/turtlesim_lc_interfaces/lib/libturtlesim_lc_interfaces__rosidl_typesupport_introspection_cpp.so" to ""
-- Installing: /home/yanjiun68/workspace/Turtlesim_lc_demo/install/turtlesim_lc_interfaces/lib/libturtlesim_lc_interfaces__rosidl_typesupport_cpp.so
-- Set runtime path of "/home/yanjiun68/workspace/Turtlesim_lc_demo/install/turtlesim_lc_interfaces/lib/libturtlesim_lc_interfaces__rosidl_typesupport_cpp.so" to ""
Listing '/home/yanjiun68/workspace/Turtlesim_lc_demo/install/turtlesim_lc_interfaces/local/lib/python3.10/dist-packages/turtlesim_lc_interfaces'...
Compiling '/home/yanjiun68/workspace/Turtlesim_lc_demo/install/turtlesim_lc_interfaces/local/lib/python3.10/dist-packages/turtlesim_lc_interfaces/__init__.py'...
Listing '/home/yanjiun68/workspace/Turtlesim_lc_demo/install/turtlesim_lc_interfaces/local/lib/python3.10/dist-packages/turtlesim_lc_interfaces/msg'...
Compiling '/home/yanjiun68/workspace/Turtlesim_lc_demo/install/turtlesim_lc_interfaces/local/lib/python3.10/dist-packages/turtlesim_lc_interfaces/msg/__init__.py'...
Compiling '/home/yanjiun68/workspace/Turtlesim_lc_demo/install/turtlesim_lc_interfaces/local/lib/python3.10/dist-packages/turtlesim_lc_interfaces/msg/_mission_snapshot.py'...
-- Installing: /home/yanjiun68/workspace/Turtlesim_lc_demo/install/turtlesim_lc_interfaces/lib/libturtlesim_lc_interfaces__rosidl_generator_py.so
-- Set runtime path of "/home/yanjiun68/workspace/Turtlesim_lc_demo/install/turtlesim_lc_interfaces/lib/libturtlesim_lc_interfaces__rosidl_generator_py.so" to ""
-- Installing: /home/yanjiun68/workspace/Turtlesim_lc_demo/install/turtlesim_lc_interfaces/share/turtlesim_lc_interfaces/cmake/export_turtlesim_lc_interfaces__rosidl_generator_cExport.cmake
-- Installing: /home/yanjiun68/workspace/Turtlesim_lc_demo/install/turtlesim_lc_interfaces/share/turtlesim_lc_interfaces/cmake/export_turtlesim_lc_interfaces__rosidl_generator_cExport-noconfig.cmake
-- Installing: /home/yanjiun68/workspace/Turtlesim_lc_demo/install/turtlesim_lc_interfaces/share/turtlesim_lc_interfaces/cmake/export_turtlesim_lc_interfaces__rosidl_typesupport_fastrtps_cExport.cmake
-- Installing: /home/yanjiun68/workspace/Turtlesim_lc_demo/install/turtlesim_lc_interfaces/share/turtlesim_lc_interfaces/cmake/export_turtlesim_lc_interfaces__rosidl_typesupport_fastrtps_cExport-noconfig.cmake
-- Installing: /home/yanjiun68/workspace/Turtlesim_lc_demo/install/turtlesim_lc_interfaces/share/turtlesim_lc_interfaces/cmake/turtlesim_lc_interfaces__rosidl_typesupport_introspection_cExport.cmake
-- Installing: /home/yanjiun68/workspace/Turtlesim_lc_demo/install/turtlesim_lc_interfaces/share/turtlesim_lc_interfaces/cmake/turtlesim_lc_interfaces__rosidl_typesupport_introspection_cExport-noconfig.cmake
-- Installing: /home/yanjiun68/workspace/Turtlesim_lc_demo/install/turtlesim_lc_interfaces/share/turtlesim_lc_interfaces/cmake/turtlesim_lc_interfaces__rosidl_typesupport_cExport.cmake
-- Installing: /home/yanjiun68/workspace/Turtlesim_lc_demo/install/turtlesim_lc_interfaces/share/turtlesim_lc_interfaces/cmake/turtlesim_lc_interfaces__rosidl_typesupport_cExport-noconfig.cmake
-- Installing: /home/yanjiun68/workspace/Turtlesim_lc_demo/install/turtlesim_lc_interfaces/share/turtlesim_lc_interfaces/cmake/export_turtlesim_lc_interfaces__rosidl_generator_cppExport.cmake
-- Installing: /home/yanjiun68/workspace/Turtlesim_lc_demo/install/turtlesim_lc_interfaces/share/turtlesim_lc_interfaces/cmake/export_turtlesim_lc_interfaces__rosidl_typesupport_fastrtps_cppExport.cmake
-- Installing: /home/yanjiun68/workspace/Turtlesim_lc_demo/install/turtlesim_lc_interfaces/share/turtlesim_lc_interfaces/cmake/export_turtlesim_lc_interfaces__rosidl_typesupport_fastrtps_cppExport-noconfig.cmake
-- Installing: /home/yanjiun68/workspace/Turtlesim_lc_demo/install/turtlesim_lc_interfaces/share/turtlesim_lc_interfaces/cmake/turtlesim_lc_interfaces__rosidl_typesupport_introspection_cppExport.cmake
-- Installing: /home/yanjiun68/workspace/Turtlesim_lc_demo/install/turtlesim_lc_interfaces/share/turtlesim_lc_interfaces/cmake/turtlesim_lc_interfaces__rosidl_typesupport_introspection_cppExport-noconfig.cmake
-- Installing: /home/yanjiun68/workspace/Turtlesim_lc_demo/install/turtlesim_lc_interfaces/share/turtlesim_lc_interfaces/cmake/turtlesim_lc_interfaces__rosidl_typesupport_cppExport.cmake
-- Installing: /home/yanjiun68/workspace/Turtlesim_lc_demo/install/turtlesim_lc_interfaces/share/turtlesim_lc_interfaces/cmake/turtlesim_lc_interfaces__rosidl_typesupport_cppExport-noconfig.cmake
-- Installing: /home/yanjiun68/workspace/Turtlesim_lc_demo/install/turtlesim_lc_interfaces/share/turtlesim_lc_interfaces/cmake/export_turtlesim_lc_interfaces__rosidl_generator_pyExport.cmake
-- Installing: /home/yanjiun68/workspace/Turtlesim_lc_demo/install/turtlesim_lc_interfaces/share/turtlesim_lc_interfaces/cmake/export_turtlesim_lc_interfaces__rosidl_generator_pyExport-noconfig.cmake
