[0.035s] Invoking command in '/home/yanjiun68/workspace/Turtlesim_lc_demo/build/turtlesim_lc_interfaces': CMAKE_PREFIX_PATH=/home/yanjiun68/workspace/putrabot/install/voice:/home/yanjiun68/workspace/putrabot/install/vision:/home/yanjiun68/workspace/putrabot/install/robot_description:/home/yanjiun68/workspace/putrabot/install/realsense2_description:/home/yanjiun68/workspace/putrabot/install/realsense2_camera:/home/yanjiun68/workspace/putrabot/install/realsense2_camera_msgs:/home/yanjiun68/workspace/putrabot/install/putrabot_base:/home/yanjiun68/workspace/putrabot/install/my_robot_nav:/home/yanjiun68/workspace/putrabot/install/lift_moveit_config:/home/yanjiun68/workspace/putrabot/install/lift_description:/home/yanjiun68/workspace/humble_ws/install/undo_path_global_planner:/home/yanjiun68/workspace/humble_ws/install/sr_event_countdown:/home/yanjiun68/workspace/humble_ws/install/sr_conditional:/home/yanjiun68/workspace/humble_ws/install/sm_three_some:/home/yanjiun68/workspace/humble_ws/install/sm_pack_ml:/home/yanjiun68/workspace/humble_ws/install/sm_multi_stage_1:/home/yanjiun68/workspace/humble_ws/install/sm_advanced_recovery_1:/home/yanjiun68/workspace/humble_ws/install/sr_all_events_go:/home/yanjiun68/workspace/humble_ws/install/multirole_sensor_client:/home/yanjiun68/workspace/humble_ws/install/smacc2_msgs:/home/yanjiun68/workspace/humble_ws/install/sm_simple_action_client:/home/yanjiun68/workspace/humble_ws/install/sm_panda_moveit2z_cb_inventory:/home/yanjiun68/workspace/humble_ws/install/sm_panda_cl_moveit2z_cb_inventory:/home/yanjiun68/workspace/humble_ws/install/sm_multithread_test_1:/home/yanjiun68/workspace/humble_ws/install/sm_coretest_transition_speed_1:/home/yanjiun68/workspace/humble_ws/install/sm_cl_ros2_timer_unit_test_1:/home/yanjiun68/workspace/humble_ws/install/sm_cl_keyboard_unit_test_1:/home/yanjiun68/workspace/humble_ws/install/sm_branching:/home/yanjiun68/workspace/humble_ws/install/sm_atomic_subscribers_performance_test:/home/yanjiun68/workspace/humble_ws/install/sm_atomic_performance_trace_1:/home/yanjiun68/workspace/humble_ws/install/sm_atomic_mode_states:/home/yanjiun68/workspace/humble_ws/install/sm_atomic_lifecycle:/home/yanjiun68/workspace/humble_ws/install/sm_atomic_http:/home/yanjiun68/workspace/humble_ws/install/sm_atomic:/home/yanjiun68/workspace/humble_ws/install/ros_timer_client:/home/yanjiun68/workspace/humble_ws/install/pure_spinning_local_planner:/home/yanjiun68/workspace/humble_ws/install/forward_local_planner:/home/yanjiun68/workspace/humble_ws/install/backward_global_planner:/home/yanjiun68/workspace/humble_ws/install/forward_global_planner:/home/yanjiun68/workspace/humble_ws/install/backward_local_planner:/home/yanjiun68/workspace/humble_ws/install/nav2z_planners_common:/home/yanjiun68/workspace/humble_ws/install/nav2z_client:/home/yanjiun68/workspace/putrabot/install/mediapipe_ros:/home/yanjiun68/workspace/putrabot/install/lift_bridge:/opt/ros/humble:/home/yanjiun68/workspace/humble_ws/install/my_robot_moveit_config:/home/yanjiun68/workspace/humble_ws/install/moveit2z_client:/home/yanjiun68/workspace/humble_ws/install/lifecyclenode_client:/home/yanjiun68/workspace/humble_ws/install/keyboard_client:/home/yanjiun68/workspace/humble_ws/install/http_client:/home/yanjiun68/workspace/humble_ws/install/eg_random_generator:/home/yanjiun68/workspace/humble_ws/install/eg_conditional_generator:/home/yanjiun68/workspace/humble_ws/install/cl_ros2_timer:/home/yanjiun68/workspace/humble_ws/install/cl_nav2z:/home/yanjiun68/workspace/humble_ws/install/cl_moveit2z:/home/yanjiun68/workspace/humble_ws/install/cl_keyboard CONDA_PROMPT_MODIFIER=(base) /usr/bin/cmake /home/yanjiun68/workspace/Turtlesim_lc_demo/src/turtlesim_lc_interfaces -DPython3_EXECUTABLE=/usr/bin/python3 -DAMENT_CMAKE_SYMLINK_INSTALL=1 -DCMAKE_INSTALL_PREFIX=/home/yanjiun68/workspace/Turtlesim_lc_demo/install/turtlesim_lc_interfaces
[0.143s] -- The C compiler identification is GNU 11.4.0
[0.243s] -- The CXX compiler identification is GNU 11.4.0
[0.258s] -- Detecting C compiler ABI info
[0.419s] -- Detecting C compiler ABI info - done
[0.432s] -- Check for working C compiler: /usr/bin/cc - skipped
[0.432s] -- Detecting C compile features
[0.433s] -- Detecting C compile features - done
[0.440s] -- Detecting CXX compiler ABI info
[0.653s] -- Detecting CXX compiler ABI info - done
[0.670s] -- Check for working CXX compiler: /usr/bin/c++ - skipped
[0.670s] -- Detecting CXX compile features
[0.671s] -- Detecting CXX compile features - done
[0.684s] -- Found ament_cmake: 1.3.12 (/opt/ros/humble/share/ament_cmake/cmake)
[1.077s] -- Found Python3: /usr/bin/python3 (found version "3.10.12") found components: Interpreter 
[1.232s] -- Override CMake install command with custom implementation using symlinks instead of copying resources
[1.376s] -- Found rosidl_default_generators: 1.2.0 (/opt/ros/humble/share/rosidl_default_generators/cmake)
[1.397s] -- Using all available rosidl_typesupport_c: rosidl_typesupport_fastrtps_c;rosidl_typesupport_introspection_c
[1.421s] -- Found rosidl_adapter: 3.1.8 (/opt/ros/humble/share/rosidl_adapter/cmake)
[1.530s] -- Using all available rosidl_typesupport_cpp: rosidl_typesupport_fastrtps_cpp;rosidl_typesupport_introspection_cpp
[1.632s] -- Found std_msgs: 4.9.0 (/opt/ros/humble/share/std_msgs/cmake)
[1.715s] -- Found geometry_msgs: 4.9.0 (/opt/ros/humble/share/geometry_msgs/cmake)
[2.495s] -- Found ament_cmake_ros: 0.10.0 (/opt/ros/humble/share/ament_cmake_ros/cmake)
[3.139s] -- Using all available rosidl_typesupport_c: rosidl_typesupport_fastrtps_c;rosidl_typesupport_introspection_c
[3.856s] -- Using all available rosidl_typesupport_cpp: rosidl_typesupport_fastrtps_cpp;rosidl_typesupport_introspection_cpp
[3.913s] -- Found PythonInterp: /usr/bin/python3 (found suitable version "3.10.12", minimum required is "3.6") 
[3.923s] -- Found python_cmake_module: 0.10.0 (/opt/ros/humble/share/python_cmake_module/cmake)
[3.995s] -- Found PythonLibs: /usr/lib/x86_64-linux-gnu/libpython3.10.so (found suitable version "3.10.12", minimum required is "3.5") 
[3.995s] -- Using PYTHON_EXECUTABLE: /usr/bin/python3
[3.996s] -- Using PYTHON_INCLUDE_DIRS: /usr/include/python3.10
[3.996s] -- Using PYTHON_LIBRARIES: /usr/lib/x86_64-linux-gnu/libpython3.10.so
[4.049s] -- Found PythonExtra: .so  
[4.309s] -- Configuring done
[4.381s] -- Generating done
[4.421s] -- Build files have been written to: /home/yanjiun68/workspace/Turtlesim_lc_demo/build/turtlesim_lc_interfaces
[4.436s] Invoked command in '/home/yanjiun68/workspace/Turtlesim_lc_demo/build/turtlesim_lc_interfaces' returned '0': CMAKE_PREFIX_PATH=/home/yanjiun68/workspace/putrabot/install/voice:/home/yanjiun68/workspace/putrabot/install/vision:/home/yanjiun68/workspace/putrabot/install/robot_description:/home/yanjiun68/workspace/putrabot/install/realsense2_description:/home/yanjiun68/workspace/putrabot/install/realsense2_camera:/home/yanjiun68/workspace/putrabot/install/realsense2_camera_msgs:/home/yanjiun68/workspace/putrabot/install/putrabot_base:/home/yanjiun68/workspace/putrabot/install/my_robot_nav:/home/yanjiun68/workspace/putrabot/install/lift_moveit_config:/home/yanjiun68/workspace/putrabot/install/lift_description:/home/yanjiun68/workspace/humble_ws/install/undo_path_global_planner:/home/yanjiun68/workspace/humble_ws/install/sr_event_countdown:/home/yanjiun68/workspace/humble_ws/install/sr_conditional:/home/yanjiun68/workspace/humble_ws/install/sm_three_some:/home/yanjiun68/workspace/humble_ws/install/sm_pack_ml:/home/yanjiun68/workspace/humble_ws/install/sm_multi_stage_1:/home/yanjiun68/workspace/humble_ws/install/sm_advanced_recovery_1:/home/yanjiun68/workspace/humble_ws/install/sr_all_events_go:/home/yanjiun68/workspace/humble_ws/install/multirole_sensor_client:/home/yanjiun68/workspace/humble_ws/install/smacc2_msgs:/home/yanjiun68/workspace/humble_ws/install/sm_simple_action_client:/home/yanjiun68/workspace/humble_ws/install/sm_panda_moveit2z_cb_inventory:/home/yanjiun68/workspace/humble_ws/install/sm_panda_cl_moveit2z_cb_inventory:/home/yanjiun68/workspace/humble_ws/install/sm_multithread_test_1:/home/yanjiun68/workspace/humble_ws/install/sm_coretest_transition_speed_1:/home/yanjiun68/workspace/humble_ws/install/sm_cl_ros2_timer_unit_test_1:/home/yanjiun68/workspace/humble_ws/install/sm_cl_keyboard_unit_test_1:/home/yanjiun68/workspace/humble_ws/install/sm_branching:/home/yanjiun68/workspace/humble_ws/install/sm_atomic_subscribers_performance_test:/home/yanjiun68/workspace/humble_ws/install/sm_atomic_performance_trace_1:/home/yanjiun68/workspace/humble_ws/install/sm_atomic_mode_states:/home/yanjiun68/workspace/humble_ws/install/sm_atomic_lifecycle:/home/yanjiun68/workspace/humble_ws/install/sm_atomic_http:/home/yanjiun68/workspace/humble_ws/install/sm_atomic:/home/yanjiun68/workspace/humble_ws/install/ros_timer_client:/home/yanjiun68/workspace/humble_ws/install/pure_spinning_local_planner:/home/yanjiun68/workspace/humble_ws/install/forward_local_planner:/home/yanjiun68/workspace/humble_ws/install/backward_global_planner:/home/yanjiun68/workspace/humble_ws/install/forward_global_planner:/home/yanjiun68/workspace/humble_ws/install/backward_local_planner:/home/yanjiun68/workspace/humble_ws/install/nav2z_planners_common:/home/yanjiun68/workspace/humble_ws/install/nav2z_client:/home/yanjiun68/workspace/putrabot/install/mediapipe_ros:/home/yanjiun68/workspace/putrabot/install/lift_bridge:/opt/ros/humble:/home/yanjiun68/workspace/humble_ws/install/my_robot_moveit_config:/home/yanjiun68/workspace/humble_ws/install/moveit2z_client:/home/yanjiun68/workspace/humble_ws/install/lifecyclenode_client:/home/yanjiun68/workspace/humble_ws/install/keyboard_client:/home/yanjiun68/workspace/humble_ws/install/http_client:/home/yanjiun68/workspace/humble_ws/install/eg_random_generator:/home/yanjiun68/workspace/humble_ws/install/eg_conditional_generator:/home/yanjiun68/workspace/humble_ws/install/cl_ros2_timer:/home/yanjiun68/workspace/humble_ws/install/cl_nav2z:/home/yanjiun68/workspace/humble_ws/install/cl_moveit2z:/home/yanjiun68/workspace/humble_ws/install/cl_keyboard CONDA_PROMPT_MODIFIER=(base) /usr/bin/cmake /home/yanjiun68/workspace/Turtlesim_lc_demo/src/turtlesim_lc_interfaces -DPython3_EXECUTABLE=/usr/bin/python3 -DAMENT_CMAKE_SYMLINK_INSTALL=1 -DCMAKE_INSTALL_PREFIX=/home/yanjiun68/workspace/Turtlesim_lc_demo/install/turtlesim_lc_interfaces
[4.441s] Invoking command in '/home/yanjiun68/workspace/Turtlesim_lc_demo/build/turtlesim_lc_interfaces': CMAKE_PREFIX_PATH=/home/yanjiun68/workspace/putrabot/install/voice:/home/yanjiun68/workspace/putrabot/install/vision:/home/yanjiun68/workspace/putrabot/install/robot_description:/home/yanjiun68/workspace/putrabot/install/realsense2_description:/home/yanjiun68/workspace/putrabot/install/realsense2_camera:/home/yanjiun68/workspace/putrabot/install/realsense2_camera_msgs:/home/yanjiun68/workspace/putrabot/install/putrabot_base:/home/yanjiun68/workspace/putrabot/install/my_robot_nav:/home/yanjiun68/workspace/putrabot/install/lift_moveit_config:/home/yanjiun68/workspace/putrabot/install/lift_description:/home/yanjiun68/workspace/humble_ws/install/undo_path_global_planner:/home/yanjiun68/workspace/humble_ws/install/sr_event_countdown:/home/yanjiun68/workspace/humble_ws/install/sr_conditional:/home/yanjiun68/workspace/humble_ws/install/sm_three_some:/home/yanjiun68/workspace/humble_ws/install/sm_pack_ml:/home/yanjiun68/workspace/humble_ws/install/sm_multi_stage_1:/home/yanjiun68/workspace/humble_ws/install/sm_advanced_recovery_1:/home/yanjiun68/workspace/humble_ws/install/sr_all_events_go:/home/yanjiun68/workspace/humble_ws/install/multirole_sensor_client:/home/yanjiun68/workspace/humble_ws/install/smacc2_msgs:/home/yanjiun68/workspace/humble_ws/install/sm_simple_action_client:/home/yanjiun68/workspace/humble_ws/install/sm_panda_moveit2z_cb_inventory:/home/yanjiun68/workspace/humble_ws/install/sm_panda_cl_moveit2z_cb_inventory:/home/yanjiun68/workspace/humble_ws/install/sm_multithread_test_1:/home/yanjiun68/workspace/humble_ws/install/sm_coretest_transition_speed_1:/home/yanjiun68/workspace/humble_ws/install/sm_cl_ros2_timer_unit_test_1:/home/yanjiun68/workspace/humble_ws/install/sm_cl_keyboard_unit_test_1:/home/yanjiun68/workspace/humble_ws/install/sm_branching:/home/yanjiun68/workspace/humble_ws/install/sm_atomic_subscribers_performance_test:/home/yanjiun68/workspace/humble_ws/install/sm_atomic_performance_trace_1:/home/yanjiun68/workspace/humble_ws/install/sm_atomic_mode_states:/home/yanjiun68/workspace/humble_ws/install/sm_atomic_lifecycle:/home/yanjiun68/workspace/humble_ws/install/sm_atomic_http:/home/yanjiun68/workspace/humble_ws/install/sm_atomic:/home/yanjiun68/workspace/humble_ws/install/ros_timer_client:/home/yanjiun68/workspace/humble_ws/install/pure_spinning_local_planner:/home/yanjiun68/workspace/humble_ws/install/forward_local_planner:/home/yanjiun68/workspace/humble_ws/install/backward_global_planner:/home/yanjiun68/workspace/humble_ws/install/forward_global_planner:/home/yanjiun68/workspace/humble_ws/install/backward_local_planner:/home/yanjiun68/workspace/humble_ws/install/nav2z_planners_common:/home/yanjiun68/workspace/humble_ws/install/nav2z_client:/home/yanjiun68/workspace/putrabot/install/mediapipe_ros:/home/yanjiun68/workspace/putrabot/install/lift_bridge:/opt/ros/humble:/home/yanjiun68/workspace/humble_ws/install/my_robot_moveit_config:/home/yanjiun68/workspace/humble_ws/install/moveit2z_client:/home/yanjiun68/workspace/humble_ws/install/lifecyclenode_client:/home/yanjiun68/workspace/humble_ws/install/keyboard_client:/home/yanjiun68/workspace/humble_ws/install/http_client:/home/yanjiun68/workspace/humble_ws/install/eg_random_generator:/home/yanjiun68/workspace/humble_ws/install/eg_conditional_generator:/home/yanjiun68/workspace/humble_ws/install/cl_ros2_timer:/home/yanjiun68/workspace/humble_ws/install/cl_nav2z:/home/yanjiun68/workspace/humble_ws/install/cl_moveit2z:/home/yanjiun68/workspace/humble_ws/install/cl_keyboard CONDA_PROMPT_MODIFIER=(base) /usr/bin/cmake --build /home/yanjiun68/workspace/Turtlesim_lc_demo/build/turtlesim_lc_interfaces -- -j16 -l16
[4.542s] Consolidate compiler generated dependencies of target turtlesim_lc_interfaces__rosidl_generator_c
[4.572s] [  3%] Built target turtlesim_lc_interfaces__cpp
[4.573s] [ 12%] Built target turtlesim_lc_interfaces__rosidl_generator_c
[4.588s] [ 12%] Built target ament_cmake_python_symlink_turtlesim_lc_interfaces
[4.604s] Consolidate compiler generated dependencies of target turtlesim_lc_interfaces__rosidl_typesupport_cpp
[4.606s] Consolidate compiler generated dependencies of target turtlesim_lc_interfaces__rosidl_typesupport_introspection_cpp
[4.609s] Consolidate compiler generated dependencies of target turtlesim_lc_interfaces__rosidl_typesupport_fastrtps_cpp
[4.619s] Consolidate compiler generated dependencies of target turtlesim_lc_interfaces__rosidl_typesupport_c
[4.622s] Consolidate compiler generated dependencies of target turtlesim_lc_interfaces__rosidl_typesupport_introspection_c
[4.624s] Consolidate compiler generated dependencies of target turtlesim_lc_interfaces__rosidl_typesupport_fastrtps_c
[4.637s] [ 22%] Built target turtlesim_lc_interfaces__rosidl_typesupport_cpp
[4.641s] [ 32%] Built target turtlesim_lc_interfaces__rosidl_typesupport_introspection_cpp
[4.642s] [ 41%] Built target turtlesim_lc_interfaces__rosidl_typesupport_fastrtps_cpp
[4.651s] [ 51%] Built target turtlesim_lc_interfaces__rosidl_typesupport_c
[4.656s] [ 61%] Built target turtlesim_lc_interfaces__rosidl_typesupport_introspection_c
[4.663s] [ 70%] Built target turtlesim_lc_interfaces__rosidl_typesupport_fastrtps_c
[4.716s] [ 70%] Built target turtlesim_lc_interfaces
[4.762s] [ 74%] Generating Python code for ROS interfaces
[5.127s] running egg_info
[5.128s] writing turtlesim_lc_interfaces.egg-info/PKG-INFO
[5.129s] writing dependency_links to turtlesim_lc_interfaces.egg-info/dependency_links.txt
[5.129s] writing top-level names to turtlesim_lc_interfaces.egg-info/top_level.txt
[5.133s] reading manifest file 'turtlesim_lc_interfaces.egg-info/SOURCES.txt'
[5.134s] writing manifest file 'turtlesim_lc_interfaces.egg-info/SOURCES.txt'
[5.183s] [ 74%] Built target ament_cmake_python_build_turtlesim_lc_interfaces_egg
[5.356s] [ 74%] Built target turtlesim_lc_interfaces__py
[5.402s] [ 77%] Building C object CMakeFiles/turtlesim_lc_interfaces__rosidl_generator_py.dir/rosidl_generator_py/turtlesim_lc_interfaces/msg/_mission_snapshot_s.c.o
[5.564s] [ 80%] Linking C shared library rosidl_generator_py/turtlesim_lc_interfaces/libturtlesim_lc_interfaces__rosidl_generator_py.so
[5.663s] [ 80%] Built target turtlesim_lc_interfaces__rosidl_generator_py
[5.722s] [ 83%] Building C object CMakeFiles/turtlesim_lc_interfaces__rosidl_typesupport_fastrtps_c__pyext.dir/rosidl_generator_py/turtlesim_lc_interfaces/_turtlesim_lc_interfaces_s.ep.rosidl_typesupport_fastrtps_c.c.o
[5.724s] [ 87%] Building C object CMakeFiles/turtlesim_lc_interfaces__rosidl_typesupport_c__pyext.dir/rosidl_generator_py/turtlesim_lc_interfaces/_turtlesim_lc_interfaces_s.ep.rosidl_typesupport_c.c.o
[5.725s] [ 90%] Building C object CMakeFiles/turtlesim_lc_interfaces__rosidl_typesupport_introspection_c__pyext.dir/rosidl_generator_py/turtlesim_lc_interfaces/_turtlesim_lc_interfaces_s.ep.rosidl_typesupport_introspection_c.c.o
[5.929s] [ 93%] Linking C shared library rosidl_generator_py/turtlesim_lc_interfaces/turtlesim_lc_interfaces_s__rosidl_typesupport_fastrtps_c.cpython-310-x86_64-linux-gnu.so
[5.929s] [ 96%] Linking C shared library rosidl_generator_py/turtlesim_lc_interfaces/turtlesim_lc_interfaces_s__rosidl_typesupport_introspection_c.cpython-310-x86_64-linux-gnu.so
[5.931s] [100%] Linking C shared library rosidl_generator_py/turtlesim_lc_interfaces/turtlesim_lc_interfaces_s__rosidl_typesupport_c.cpython-310-x86_64-linux-gnu.so
[6.028s] [100%] Built target turtlesim_lc_interfaces__rosidl_typesupport_fastrtps_c__pyext
[6.029s] [100%] Built target turtlesim_lc_interfaces__rosidl_typesupport_c__pyext
[6.030s] [100%] Built target turtlesim_lc_interfaces__rosidl_typesupport_introspection_c__pyext
[6.059s] Invoked command in '/home/yanjiun68/workspace/Turtlesim_lc_demo/build/turtlesim_lc_interfaces' returned '0': CMAKE_PREFIX_PATH=/home/yanjiun68/workspace/putrabot/install/voice:/home/yanjiun68/workspace/putrabot/install/vision:/home/yanjiun68/workspace/putrabot/install/robot_description:/home/yanjiun68/workspace/putrabot/install/realsense2_description:/home/yanjiun68/workspace/putrabot/install/realsense2_camera:/home/yanjiun68/workspace/putrabot/install/realsense2_camera_msgs:/home/yanjiun68/workspace/putrabot/install/putrabot_base:/home/yanjiun68/workspace/putrabot/install/my_robot_nav:/home/yanjiun68/workspace/putrabot/install/lift_moveit_config:/home/yanjiun68/workspace/putrabot/install/lift_description:/home/yanjiun68/workspace/humble_ws/install/undo_path_global_planner:/home/yanjiun68/workspace/humble_ws/install/sr_event_countdown:/home/yanjiun68/workspace/humble_ws/install/sr_conditional:/home/yanjiun68/workspace/humble_ws/install/sm_three_some:/home/yanjiun68/workspace/humble_ws/install/sm_pack_ml:/home/yanjiun68/workspace/humble_ws/install/sm_multi_stage_1:/home/yanjiun68/workspace/humble_ws/install/sm_advanced_recovery_1:/home/yanjiun68/workspace/humble_ws/install/sr_all_events_go:/home/yanjiun68/workspace/humble_ws/install/multirole_sensor_client:/home/yanjiun68/workspace/humble_ws/install/smacc2_msgs:/home/yanjiun68/workspace/humble_ws/install/sm_simple_action_client:/home/yanjiun68/workspace/humble_ws/install/sm_panda_moveit2z_cb_inventory:/home/yanjiun68/workspace/humble_ws/install/sm_panda_cl_moveit2z_cb_inventory:/home/yanjiun68/workspace/humble_ws/install/sm_multithread_test_1:/home/yanjiun68/workspace/humble_ws/install/sm_coretest_transition_speed_1:/home/yanjiun68/workspace/humble_ws/install/sm_cl_ros2_timer_unit_test_1:/home/yanjiun68/workspace/humble_ws/install/sm_cl_keyboard_unit_test_1:/home/yanjiun68/workspace/humble_ws/install/sm_branching:/home/yanjiun68/workspace/humble_ws/install/sm_atomic_subscribers_performance_test:/home/yanjiun68/workspace/humble_ws/install/sm_atomic_performance_trace_1:/home/yanjiun68/workspace/humble_ws/install/sm_atomic_mode_states:/home/yanjiun68/workspace/humble_ws/install/sm_atomic_lifecycle:/home/yanjiun68/workspace/humble_ws/install/sm_atomic_http:/home/yanjiun68/workspace/humble_ws/install/sm_atomic:/home/yanjiun68/workspace/humble_ws/install/ros_timer_client:/home/yanjiun68/workspace/humble_ws/install/pure_spinning_local_planner:/home/yanjiun68/workspace/humble_ws/install/forward_local_planner:/home/yanjiun68/workspace/humble_ws/install/backward_global_planner:/home/yanjiun68/workspace/humble_ws/install/forward_global_planner:/home/yanjiun68/workspace/humble_ws/install/backward_local_planner:/home/yanjiun68/workspace/humble_ws/install/nav2z_planners_common:/home/yanjiun68/workspace/humble_ws/install/nav2z_client:/home/yanjiun68/workspace/putrabot/install/mediapipe_ros:/home/yanjiun68/workspace/putrabot/install/lift_bridge:/opt/ros/humble:/home/yanjiun68/workspace/humble_ws/install/my_robot_moveit_config:/home/yanjiun68/workspace/humble_ws/install/moveit2z_client:/home/yanjiun68/workspace/humble_ws/install/lifecyclenode_client:/home/yanjiun68/workspace/humble_ws/install/keyboard_client:/home/yanjiun68/workspace/humble_ws/install/http_client:/home/yanjiun68/workspace/humble_ws/install/eg_random_generator:/home/yanjiun68/workspace/humble_ws/install/eg_conditional_generator:/home/yanjiun68/workspace/humble_ws/install/cl_ros2_timer:/home/yanjiun68/workspace/humble_ws/install/cl_nav2z:/home/yanjiun68/workspace/humble_ws/install/cl_moveit2z:/home/yanjiun68/workspace/humble_ws/install/cl_keyboard CONDA_PROMPT_MODIFIER=(base) /usr/bin/cmake --build /home/yanjiun68/workspace/Turtlesim_lc_demo/build/turtlesim_lc_interfaces -- -j16 -l16
[6.081s] Invoking command in '/home/yanjiun68/workspace/Turtlesim_lc_demo/build/turtlesim_lc_interfaces': CMAKE_PREFIX_PATH=/home/yanjiun68/workspace/putrabot/install/voice:/home/yanjiun68/workspace/putrabot/install/vision:/home/yanjiun68/workspace/putrabot/install/robot_description:/home/yanjiun68/workspace/putrabot/install/realsense2_description:/home/yanjiun68/workspace/putrabot/install/realsense2_camera:/home/yanjiun68/workspace/putrabot/install/realsense2_camera_msgs:/home/yanjiun68/workspace/putrabot/install/putrabot_base:/home/yanjiun68/workspace/putrabot/install/my_robot_nav:/home/yanjiun68/workspace/putrabot/install/lift_moveit_config:/home/yanjiun68/workspace/putrabot/install/lift_description:/home/yanjiun68/workspace/humble_ws/install/undo_path_global_planner:/home/yanjiun68/workspace/humble_ws/install/sr_event_countdown:/home/yanjiun68/workspace/humble_ws/install/sr_conditional:/home/yanjiun68/workspace/humble_ws/install/sm_three_some:/home/yanjiun68/workspace/humble_ws/install/sm_pack_ml:/home/yanjiun68/workspace/humble_ws/install/sm_multi_stage_1:/home/yanjiun68/workspace/humble_ws/install/sm_advanced_recovery_1:/home/yanjiun68/workspace/humble_ws/install/sr_all_events_go:/home/yanjiun68/workspace/humble_ws/install/multirole_sensor_client:/home/yanjiun68/workspace/humble_ws/install/smacc2_msgs:/home/yanjiun68/workspace/humble_ws/install/sm_simple_action_client:/home/yanjiun68/workspace/humble_ws/install/sm_panda_moveit2z_cb_inventory:/home/yanjiun68/workspace/humble_ws/install/sm_panda_cl_moveit2z_cb_inventory:/home/yanjiun68/workspace/humble_ws/install/sm_multithread_test_1:/home/yanjiun68/workspace/humble_ws/install/sm_coretest_transition_speed_1:/home/yanjiun68/workspace/humble_ws/install/sm_cl_ros2_timer_unit_test_1:/home/yanjiun68/workspace/humble_ws/install/sm_cl_keyboard_unit_test_1:/home/yanjiun68/workspace/humble_ws/install/sm_branching:/home/yanjiun68/workspace/humble_ws/install/sm_atomic_subscribers_performance_test:/home/yanjiun68/workspace/humble_ws/install/sm_atomic_performance_trace_1:/home/yanjiun68/workspace/humble_ws/install/sm_atomic_mode_states:/home/yanjiun68/workspace/humble_ws/install/sm_atomic_lifecycle:/home/yanjiun68/workspace/humble_ws/install/sm_atomic_http:/home/yanjiun68/workspace/humble_ws/install/sm_atomic:/home/yanjiun68/workspace/humble_ws/install/ros_timer_client:/home/yanjiun68/workspace/humble_ws/install/pure_spinning_local_planner:/home/yanjiun68/workspace/humble_ws/install/forward_local_planner:/home/yanjiun68/workspace/humble_ws/install/backward_global_planner:/home/yanjiun68/workspace/humble_ws/install/forward_global_planner:/home/yanjiun68/workspace/humble_ws/install/backward_local_planner:/home/yanjiun68/workspace/humble_ws/install/nav2z_planners_common:/home/yanjiun68/workspace/humble_ws/install/nav2z_client:/home/yanjiun68/workspace/putrabot/install/mediapipe_ros:/home/yanjiun68/workspace/putrabot/install/lift_bridge:/opt/ros/humble:/home/yanjiun68/workspace/humble_ws/install/my_robot_moveit_config:/home/yanjiun68/workspace/humble_ws/install/moveit2z_client:/home/yanjiun68/workspace/humble_ws/install/lifecyclenode_client:/home/yanjiun68/workspace/humble_ws/install/keyboard_client:/home/yanjiun68/workspace/humble_ws/install/http_client:/home/yanjiun68/workspace/humble_ws/install/eg_random_generator:/home/yanjiun68/workspace/humble_ws/install/eg_conditional_generator:/home/yanjiun68/workspace/humble_ws/install/cl_ros2_timer:/home/yanjiun68/workspace/humble_ws/install/cl_nav2z:/home/yanjiun68/workspace/humble_ws/install/cl_moveit2z:/home/yanjiun68/workspace/humble_ws/install/cl_keyboard CONDA_PROMPT_MODIFIER=(base) /usr/bin/cmake --install /home/yanjiun68/workspace/Turtlesim_lc_demo/build/turtlesim_lc_interfaces
[6.100s] -- Install configuration: ""
[6.101s] -- Execute custom install script
[6.101s] -- Symlinking: /home/yanjiun68/workspace/Turtlesim_lc_demo/install/turtlesim_lc_interfaces/share/ament_index/resource_index/rosidl_interfaces/turtlesim_lc_interfaces
[6.118s] -- Symlinking: /home/yanjiun68/workspace/Turtlesim_lc_demo/install/turtlesim_lc_interfaces/include/turtlesim_lc_interfaces/turtlesim_lc_interfaces/msg/detail/mission_snapshot__functions.h
[6.134s] -- Symlinking: /home/yanjiun68/workspace/Turtlesim_lc_demo/install/turtlesim_lc_interfaces/include/turtlesim_lc_interfaces/turtlesim_lc_interfaces/msg/detail/mission_snapshot__struct.h
[6.149s] -- Symlinking: /home/yanjiun68/workspace/Turtlesim_lc_demo/install/turtlesim_lc_interfaces/include/turtlesim_lc_interfaces/turtlesim_lc_interfaces/msg/detail/mission_snapshot__type_support.h
[6.165s] -- Symlinking: /home/yanjiun68/workspace/Turtlesim_lc_demo/install/turtlesim_lc_interfaces/include/turtlesim_lc_interfaces/turtlesim_lc_interfaces/msg/mission_snapshot.h
[6.183s] -- Symlinking: /home/yanjiun68/workspace/Turtlesim_lc_demo/install/turtlesim_lc_interfaces/include/turtlesim_lc_interfaces/turtlesim_lc_interfaces/msg/rosidl_generator_c__visibility_control.h
[6.197s] -- Symlinking: /home/yanjiun68/workspace/Turtlesim_lc_demo/install/turtlesim_lc_interfaces/share/turtlesim_lc_interfaces/environment/library_path.sh
[6.211s] -- Symlinking: /home/yanjiun68/workspace/Turtlesim_lc_demo/install/turtlesim_lc_interfaces/share/turtlesim_lc_interfaces/environment/library_path.dsv
[6.226s] -- Symlinking: /home/yanjiun68/workspace/Turtlesim_lc_demo/install/turtlesim_lc_interfaces/include/turtlesim_lc_interfaces/turtlesim_lc_interfaces/msg/detail/mission_snapshot__rosidl_typesupport_fastrtps_c.h
[6.242s] -- Symlinking: /home/yanjiun68/workspace/Turtlesim_lc_demo/install/turtlesim_lc_interfaces/include/turtlesim_lc_interfaces/turtlesim_lc_interfaces/msg/rosidl_typesupport_fastrtps_c__visibility_control.h
[6.261s] -- Symlinking: /home/yanjiun68/workspace/Turtlesim_lc_demo/install/turtlesim_lc_interfaces/include/turtlesim_lc_interfaces/turtlesim_lc_interfaces/msg/detail/mission_snapshot__rosidl_typesupport_introspection_c.h
[6.282s] -- Symlinking: /home/yanjiun68/workspace/Turtlesim_lc_demo/install/turtlesim_lc_interfaces/include/turtlesim_lc_interfaces/turtlesim_lc_interfaces/msg/rosidl_typesupport_introspection_c__visibility_control.h
[6.304s] -- Symlinking: /home/yanjiun68/workspace/Turtlesim_lc_demo/install/turtlesim_lc_interfaces/include/turtlesim_lc_interfaces/turtlesim_lc_interfaces/msg/detail/mission_snapshot__builder.hpp
[6.322s] -- Symlinking: /home/yanjiun68/workspace/Turtlesim_lc_demo/install/turtlesim_lc_interfaces/include/turtlesim_lc_interfaces/turtlesim_lc_interfaces/msg/detail/mission_snapshot__struct.hpp
[6.343s] -- Symlinking: /home/yanjiun68/workspace/Turtlesim_lc_demo/install/turtlesim_lc_interfaces/include/turtlesim_lc_interfaces/turtlesim_lc_interfaces/msg/detail/mission_snapshot__traits.hpp
[6.361s] -- Symlinking: /home/yanjiun68/workspace/Turtlesim_lc_demo/install/turtlesim_lc_interfaces/include/turtlesim_lc_interfaces/turtlesim_lc_interfaces/msg/detail/mission_snapshot__type_support.hpp
[6.378s] -- Symlinking: /home/yanjiun68/workspace/Turtlesim_lc_demo/install/turtlesim_lc_interfaces/include/turtlesim_lc_interfaces/turtlesim_lc_interfaces/msg/mission_snapshot.hpp
[6.396s] -- Symlinking: /home/yanjiun68/workspace/Turtlesim_lc_demo/install/turtlesim_lc_interfaces/include/turtlesim_lc_interfaces/turtlesim_lc_interfaces/msg/rosidl_generator_cpp__visibility_control.hpp
[6.412s] -- Symlinking: /home/yanjiun68/workspace/Turtlesim_lc_demo/install/turtlesim_lc_interfaces/include/turtlesim_lc_interfaces/turtlesim_lc_interfaces/msg/detail/mission_snapshot__rosidl_typesupport_fastrtps_cpp.hpp
[6.430s] -- Symlinking: /home/yanjiun68/workspace/Turtlesim_lc_demo/install/turtlesim_lc_interfaces/include/turtlesim_lc_interfaces/turtlesim_lc_interfaces/msg/rosidl_typesupport_fastrtps_cpp__visibility_control.h
[6.446s] -- Symlinking: /home/yanjiun68/workspace/Turtlesim_lc_demo/install/turtlesim_lc_interfaces/include/turtlesim_lc_interfaces/turtlesim_lc_interfaces/msg/detail/mission_snapshot__rosidl_typesupport_introspection_cpp.hpp
[6.463s] -- Symlinking: /home/yanjiun68/workspace/Turtlesim_lc_demo/install/turtlesim_lc_interfaces/share/turtlesim_lc_interfaces/environment/pythonpath.sh
[6.479s] -- Symlinking: /home/yanjiun68/workspace/Turtlesim_lc_demo/install/turtlesim_lc_interfaces/share/turtlesim_lc_interfaces/environment/pythonpath.dsv
[6.493s] -- Symlinking: /home/yanjiun68/workspace/Turtlesim_lc_demo/install/turtlesim_lc_interfaces/local/lib/python3.10/dist-packages/turtlesim_lc_interfaces-0.0.1-py3.10.egg-info/PKG-INFO
[6.510s] -- Symlinking: /home/yanjiun68/workspace/Turtlesim_lc_demo/install/turtlesim_lc_interfaces/local/lib/python3.10/dist-packages/turtlesim_lc_interfaces-0.0.1-py3.10.egg-info/SOURCES.txt
[6.526s] -- Symlinking: /home/yanjiun68/workspace/Turtlesim_lc_demo/install/turtlesim_lc_interfaces/local/lib/python3.10/dist-packages/turtlesim_lc_interfaces-0.0.1-py3.10.egg-info/dependency_links.txt
[6.544s] -- Symlinking: /home/yanjiun68/workspace/Turtlesim_lc_demo/install/turtlesim_lc_interfaces/local/lib/python3.10/dist-packages/turtlesim_lc_interfaces-0.0.1-py3.10.egg-info/top_level.txt
[6.563s] -- Symlinking: /home/yanjiun68/workspace/Turtlesim_lc_demo/install/turtlesim_lc_interfaces/local/lib/python3.10/dist-packages/turtlesim_lc_interfaces/__init__.py
[6.579s] -- Symlinking: /home/yanjiun68/workspace/Turtlesim_lc_demo/install/turtlesim_lc_interfaces/local/lib/python3.10/dist-packages/turtlesim_lc_interfaces/_turtlesim_lc_interfaces_s.ep.rosidl_typesupport_c.c
[6.596s] -- Symlinking: /home/yanjiun68/workspace/Turtlesim_lc_demo/install/turtlesim_lc_interfaces/local/lib/python3.10/dist-packages/turtlesim_lc_interfaces/_turtlesim_lc_interfaces_s.ep.rosidl_typesupport_fastrtps_c.c
[6.612s] -- Symlinking: /home/yanjiun68/workspace/Turtlesim_lc_demo/install/turtlesim_lc_interfaces/local/lib/python3.10/dist-packages/turtlesim_lc_interfaces/_turtlesim_lc_interfaces_s.ep.rosidl_typesupport_introspection_c.c
[6.629s] -- Symlinking: /home/yanjiun68/workspace/Turtlesim_lc_demo/install/turtlesim_lc_interfaces/local/lib/python3.10/dist-packages/turtlesim_lc_interfaces/libturtlesim_lc_interfaces__rosidl_generator_py.so
[6.645s] -- Symlinking: /home/yanjiun68/workspace/Turtlesim_lc_demo/install/turtlesim_lc_interfaces/local/lib/python3.10/dist-packages/turtlesim_lc_interfaces/msg/__init__.py
[6.666s] -- Symlinking: /home/yanjiun68/workspace/Turtlesim_lc_demo/install/turtlesim_lc_interfaces/local/lib/python3.10/dist-packages/turtlesim_lc_interfaces/msg/_mission_snapshot.py
[6.688s] -- Symlinking: /home/yanjiun68/workspace/Turtlesim_lc_demo/install/turtlesim_lc_interfaces/local/lib/python3.10/dist-packages/turtlesim_lc_interfaces/msg/_mission_snapshot_s.c
[6.713s] -- Symlinking: /home/yanjiun68/workspace/Turtlesim_lc_demo/install/turtlesim_lc_interfaces/local/lib/python3.10/dist-packages/turtlesim_lc_interfaces/turtlesim_lc_interfaces_s__rosidl_typesupport_c.cpython-310-x86_64-linux-gnu.so
[6.735s] -- Symlinking: /home/yanjiun68/workspace/Turtlesim_lc_demo/install/turtlesim_lc_interfaces/local/lib/python3.10/dist-packages/turtlesim_lc_interfaces/turtlesim_lc_interfaces_s__rosidl_typesupport_fastrtps_c.cpython-310-x86_64-linux-gnu.so
[6.760s] -- Symlinking: /home/yanjiun68/workspace/Turtlesim_lc_demo/install/turtlesim_lc_interfaces/local/lib/python3.10/dist-packages/turtlesim_lc_interfaces/turtlesim_lc_interfaces_s__rosidl_typesupport_introspection_c.cpython-310-x86_64-linux-gnu.so
[6.783s] -- Up-to-date symlink: /home/yanjiun68/workspace/Turtlesim_lc_demo/install/turtlesim_lc_interfaces/local/lib/python3.10/dist-packages/turtlesim_lc_interfaces/turtlesim_lc_interfaces_s__rosidl_typesupport_fastrtps_c.cpython-310-x86_64-linux-gnu.so
[6.784s] -- Up-to-date symlink: /home/yanjiun68/workspace/Turtlesim_lc_demo/install/turtlesim_lc_interfaces/local/lib/python3.10/dist-packages/turtlesim_lc_interfaces/turtlesim_lc_interfaces_s__rosidl_typesupport_introspection_c.cpython-310-x86_64-linux-gnu.so
[6.784s] -- Up-to-date symlink: /home/yanjiun68/workspace/Turtlesim_lc_demo/install/turtlesim_lc_interfaces/local/lib/python3.10/dist-packages/turtlesim_lc_interfaces/turtlesim_lc_interfaces_s__rosidl_typesupport_c.cpython-310-x86_64-linux-gnu.so
[6.784s] -- Symlinking: /home/yanjiun68/workspace/Turtlesim_lc_demo/install/turtlesim_lc_interfaces/share/turtlesim_lc_interfaces/msg/MissionSnapshot.idl
[6.808s] -- Symlinking: /home/yanjiun68/workspace/Turtlesim_lc_demo/install/turtlesim_lc_interfaces/share/turtlesim_lc_interfaces/msg/MissionSnapshot.msg
[6.831s] -- Symlinking: /home/yanjiun68/workspace/Turtlesim_lc_demo/install/turtlesim_lc_interfaces/share/ament_index/resource_index/package_run_dependencies/turtlesim_lc_interfaces
[6.854s] -- Symlinking: /home/yanjiun68/workspace/Turtlesim_lc_demo/install/turtlesim_lc_interfaces/share/ament_index/resource_index/parent_prefix_path/turtlesim_lc_interfaces
[6.876s] -- Symlinking: /home/yanjiun68/workspace/Turtlesim_lc_demo/install/turtlesim_lc_interfaces/share/turtlesim_lc_interfaces/environment/ament_prefix_path.sh
[6.898s] -- Symlinking: /home/yanjiun68/workspace/Turtlesim_lc_demo/install/turtlesim_lc_interfaces/share/turtlesim_lc_interfaces/environment/ament_prefix_path.dsv
[6.922s] -- Symlinking: /home/yanjiun68/workspace/Turtlesim_lc_demo/install/turtlesim_lc_interfaces/share/turtlesim_lc_interfaces/environment/path.sh
[6.947s] -- Symlinking: /home/yanjiun68/workspace/Turtlesim_lc_demo/install/turtlesim_lc_interfaces/share/turtlesim_lc_interfaces/environment/path.dsv
[6.967s] -- Symlinking: /home/yanjiun68/workspace/Turtlesim_lc_demo/install/turtlesim_lc_interfaces/share/turtlesim_lc_interfaces/local_setup.bash
[6.987s] -- Symlinking: /home/yanjiun68/workspace/Turtlesim_lc_demo/install/turtlesim_lc_interfaces/share/turtlesim_lc_interfaces/local_setup.sh
[7.006s] -- Symlinking: /home/yanjiun68/workspace/Turtlesim_lc_demo/install/turtlesim_lc_interfaces/share/turtlesim_lc_interfaces/local_setup.zsh
[7.023s] -- Symlinking: /home/yanjiun68/workspace/Turtlesim_lc_demo/install/turtlesim_lc_interfaces/share/turtlesim_lc_interfaces/local_setup.dsv
[7.042s] -- Symlinking: /home/yanjiun68/workspace/Turtlesim_lc_demo/install/turtlesim_lc_interfaces/share/turtlesim_lc_interfaces/package.dsv
[7.061s] -- Symlinking: /home/yanjiun68/workspace/Turtlesim_lc_demo/install/turtlesim_lc_interfaces/share/ament_index/resource_index/packages/turtlesim_lc_interfaces
[7.076s] -- Symlinking: /home/yanjiun68/workspace/Turtlesim_lc_demo/install/turtlesim_lc_interfaces/share/turtlesim_lc_interfaces/cmake/rosidl_cmake-extras.cmake
[7.092s] -- Symlinking: /home/yanjiun68/workspace/Turtlesim_lc_demo/install/turtlesim_lc_interfaces/share/turtlesim_lc_interfaces/cmake/ament_cmake_export_dependencies-extras.cmake
[7.109s] -- Symlinking: /home/yanjiun68/workspace/Turtlesim_lc_demo/install/turtlesim_lc_interfaces/share/turtlesim_lc_interfaces/cmake/ament_cmake_export_include_directories-extras.cmake
[7.125s] -- Symlinking: /home/yanjiun68/workspace/Turtlesim_lc_demo/install/turtlesim_lc_interfaces/share/turtlesim_lc_interfaces/cmake/ament_cmake_export_libraries-extras.cmake
[7.144s] -- Symlinking: /home/yanjiun68/workspace/Turtlesim_lc_demo/install/turtlesim_lc_interfaces/share/turtlesim_lc_interfaces/cmake/ament_cmake_export_targets-extras.cmake
[7.168s] -- Symlinking: /home/yanjiun68/workspace/Turtlesim_lc_demo/install/turtlesim_lc_interfaces/share/turtlesim_lc_interfaces/cmake/rosidl_cmake_export_typesupport_targets-extras.cmake
[7.191s] -- Symlinking: /home/yanjiun68/workspace/Turtlesim_lc_demo/install/turtlesim_lc_interfaces/share/turtlesim_lc_interfaces/cmake/rosidl_cmake_export_typesupport_libraries-extras.cmake
[7.213s] -- Symlinking: /home/yanjiun68/workspace/Turtlesim_lc_demo/install/turtlesim_lc_interfaces/share/turtlesim_lc_interfaces/cmake/turtlesim_lc_interfacesConfig.cmake
[7.238s] -- Symlinking: /home/yanjiun68/workspace/Turtlesim_lc_demo/install/turtlesim_lc_interfaces/share/turtlesim_lc_interfaces/cmake/turtlesim_lc_interfacesConfig-version.cmake
[7.262s] -- Symlinking: /home/yanjiun68/workspace/Turtlesim_lc_demo/install/turtlesim_lc_interfaces/share/turtlesim_lc_interfaces/package.xml
[7.285s] -- Installing: /home/yanjiun68/workspace/Turtlesim_lc_demo/install/turtlesim_lc_interfaces/lib/libturtlesim_lc_interfaces__rosidl_generator_c.so
[7.285s] -- Set runtime path of "/home/yanjiun68/workspace/Turtlesim_lc_demo/install/turtlesim_lc_interfaces/lib/libturtlesim_lc_interfaces__rosidl_generator_c.so" to ""
[7.285s] -- Installing: /home/yanjiun68/workspace/Turtlesim_lc_demo/install/turtlesim_lc_interfaces/lib/libturtlesim_lc_interfaces__rosidl_typesupport_fastrtps_c.so
[7.286s] -- Set runtime path of "/home/yanjiun68/workspace/Turtlesim_lc_demo/install/turtlesim_lc_interfaces/lib/libturtlesim_lc_interfaces__rosidl_typesupport_fastrtps_c.so" to ""
[7.286s] -- Installing: /home/yanjiun68/workspace/Turtlesim_lc_demo/install/turtlesim_lc_interfaces/lib/libturtlesim_lc_interfaces__rosidl_typesupport_introspection_c.so
[7.286s] -- Set runtime path of "/home/yanjiun68/workspace/Turtlesim_lc_demo/install/turtlesim_lc_interfaces/lib/libturtlesim_lc_interfaces__rosidl_typesupport_introspection_c.so" to ""
[7.286s] -- Installing: /home/yanjiun68/workspace/Turtlesim_lc_demo/install/turtlesim_lc_interfaces/lib/libturtlesim_lc_interfaces__rosidl_typesupport_c.so
[7.286s] -- Set runtime path of "/home/yanjiun68/workspace/Turtlesim_lc_demo/install/turtlesim_lc_interfaces/lib/libturtlesim_lc_interfaces__rosidl_typesupport_c.so" to ""
[7.286s] -- Installing: /home/yanjiun68/workspace/Turtlesim_lc_demo/install/turtlesim_lc_interfaces/lib/libturtlesim_lc_interfaces__rosidl_typesupport_fastrtps_cpp.so
[7.287s] -- Set runtime path of "/home/yanjiun68/workspace/Turtlesim_lc_demo/install/turtlesim_lc_interfaces/lib/libturtlesim_lc_interfaces__rosidl_typesupport_fastrtps_cpp.so" to ""
[7.287s] -- Installing: /home/yanjiun68/workspace/Turtlesim_lc_demo/install/turtlesim_lc_interfaces/lib/libturtlesim_lc_interfaces__rosidl_typesupport_introspection_cpp.so
[7.287s] -- Set runtime path of "/home/yanjiun68/workspace/Turtlesim_lc_demo/install/turtlesim_lc_interfaces/lib/libturtlesim_lc_interfaces__rosidl_typesupport_introspection_cpp.so" to ""
[7.288s] -- Installing: /home/yanjiun68/workspace/Turtlesim_lc_demo/install/turtlesim_lc_interfaces/lib/libturtlesim_lc_interfaces__rosidl_typesupport_cpp.so
[7.288s] -- Set runtime path of "/home/yanjiun68/workspace/Turtlesim_lc_demo/install/turtlesim_lc_interfaces/lib/libturtlesim_lc_interfaces__rosidl_typesupport_cpp.so" to ""
[7.381s] Listing '/home/yanjiun68/workspace/Turtlesim_lc_demo/install/turtlesim_lc_interfaces/local/lib/python3.10/dist-packages/turtlesim_lc_interfaces'...
[7.381s] Compiling '/home/yanjiun68/workspace/Turtlesim_lc_demo/install/turtlesim_lc_interfaces/local/lib/python3.10/dist-packages/turtlesim_lc_interfaces/__init__.py'...
[7.381s] Listing '/home/yanjiun68/workspace/Turtlesim_lc_demo/install/turtlesim_lc_interfaces/local/lib/python3.10/dist-packages/turtlesim_lc_interfaces/msg'...
[7.382s] Compiling '/home/yanjiun68/workspace/Turtlesim_lc_demo/install/turtlesim_lc_interfaces/local/lib/python3.10/dist-packages/turtlesim_lc_interfaces/msg/__init__.py'...
[7.382s] Compiling '/home/yanjiun68/workspace/Turtlesim_lc_demo/install/turtlesim_lc_interfaces/local/lib/python3.10/dist-packages/turtlesim_lc_interfaces/msg/_mission_snapshot.py'...
[7.397s] -- Installing: /home/yanjiun68/workspace/Turtlesim_lc_demo/install/turtlesim_lc_interfaces/lib/libturtlesim_lc_interfaces__rosidl_generator_py.so
[7.403s] -- Set runtime path of "/home/yanjiun68/workspace/Turtlesim_lc_demo/install/turtlesim_lc_interfaces/lib/libturtlesim_lc_interfaces__rosidl_generator_py.so" to ""
[7.403s] -- Installing: /home/yanjiun68/workspace/Turtlesim_lc_demo/install/turtlesim_lc_interfaces/share/turtlesim_lc_interfaces/cmake/export_turtlesim_lc_interfaces__rosidl_generator_cExport.cmake
[7.404s] -- Installing: /home/yanjiun68/workspace/Turtlesim_lc_demo/install/turtlesim_lc_interfaces/share/turtlesim_lc_interfaces/cmake/export_turtlesim_lc_interfaces__rosidl_generator_cExport-noconfig.cmake
[7.404s] -- Installing: /home/yanjiun68/workspace/Turtlesim_lc_demo/install/turtlesim_lc_interfaces/share/turtlesim_lc_interfaces/cmake/export_turtlesim_lc_interfaces__rosidl_typesupport_fastrtps_cExport.cmake
[7.404s] -- Installing: /home/yanjiun68/workspace/Turtlesim_lc_demo/install/turtlesim_lc_interfaces/share/turtlesim_lc_interfaces/cmake/export_turtlesim_lc_interfaces__rosidl_typesupport_fastrtps_cExport-noconfig.cmake
[7.405s] -- Installing: /home/yanjiun68/workspace/Turtlesim_lc_demo/install/turtlesim_lc_interfaces/share/turtlesim_lc_interfaces/cmake/turtlesim_lc_interfaces__rosidl_typesupport_introspection_cExport.cmake
[7.405s] -- Installing: /home/yanjiun68/workspace/Turtlesim_lc_demo/install/turtlesim_lc_interfaces/share/turtlesim_lc_interfaces/cmake/turtlesim_lc_interfaces__rosidl_typesupport_introspection_cExport-noconfig.cmake
[7.405s] -- Installing: /home/yanjiun68/workspace/Turtlesim_lc_demo/install/turtlesim_lc_interfaces/share/turtlesim_lc_interfaces/cmake/turtlesim_lc_interfaces__rosidl_typesupport_cExport.cmake
[7.405s] -- Installing: /home/yanjiun68/workspace/Turtlesim_lc_demo/install/turtlesim_lc_interfaces/share/turtlesim_lc_interfaces/cmake/turtlesim_lc_interfaces__rosidl_typesupport_cExport-noconfig.cmake
[7.406s] -- Installing: /home/yanjiun68/workspace/Turtlesim_lc_demo/install/turtlesim_lc_interfaces/share/turtlesim_lc_interfaces/cmake/export_turtlesim_lc_interfaces__rosidl_generator_cppExport.cmake
[7.406s] -- Installing: /home/yanjiun68/workspace/Turtlesim_lc_demo/install/turtlesim_lc_interfaces/share/turtlesim_lc_interfaces/cmake/export_turtlesim_lc_interfaces__rosidl_typesupport_fastrtps_cppExport.cmake
[7.406s] -- Installing: /home/yanjiun68/workspace/Turtlesim_lc_demo/install/turtlesim_lc_interfaces/share/turtlesim_lc_interfaces/cmake/export_turtlesim_lc_interfaces__rosidl_typesupport_fastrtps_cppExport-noconfig.cmake
[7.407s] -- Installing: /home/yanjiun68/workspace/Turtlesim_lc_demo/install/turtlesim_lc_interfaces/share/turtlesim_lc_interfaces/cmake/turtlesim_lc_interfaces__rosidl_typesupport_introspection_cppExport.cmake
[7.407s] -- Installing: /home/yanjiun68/workspace/Turtlesim_lc_demo/install/turtlesim_lc_interfaces/share/turtlesim_lc_interfaces/cmake/turtlesim_lc_interfaces__rosidl_typesupport_introspection_cppExport-noconfig.cmake
[7.407s] -- Installing: /home/yanjiun68/workspace/Turtlesim_lc_demo/install/turtlesim_lc_interfaces/share/turtlesim_lc_interfaces/cmake/turtlesim_lc_interfaces__rosidl_typesupport_cppExport.cmake
[7.407s] -- Installing: /home/yanjiun68/workspace/Turtlesim_lc_demo/install/turtlesim_lc_interfaces/share/turtlesim_lc_interfaces/cmake/turtlesim_lc_interfaces__rosidl_typesupport_cppExport-noconfig.cmake
[7.408s] -- Installing: /home/yanjiun68/workspace/Turtlesim_lc_demo/install/turtlesim_lc_interfaces/share/turtlesim_lc_interfaces/cmake/export_turtlesim_lc_interfaces__rosidl_generator_pyExport.cmake
[7.408s] -- Installing: /home/yanjiun68/workspace/Turtlesim_lc_demo/install/turtlesim_lc_interfaces/share/turtlesim_lc_interfaces/cmake/export_turtlesim_lc_interfaces__rosidl_generator_pyExport-noconfig.cmake
[7.415s] Invoked command in '/home/yanjiun68/workspace/Turtlesim_lc_demo/build/turtlesim_lc_interfaces' returned '0': CMAKE_PREFIX_PATH=/home/yanjiun68/workspace/putrabot/install/voice:/home/yanjiun68/workspace/putrabot/install/vision:/home/yanjiun68/workspace/putrabot/install/robot_description:/home/yanjiun68/workspace/putrabot/install/realsense2_description:/home/yanjiun68/workspace/putrabot/install/realsense2_camera:/home/yanjiun68/workspace/putrabot/install/realsense2_camera_msgs:/home/yanjiun68/workspace/putrabot/install/putrabot_base:/home/yanjiun68/workspace/putrabot/install/my_robot_nav:/home/yanjiun68/workspace/putrabot/install/lift_moveit_config:/home/yanjiun68/workspace/putrabot/install/lift_description:/home/yanjiun68/workspace/humble_ws/install/undo_path_global_planner:/home/yanjiun68/workspace/humble_ws/install/sr_event_countdown:/home/yanjiun68/workspace/humble_ws/install/sr_conditional:/home/yanjiun68/workspace/humble_ws/install/sm_three_some:/home/yanjiun68/workspace/humble_ws/install/sm_pack_ml:/home/yanjiun68/workspace/humble_ws/install/sm_multi_stage_1:/home/yanjiun68/workspace/humble_ws/install/sm_advanced_recovery_1:/home/yanjiun68/workspace/humble_ws/install/sr_all_events_go:/home/yanjiun68/workspace/humble_ws/install/multirole_sensor_client:/home/yanjiun68/workspace/humble_ws/install/smacc2_msgs:/home/yanjiun68/workspace/humble_ws/install/sm_simple_action_client:/home/yanjiun68/workspace/humble_ws/install/sm_panda_moveit2z_cb_inventory:/home/yanjiun68/workspace/humble_ws/install/sm_panda_cl_moveit2z_cb_inventory:/home/yanjiun68/workspace/humble_ws/install/sm_multithread_test_1:/home/yanjiun68/workspace/humble_ws/install/sm_coretest_transition_speed_1:/home/yanjiun68/workspace/humble_ws/install/sm_cl_ros2_timer_unit_test_1:/home/yanjiun68/workspace/humble_ws/install/sm_cl_keyboard_unit_test_1:/home/yanjiun68/workspace/humble_ws/install/sm_branching:/home/yanjiun68/workspace/humble_ws/install/sm_atomic_subscribers_performance_test:/home/yanjiun68/workspace/humble_ws/install/sm_atomic_performance_trace_1:/home/yanjiun68/workspace/humble_ws/install/sm_atomic_mode_states:/home/yanjiun68/workspace/humble_ws/install/sm_atomic_lifecycle:/home/yanjiun68/workspace/humble_ws/install/sm_atomic_http:/home/yanjiun68/workspace/humble_ws/install/sm_atomic:/home/yanjiun68/workspace/humble_ws/install/ros_timer_client:/home/yanjiun68/workspace/humble_ws/install/pure_spinning_local_planner:/home/yanjiun68/workspace/humble_ws/install/forward_local_planner:/home/yanjiun68/workspace/humble_ws/install/backward_global_planner:/home/yanjiun68/workspace/humble_ws/install/forward_global_planner:/home/yanjiun68/workspace/humble_ws/install/backward_local_planner:/home/yanjiun68/workspace/humble_ws/install/nav2z_planners_common:/home/yanjiun68/workspace/humble_ws/install/nav2z_client:/home/yanjiun68/workspace/putrabot/install/mediapipe_ros:/home/yanjiun68/workspace/putrabot/install/lift_bridge:/opt/ros/humble:/home/yanjiun68/workspace/humble_ws/install/my_robot_moveit_config:/home/yanjiun68/workspace/humble_ws/install/moveit2z_client:/home/yanjiun68/workspace/humble_ws/install/lifecyclenode_client:/home/yanjiun68/workspace/humble_ws/install/keyboard_client:/home/yanjiun68/workspace/humble_ws/install/http_client:/home/yanjiun68/workspace/humble_ws/install/eg_random_generator:/home/yanjiun68/workspace/humble_ws/install/eg_conditional_generator:/home/yanjiun68/workspace/humble_ws/install/cl_ros2_timer:/home/yanjiun68/workspace/humble_ws/install/cl_nav2z:/home/yanjiun68/workspace/humble_ws/install/cl_moveit2z:/home/yanjiun68/workspace/humble_ws/install/cl_keyboard CONDA_PROMPT_MODIFIER=(base) /usr/bin/cmake --install /home/yanjiun68/workspace/Turtlesim_lc_demo/build/turtlesim_lc_interfaces
