In file included from /opt/ros/humble/include/smacc2/smacc_state_machine.hpp:244,
                 from /opt/ros/humble/include/smacc2/impl/smacc_asynchronous_client_behavior_impl.hpp:23,
                 from /opt/ros/humble/include/smacc2/smacc_asynchronous_client_behavior.hpp:116,
                 from /opt/ros/humble/include/smacc2/smacc.hpp:22,
                 from /home/yanjiun68/workspace/Turtlesim_lc_demo/src/sm_turtlesim_lc_demo/include/sm_turtlesim_lc_demo/sm_turtlesim_lc_demo.hpp:3,
                 from /home/yanjiun68/workspace/Turtlesim_lc_demo/src/sm_turtlesim_lc_demo/src/sm_turtlesim_lc_demo_node.cpp:1:
/opt/ros/humble/include/smacc2/impl/smacc_orthogonal_impl.hpp: In instantiation of ‘void smacc2::ISmaccOrthogonal::assignClientToOrthogonal(TClient*) [with TOrthogonal = sm_turtlesim_lc_demo::OrLifecycleManager; TClient = sm_turtlesim_lc_demo::ClLifecycleManager]’:
/opt/ros/humble/include/smacc2/impl/smacc_orthogonal_impl.hpp:186:66:   required from ‘std::shared_ptr<smacc2::ClientHandler<TOrthogonal, TClient> > smacc2::Orthogonal<TOrthogonal>::createClient(TArgs ...) [with TClient = sm_turtlesim_lc_demo::ClLifecycleManager; TArgs = {}; TOrthogonal = sm_turtlesim_lc_demo::OrLifecycleManager]’
/home/yanjiun68/workspace/Turtlesim_lc_demo/src/sm_turtlesim_lc_demo/include/sm_turtlesim_lc_demo/orthogonals/or_lifecycle_manager.hpp:14:43:   required from here
/opt/ros/humble/include/smacc2/impl/smacc_orthogonal_impl.hpp:87:64: warning: ‘void smacc2::ISmaccClient::onOrthogonalAllocation() [with TOrthogonal = sm_turtlesim_lc_demo::OrLifecycleManager; TSourceObject = sm_turtlesim_lc_demo::ClLifecycleManager]’ is deprecated: Use onStateOrthogonalAllocation instead. onOrthogonalAllocation will be removed in future versions. [-Wdeprecated-declarations]
   87 |   client->template onOrthogonalAllocation<TOrthogonal, TClient>();
      |   ~~~~~~~~~~~~~~~~~~~~~~~~~~~~~~~~~~~~~~~~~~~~~~~~~~~~~~~~~~~~~^~
In file included from /opt/ros/humble/include/smacc2/impl/smacc_state_machine_impl.hpp:28,
                 from /opt/ros/humble/include/smacc2/impl/smacc_client_impl.hpp:23,
                 from /opt/ros/humble/include/smacc2/smacc_state_machine.hpp:242,
                 from /opt/ros/humble/include/smacc2/impl/smacc_asynchronous_client_behavior_impl.hpp:23,
                 from /opt/ros/humble/include/smacc2/smacc_asynchronous_client_behavior.hpp:116,
                 from /opt/ros/humble/include/smacc2/smacc.hpp:22,
                 from /home/yanjiun68/workspace/Turtlesim_lc_demo/src/sm_turtlesim_lc_demo/include/sm_turtlesim_lc_demo/sm_turtlesim_lc_demo.hpp:3,
                 from /home/yanjiun68/workspace/Turtlesim_lc_demo/src/sm_turtlesim_lc_demo/src/sm_turtlesim_lc_demo_node.cpp:1:
/opt/ros/humble/include/smacc2/smacc_client.hpp:99:3: note: declared here
   99 |   onOrthogonalAllocation()
      |   ^~~~~~~~~~~~~~~~~~~~~~
In file included from /opt/ros/humble/include/smacc2/smacc_state_machine.hpp:244,
                 from /opt/ros/humble/include/smacc2/impl/smacc_asynchronous_client_behavior_impl.hpp:23,
                 from /opt/ros/humble/include/smacc2/smacc_asynchronous_client_behavior.hpp:116,
                 from /opt/ros/humble/include/smacc2/smacc.hpp:22,
                 from /home/yanjiun68/workspace/Turtlesim_lc_demo/src/sm_turtlesim_lc_demo/include/sm_turtlesim_lc_demo/sm_turtlesim_lc_demo.hpp:3,
                 from /home/yanjiun68/workspace/Turtlesim_lc_demo/src/sm_turtlesim_lc_demo/src/sm_turtlesim_lc_demo_node.cpp:1:
/opt/ros/humble/include/smacc2/impl/smacc_orthogonal_impl.hpp: In instantiation of ‘void smacc2::ISmaccOrthogonal::assignClientToOrthogonal(TClient*) [with TOrthogonal = sm_turtlesim_lc_demo::OrMissionMonitor; TClient = sm_turtlesim_lc_demo::ClMissionMonitor]’:
/opt/ros/humble/include/smacc2/impl/smacc_orthogonal_impl.hpp:186:66:   required from ‘std::shared_ptr<smacc2::ClientHandler<TOrthogonal, TClient> > smacc2::Orthogonal<TOrthogonal>::createClient(TArgs ...) [with TClient = sm_turtlesim_lc_demo::ClMissionMonitor; TArgs = {}; TOrthogonal = sm_turtlesim_lc_demo::OrMissionMonitor]’
/home/yanjiun68/workspace/Turtlesim_lc_demo/src/sm_turtlesim_lc_demo/include/sm_turtlesim_lc_demo/orthogonals/or_mission_monitor.hpp:14:41:   required from here
/opt/ros/humble/include/smacc2/impl/smacc_orthogonal_impl.hpp:87:64: warning: ‘void smacc2::ISmaccClient::onOrthogonalAllocation() [with TOrthogonal = sm_turtlesim_lc_demo::OrMissionMonitor; TSourceObject = sm_turtlesim_lc_demo::ClMissionMonitor]’ is deprecated: Use onStateOrthogonalAllocation instead. onOrthogonalAllocation will be removed in future versions. [-Wdeprecated-declarations]
   87 |   client->template onOrthogonalAllocation<TOrthogonal, TClient>();
      |   ~~~~~~~~~~~~~~~~~~~~~~~~~~~~~~~~~~~~~~~~~~~~~~~~~~~~~~~~~~~~~^~
In file included from /opt/ros/humble/include/smacc2/impl/smacc_state_machine_impl.hpp:28,
                 from /opt/ros/humble/include/smacc2/impl/smacc_client_impl.hpp:23,
                 from /opt/ros/humble/include/smacc2/smacc_state_machine.hpp:242,
                 from /opt/ros/humble/include/smacc2/impl/smacc_asynchronous_client_behavior_impl.hpp:23,
                 from /opt/ros/humble/include/smacc2/smacc_asynchronous_client_behavior.hpp:116,
                 from /opt/ros/humble/include/smacc2/smacc.hpp:22,
                 from /home/yanjiun68/workspace/Turtlesim_lc_demo/src/sm_turtlesim_lc_demo/include/sm_turtlesim_lc_demo/sm_turtlesim_lc_demo.hpp:3,
                 from /home/yanjiun68/workspace/Turtlesim_lc_demo/src/sm_turtlesim_lc_demo/src/sm_turtlesim_lc_demo_node.cpp:1:
/opt/ros/humble/include/smacc2/smacc_client.hpp:99:3: note: declared here
   99 |   onOrthogonalAllocation()
      |   ^~~~~~~~~~~~~~~~~~~~~~
In file included from /opt/ros/humble/include/smacc2/smacc_state_machine.hpp:245,
                 from /opt/ros/humble/include/smacc2/impl/smacc_asynchronous_client_behavior_impl.hpp:23,
                 from /opt/ros/humble/include/smacc2/smacc_asynchronous_client_behavior.hpp:116,
                 from /opt/ros/humble/include/smacc2/smacc.hpp:22,
                 from /home/yanjiun68/workspace/Turtlesim_lc_demo/src/sm_turtlesim_lc_demo/include/sm_turtlesim_lc_demo/sm_turtlesim_lc_demo.hpp:3,
                 from /home/yanjiun68/workspace/Turtlesim_lc_demo/src/sm_turtlesim_lc_demo/src/sm_turtlesim_lc_demo_node.cpp:1:
/opt/ros/humble/include/smacc2/impl/smacc_state_impl.hpp: In instantiation of ‘std::shared_ptr<_Tp> smacc2::ISmaccState::configure(Args&& ...) [with TOrthogonal = sm_turtlesim_lc_demo::OrLifecycleManager; TBehavior = sm_turtlesim_lc_demo::CbShutdownManagedNodes; Args = {}]’:
/opt/ros/humble/include/smacc2/smacc_state_base.hpp:211:49:   required from ‘static void smacc2::SmaccState<MostDerived, Context, InnerInitial, historyMode>::configure_orthogonal(Args&& ...) [with TOrthogonal = sm_turtlesim_lc_demo::OrLifecycleManager; TBehavior = sm_turtlesim_lc_demo::CbShutdownManagedNodes; Args = {}; MostDerived = sm_turtlesim_lc_demo::StShutdown; Context = sm_turtlesim_lc_demo::SmTurtlesimLcDemo; InnerInitial = boost::mpl::list<mpl_::na, mpl_::na, mpl_::na, mpl_::na, mpl_::na, mpl_::na, mpl_::na, mpl_::na, mpl_::na, mpl_::na, mpl_::na, mpl_::na, mpl_::na, mpl_::na, mpl_::na, mpl_::na, mpl_::na, mpl_::na, mpl_::na, mpl_::na>; boost::statechart::history_mode historyMode = boost::statechart::has_deep_history]’
/home/yanjiun68/workspace/Turtlesim_lc_demo/src/sm_turtlesim_lc_demo/include/sm_turtlesim_lc_demo/states/st_shutdown.hpp:25:69:   required from here
/opt/ros/humble/include/smacc2/impl/smacc_state_impl.hpp:50:76: warning: ‘void smacc2::ISmaccClientBehavior::onOrthogonalAllocation() [with TOrthogonal = sm_turtlesim_lc_demo::OrLifecycleManager; TSourceObject = sm_turtlesim_lc_demo::CbShutdownManagedNodes]’ is deprecated: Use onStateOrthogonalAllocation instead. onOrthogonalAllocation will be removed in future versions. [-Wdeprecated-declarations]
   50 |     clientBehavior->template onOrthogonalAllocation<TOrthogonal, TBehavior>();
      |     ~~~~~~~~~~~~~~~~~~~~~~~~~~~~~~~~~~~~~~~~~~~~~~~~~~~~~~~~~~~~~~~~~~~~~~~^~
In file included from /opt/ros/humble/include/smacc2/smacc_client_behavior.hpp:35,
                 from /opt/ros/humble/include/smacc2/impl/smacc_state_impl.hpp:23,
                 from /opt/ros/humble/include/smacc2/smacc_state_machine.hpp:245,
                 from /opt/ros/humble/include/smacc2/impl/smacc_asynchronous_client_behavior_impl.hpp:23,
                 from /opt/ros/humble/include/smacc2/smacc_asynchronous_client_behavior.hpp:116,
                 from /opt/ros/humble/include/smacc2/smacc.hpp:22,
                 from /home/yanjiun68/workspace/Turtlesim_lc_demo/src/sm_turtlesim_lc_demo/include/sm_turtlesim_lc_demo/sm_turtlesim_lc_demo.hpp:3,
                 from /home/yanjiun68/workspace/Turtlesim_lc_demo/src/sm_turtlesim_lc_demo/src/sm_turtlesim_lc_demo_node.cpp:1:
/opt/ros/humble/include/smacc2/impl/smacc_client_behavior_impl.hpp:99:6: note: declared here
   99 | void ISmaccClientBehavior::onOrthogonalAllocation()
      |      ^~~~~~~~~~~~~~~~~~~~
In file included from /opt/ros/humble/include/smacc2/smacc_state_machine.hpp:245,
                 from /opt/ros/humble/include/smacc2/impl/smacc_asynchronous_client_behavior_impl.hpp:23,
                 from /opt/ros/humble/include/smacc2/smacc_asynchronous_client_behavior.hpp:116,
                 from /opt/ros/humble/include/smacc2/smacc.hpp:22,
                 from /home/yanjiun68/workspace/Turtlesim_lc_demo/src/sm_turtlesim_lc_demo/include/sm_turtlesim_lc_demo/sm_turtlesim_lc_demo.hpp:3,
                 from /home/yanjiun68/workspace/Turtlesim_lc_demo/src/sm_turtlesim_lc_demo/src/sm_turtlesim_lc_demo_node.cpp:1:
/opt/ros/humble/include/smacc2/impl/smacc_state_impl.hpp: In instantiation of ‘std::shared_ptr<_Tp> smacc2::ISmaccState::configure(Args&& ...) [with TOrthogonal = sm_turtlesim_lc_demo::OrLifecycleManager; TBehavior = sm_turtlesim_lc_demo::CbStartupManagedNodes; Args = {}]’:
/opt/ros/humble/include/smacc2/smacc_state_base.hpp:211:49:   required from ‘static void smacc2::SmaccState<MostDerived, Context, InnerInitial, historyMode>::configure_orthogonal(Args&& ...) [with TOrthogonal = sm_turtlesim_lc_demo::OrLifecycleManager; TBehavior = sm_turtlesim_lc_demo::CbStartupManagedNodes; Args = {}; MostDerived = sm_turtlesim_lc_demo::StStartup; Context = sm_turtlesim_lc_demo::SmTurtlesimLcDemo; InnerInitial = boost::mpl::list<mpl_::na, mpl_::na, mpl_::na, mpl_::na, mpl_::na, mpl_::na, mpl_::na, mpl_::na, mpl_::na, mpl_::na, mpl_::na, mpl_::na, mpl_::na, mpl_::na, mpl_::na, mpl_::na, mpl_::na, mpl_::na, mpl_::na, mpl_::na>; boost::statechart::history_mode historyMode = boost::statechart::has_deep_history]’
/home/yanjiun68/workspace/Turtlesim_lc_demo/src/sm_turtlesim_lc_demo/include/sm_turtlesim_lc_demo/states/st_startup.hpp:25:68:   required from here
/opt/ros/humble/include/smacc2/impl/smacc_state_impl.hpp:50:76: warning: ‘void smacc2::ISmaccClientBehavior::onOrthogonalAllocation() [with TOrthogonal = sm_turtlesim_lc_demo::OrLifecycleManager; TSourceObject = sm_turtlesim_lc_demo::CbStartupManagedNodes]’ is deprecated: Use onStateOrthogonalAllocation instead. onOrthogonalAllocation will be removed in future versions. [-Wdeprecated-declarations]
   50 |     clientBehavior->template onOrthogonalAllocation<TOrthogonal, TBehavior>();
      |     ~~~~~~~~~~~~~~~~~~~~~~~~~~~~~~~~~~~~~~~~~~~~~~~~~~~~~~~~~~~~~~~~~~~~~~~^~
In file included from /opt/ros/humble/include/smacc2/smacc_client_behavior.hpp:35,
                 from /opt/ros/humble/include/smacc2/impl/smacc_state_impl.hpp:23,
                 from /opt/ros/humble/include/smacc2/smacc_state_machine.hpp:245,
                 from /opt/ros/humble/include/smacc2/impl/smacc_asynchronous_client_behavior_impl.hpp:23,
                 from /opt/ros/humble/include/smacc2/smacc_asynchronous_client_behavior.hpp:116,
                 from /opt/ros/humble/include/smacc2/smacc.hpp:22,
                 from /home/yanjiun68/workspace/Turtlesim_lc_demo/src/sm_turtlesim_lc_demo/include/sm_turtlesim_lc_demo/sm_turtlesim_lc_demo.hpp:3,
                 from /home/yanjiun68/workspace/Turtlesim_lc_demo/src/sm_turtlesim_lc_demo/src/sm_turtlesim_lc_demo_node.cpp:1:
/opt/ros/humble/include/smacc2/impl/smacc_client_behavior_impl.hpp:99:6: note: declared here
   99 | void ISmaccClientBehavior::onOrthogonalAllocation()
      |      ^~~~~~~~~~~~~~~~~~~~
In file included from /opt/ros/humble/include/smacc2/smacc_state_machine.hpp:245,
                 from /opt/ros/humble/include/smacc2/impl/smacc_asynchronous_client_behavior_impl.hpp:23,
                 from /opt/ros/humble/include/smacc2/smacc_asynchronous_client_behavior.hpp:116,
                 from /opt/ros/humble/include/smacc2/smacc.hpp:22,
                 from /home/yanjiun68/workspace/Turtlesim_lc_demo/src/sm_turtlesim_lc_demo/include/sm_turtlesim_lc_demo/sm_turtlesim_lc_demo.hpp:3,
                 from /home/yanjiun68/workspace/Turtlesim_lc_demo/src/sm_turtlesim_lc_demo/src/sm_turtlesim_lc_demo_node.cpp:1:
/opt/ros/humble/include/smacc2/impl/smacc_state_impl.hpp: In instantiation of ‘std::shared_ptr<_Tp> smacc2::ISmaccState::configure(Args&& ...) [with TOrthogonal = sm_turtlesim_lc_demo::OrMissionMonitor; TBehavior = sm_turtlesim_lc_demo::CbPublishTermination; Args = {}]’:
/opt/ros/humble/include/smacc2/smacc_state_base.hpp:211:49:   required from ‘static void smacc2::SmaccState<MostDerived, Context, InnerInitial, historyMode>::configure_orthogonal(Args&& ...) [with TOrthogonal = sm_turtlesim_lc_demo::OrMissionMonitor; TBehavior = sm_turtlesim_lc_demo::CbPublishTermination; Args = {}; MostDerived = sm_turtlesim_lc_demo::StTerminated; Context = sm_turtlesim_lc_demo::SmTurtlesimLcDemo; InnerInitial = boost::mpl::list<mpl_::na, mpl_::na, mpl_::na, mpl_::na, mpl_::na, mpl_::na, mpl_::na, mpl_::na, mpl_::na, mpl_::na, mpl_::na, mpl_::na, mpl_::na, mpl_::na, mpl_::na, mpl_::na, mpl_::na, mpl_::na, mpl_::na, mpl_::na>; boost::statechart::history_mode historyMode = boost::statechart::has_deep_history]’
/home/yanjiun68/workspace/Turtlesim_lc_demo/src/sm_turtlesim_lc_demo/include/sm_turtlesim_lc_demo/states/st_terminated.hpp:17:65:   required from here
/opt/ros/humble/include/smacc2/impl/smacc_state_impl.hpp:50:76: warning: ‘void smacc2::ISmaccClientBehavior::onOrthogonalAllocation() [with TOrthogonal = sm_turtlesim_lc_demo::OrMissionMonitor; TSourceObject = sm_turtlesim_lc_demo::CbPublishTermination]’ is deprecated: Use onStateOrthogonalAllocation instead. onOrthogonalAllocation will be removed in future versions. [-Wdeprecated-declarations]
   50 |     clientBehavior->template onOrthogonalAllocation<TOrthogonal, TBehavior>();
      |     ~~~~~~~~~~~~~~~~~~~~~~~~~~~~~~~~~~~~~~~~~~~~~~~~~~~~~~~~~~~~~~~~~~~~~~~^~
In file included from /opt/ros/humble/include/smacc2/smacc_client_behavior.hpp:35,
                 from /opt/ros/humble/include/smacc2/impl/smacc_state_impl.hpp:23,
                 from /opt/ros/humble/include/smacc2/smacc_state_machine.hpp:245,
                 from /opt/ros/humble/include/smacc2/impl/smacc_asynchronous_client_behavior_impl.hpp:23,
                 from /opt/ros/humble/include/smacc2/smacc_asynchronous_client_behavior.hpp:116,
                 from /opt/ros/humble/include/smacc2/smacc.hpp:22,
                 from /home/yanjiun68/workspace/Turtlesim_lc_demo/src/sm_turtlesim_lc_demo/include/sm_turtlesim_lc_demo/sm_turtlesim_lc_demo.hpp:3,
                 from /home/yanjiun68/workspace/Turtlesim_lc_demo/src/sm_turtlesim_lc_demo/src/sm_turtlesim_lc_demo_node.cpp:1:
/opt/ros/humble/include/smacc2/impl/smacc_client_behavior_impl.hpp:99:6: note: declared here
   99 | void ISmaccClientBehavior::onOrthogonalAllocation()
      |      ^~~~~~~~~~~~~~~~~~~~
