[0.035s] Invoking command in '/home/yanjiun68/workspace/Turtlesim_lc_demo/build/sm_turtlesim_lc_demo': AMENT_PREFIX_PATH=/home/yanjiun68/workspace/Turtlesim_lc_demo/install/turtlesim_lc_interfaces:${AMENT_PREFIX_PATH} CMAKE_PREFIX_PATH=/home/yanjiun68/workspace/Turtlesim_lc_demo/install/turtlesim_lc_interfaces:/home/yanjiun68/workspace/putrabot/install/voice:/home/yanjiun68/workspace/putrabot/install/vision:/home/yanjiun68/workspace/putrabot/install/robot_description:/home/yanjiun68/workspace/putrabot/install/realsense2_description:/home/yanjiun68/workspace/putrabot/install/realsense2_camera:/home/yanjiun68/workspace/putrabot/install/realsense2_camera_msgs:/home/yanjiun68/workspace/putrabot/install/putrabot_base:/home/yanjiun68/workspace/putrabot/install/my_robot_nav:/home/yanjiun68/workspace/putrabot/install/lift_moveit_config:/home/yanjiun68/workspace/putrabot/install/lift_description:/home/yanjiun68/workspace/humble_ws/install/undo_path_global_planner:/home/yanjiun68/workspace/humble_ws/install/sr_event_countdown:/home/yanjiun68/workspace/humble_ws/install/sr_conditional:/home/yanjiun68/workspace/humble_ws/install/sm_three_some:/home/yanjiun68/workspace/humble_ws/install/sm_pack_ml:/home/yanjiun68/workspace/humble_ws/install/sm_multi_stage_1:/home/yanjiun68/workspace/humble_ws/install/sm_advanced_recovery_1:/home/yanjiun68/workspace/humble_ws/install/sr_all_events_go:/home/yanjiun68/workspace/humble_ws/install/multirole_sensor_client:/home/yanjiun68/workspace/humble_ws/install/smacc2_msgs:/home/yanjiun68/workspace/humble_ws/install/sm_simple_action_client:/home/yanjiun68/workspace/humble_ws/install/sm_panda_moveit2z_cb_inventory:/home/yanjiun68/workspace/humble_ws/install/sm_panda_cl_moveit2z_cb_inventory:/home/yanjiun68/workspace/humble_ws/install/sm_multithread_test_1:/home/yanjiun68/workspace/humble_ws/install/sm_coretest_transition_speed_1:/home/yanjiun68/workspace/humble_ws/install/sm_cl_ros2_timer_unit_test_1:/home/yanjiun68/workspace/humble_ws/install/sm_cl_keyboard_unit_test_1:/home/yanjiun68/workspace/humble_ws/install/sm_branching:/home/yanjiun68/workspace/humble_ws/install/sm_atomic_subscribers_performance_test:/home/yanjiun68/workspace/humble_ws/install/sm_atomic_performance_trace_1:/home/yanjiun68/workspace/humble_ws/install/sm_atomic_mode_states:/home/yanjiun68/workspace/humble_ws/install/sm_atomic_lifecycle:/home/yanjiun68/workspace/humble_ws/install/sm_atomic_http:/home/yanjiun68/workspace/humble_ws/install/sm_atomic:/home/yanjiun68/workspace/humble_ws/install/ros_timer_client:/home/yanjiun68/workspace/humble_ws/install/pure_spinning_local_planner:/home/yanjiun68/workspace/humble_ws/install/forward_local_planner:/home/yanjiun68/workspace/humble_ws/install/backward_global_planner:/home/yanjiun68/workspace/humble_ws/install/forward_global_planner:/home/yanjiun68/workspace/humble_ws/install/backward_local_planner:/home/yanjiun68/workspace/humble_ws/install/nav2z_planners_common:/home/yanjiun68/workspace/humble_ws/install/nav2z_client:/home/yanjiun68/workspace/putrabot/install/mediapipe_ros:/home/yanjiun68/workspace/putrabot/install/lift_bridge:/opt/ros/humble:/home/yanjiun68/workspace/humble_ws/install/my_robot_moveit_config:/home/yanjiun68/workspace/humble_ws/install/moveit2z_client:/home/yanjiun68/workspace/humble_ws/install/lifecyclenode_client:/home/yanjiun68/workspace/humble_ws/install/keyboard_client:/home/yanjiun68/workspace/humble_ws/install/http_client:/home/yanjiun68/workspace/humble_ws/install/eg_random_generator:/home/yanjiun68/workspace/humble_ws/install/eg_conditional_generator:/home/yanjiun68/workspace/humble_ws/install/cl_ros2_timer:/home/yanjiun68/workspace/humble_ws/install/cl_nav2z:/home/yanjiun68/workspace/humble_ws/install/cl_moveit2z:/home/yanjiun68/workspace/humble_ws/install/cl_keyboard CONDA_PROMPT_MODIFIER=(base) LD_LIBRARY_PATH=/home/yanjiun68/workspace/Turtlesim_lc_demo/install/turtlesim_lc_interfaces/lib:${LD_LIBRARY_PATH} PYTHONPATH=/home/yanjiun68/workspace/Turtlesim_lc_demo/install/turtlesim_lc_interfaces/local/lib/python3.10/dist-packages:${PYTHONPATH} /usr/bin/cmake /home/yanjiun68/workspace/Turtlesim_lc_demo/src/sm_turtlesim_lc_demo -DPython3_EXECUTABLE=/usr/bin/python3 -DAMENT_CMAKE_SYMLINK_INSTALL=1 -DCMAKE_INSTALL_PREFIX=/home/yanjiun68/workspace/Turtlesim_lc_demo/install/sm_turtlesim_lc_demo
[0.177s] -- The C compiler identification is GNU 11.4.0
[0.327s] -- The CXX compiler identification is GNU 11.4.0
[0.353s] -- Detecting C compiler ABI info
[0.600s] -- Detecting C compiler ABI info - done
[0.626s] -- Check for working C compiler: /usr/bin/cc - skipped
[0.626s] -- Detecting C compile features
[0.627s] -- Detecting C compile features - done
[0.633s] -- Detecting CXX compiler ABI info
[0.869s] -- Detecting CXX compiler ABI info - done
[0.895s] -- Check for working CXX compiler: /usr/bin/c++ - skipped
[0.896s] -- Detecting CXX compile features
[0.898s] -- Detecting CXX compile features - done
[0.915s] -- Found ament_cmake: 1.3.12 (/opt/ros/humble/share/ament_cmake/cmake)
[1.432s] -- Found Python3: /usr/bin/python3 (found version "3.10.12") found components: Interpreter 
[1.583s] -- Override CMake install command with custom implementation using symlinks instead of copying resources
[1.724s] -- Found rclcpp: 16.0.17 (/opt/ros/humble/share/rclcpp/cmake)
[1.864s] -- Found rosidl_generator_c: 3.1.8 (/opt/ros/humble/share/rosidl_generator_c/cmake)
[1.882s] -- Found rosidl_adapter: 3.1.8 (/opt/ros/humble/share/rosidl_adapter/cmake)
[1.908s] -- Found rosidl_generator_cpp: 3.1.8 (/opt/ros/humble/share/rosidl_generator_cpp/cmake)
[1.938s] -- Using all available rosidl_typesupport_c: rosidl_typesupport_fastrtps_c;rosidl_typesupport_introspection_c
[1.999s] -- Using all available rosidl_typesupport_cpp: rosidl_typesupport_fastrtps_cpp;rosidl_typesupport_introspection_cpp
[2.179s] -- Found rmw_implementation_cmake: 6.1.2 (/opt/ros/humble/share/rmw_implementation_cmake/cmake)
[2.194s] -- Found rmw_cyclonedds_cpp: 1.3.4 (/opt/ros/humble/share/rmw_cyclonedds_cpp/cmake)
[2.278s] -- Using RMW implementation 'rmw_cyclonedds_cpp' as default
[2.316s] -- Looking for pthread.h
[2.474s] -- Looking for pthread.h - found
[2.475s] -- Performing Test CMAKE_HAVE_LIBC_PTHREAD
[2.616s] -- Performing Test CMAKE_HAVE_LIBC_PTHREAD - Success
[2.617s] -- Found Threads: TRUE  
[2.758s] -- Found rclcpp_lifecycle: 16.0.17 (/opt/ros/humble/share/rclcpp_lifecycle/cmake)
[2.820s] -- Found smacc2: 2.3.20 (/opt/ros/humble/share/smacc2/cmake)
[2.976s] -- Found nav2_msgs: 1.1.20 (/opt/ros/humble/share/nav2_msgs/cmake)
[3.094s] -- Found nav2_lifecycle_manager: 1.1.20 (/opt/ros/humble/share/nav2_lifecycle_manager/cmake)
[3.368s] -- Found eigen3_cmake_module: 0.1.1 (/opt/ros/humble/share/eigen3_cmake_module/cmake)
[3.371s] -- Found Eigen3: TRUE (found version "3.4.0") 
[3.371s] -- Ensuring Eigen3 include directory is part of orocos-kdl CMake target
[3.592s] -- Found turtlesim: 1.4.3 (/opt/ros/humble/share/turtlesim/cmake)
[3.621s] -- Found turtlesim_lc_interfaces: 0.0.1 (/home/yanjiun68/workspace/Turtlesim_lc_demo/install/turtlesim_lc_interfaces/share/turtlesim_lc_interfaces/cmake)
[3.716s] -- Found Boost: /usr/lib/x86_64-linux-gnu/cmake/Boost-1.74.0/BoostConfig.cmake (found version "1.74.0") found components: thread 
[3.893s] -- Configuring done
[3.969s] -- Generating done
[3.985s] -- Build files have been written to: /home/yanjiun68/workspace/Turtlesim_lc_demo/build/sm_turtlesim_lc_demo
[3.998s] Invoked command in '/home/yanjiun68/workspace/Turtlesim_lc_demo/build/sm_turtlesim_lc_demo' returned '0': AMENT_PREFIX_PATH=/home/yanjiun68/workspace/Turtlesim_lc_demo/install/turtlesim_lc_interfaces:${AMENT_PREFIX_PATH} CMAKE_PREFIX_PATH=/home/yanjiun68/workspace/Turtlesim_lc_demo/install/turtlesim_lc_interfaces:/home/yanjiun68/workspace/putrabot/install/voice:/home/yanjiun68/workspace/putrabot/install/vision:/home/yanjiun68/workspace/putrabot/install/robot_description:/home/yanjiun68/workspace/putrabot/install/realsense2_description:/home/yanjiun68/workspace/putrabot/install/realsense2_camera:/home/yanjiun68/workspace/putrabot/install/realsense2_camera_msgs:/home/yanjiun68/workspace/putrabot/install/putrabot_base:/home/yanjiun68/workspace/putrabot/install/my_robot_nav:/home/yanjiun68/workspace/putrabot/install/lift_moveit_config:/home/yanjiun68/workspace/putrabot/install/lift_description:/home/yanjiun68/workspace/humble_ws/install/undo_path_global_planner:/home/yanjiun68/workspace/humble_ws/install/sr_event_countdown:/home/yanjiun68/workspace/humble_ws/install/sr_conditional:/home/yanjiun68/workspace/humble_ws/install/sm_three_some:/home/yanjiun68/workspace/humble_ws/install/sm_pack_ml:/home/yanjiun68/workspace/humble_ws/install/sm_multi_stage_1:/home/yanjiun68/workspace/humble_ws/install/sm_advanced_recovery_1:/home/yanjiun68/workspace/humble_ws/install/sr_all_events_go:/home/yanjiun68/workspace/humble_ws/install/multirole_sensor_client:/home/yanjiun68/workspace/humble_ws/install/smacc2_msgs:/home/yanjiun68/workspace/humble_ws/install/sm_simple_action_client:/home/yanjiun68/workspace/humble_ws/install/sm_panda_moveit2z_cb_inventory:/home/yanjiun68/workspace/humble_ws/install/sm_panda_cl_moveit2z_cb_inventory:/home/yanjiun68/workspace/humble_ws/install/sm_multithread_test_1:/home/yanjiun68/workspace/humble_ws/install/sm_coretest_transition_speed_1:/home/yanjiun68/workspace/humble_ws/install/sm_cl_ros2_timer_unit_test_1:/home/yanjiun68/workspace/humble_ws/install/sm_cl_keyboard_unit_test_1:/home/yanjiun68/workspace/humble_ws/install/sm_branching:/home/yanjiun68/workspace/humble_ws/install/sm_atomic_subscribers_performance_test:/home/yanjiun68/workspace/humble_ws/install/sm_atomic_performance_trace_1:/home/yanjiun68/workspace/humble_ws/install/sm_atomic_mode_states:/home/yanjiun68/workspace/humble_ws/install/sm_atomic_lifecycle:/home/yanjiun68/workspace/humble_ws/install/sm_atomic_http:/home/yanjiun68/workspace/humble_ws/install/sm_atomic:/home/yanjiun68/workspace/humble_ws/install/ros_timer_client:/home/yanjiun68/workspace/humble_ws/install/pure_spinning_local_planner:/home/yanjiun68/workspace/humble_ws/install/forward_local_planner:/home/yanjiun68/workspace/humble_ws/install/backward_global_planner:/home/yanjiun68/workspace/humble_ws/install/forward_global_planner:/home/yanjiun68/workspace/humble_ws/install/backward_local_planner:/home/yanjiun68/workspace/humble_ws/install/nav2z_planners_common:/home/yanjiun68/workspace/humble_ws/install/nav2z_client:/home/yanjiun68/workspace/putrabot/install/mediapipe_ros:/home/yanjiun68/workspace/putrabot/install/lift_bridge:/opt/ros/humble:/home/yanjiun68/workspace/humble_ws/install/my_robot_moveit_config:/home/yanjiun68/workspace/humble_ws/install/moveit2z_client:/home/yanjiun68/workspace/humble_ws/install/lifecyclenode_client:/home/yanjiun68/workspace/humble_ws/install/keyboard_client:/home/yanjiun68/workspace/humble_ws/install/http_client:/home/yanjiun68/workspace/humble_ws/install/eg_random_generator:/home/yanjiun68/workspace/humble_ws/install/eg_conditional_generator:/home/yanjiun68/workspace/humble_ws/install/cl_ros2_timer:/home/yanjiun68/workspace/humble_ws/install/cl_nav2z:/home/yanjiun68/workspace/humble_ws/install/cl_moveit2z:/home/yanjiun68/workspace/humble_ws/install/cl_keyboard CONDA_PROMPT_MODIFIER=(base) LD_LIBRARY_PATH=/home/yanjiun68/workspace/Turtlesim_lc_demo/install/turtlesim_lc_interfaces/lib:${LD_LIBRARY_PATH} PYTHONPATH=/home/yanjiun68/workspace/Turtlesim_lc_demo/install/turtlesim_lc_interfaces/local/lib/python3.10/dist-packages:${PYTHONPATH} /usr/bin/cmake /home/yanjiun68/workspace/Turtlesim_lc_demo/src/sm_turtlesim_lc_demo -DPython3_EXECUTABLE=/usr/bin/python3 -DAMENT_CMAKE_SYMLINK_INSTALL=1 -DCMAKE_INSTALL_PREFIX=/home/yanjiun68/workspace/Turtlesim_lc_demo/install/sm_turtlesim_lc_demo
[4.000s] Invoking command in '/home/yanjiun68/workspace/Turtlesim_lc_demo/build/sm_turtlesim_lc_demo': AMENT_PREFIX_PATH=/home/yanjiun68/workspace/Turtlesim_lc_demo/install/turtlesim_lc_interfaces:${AMENT_PREFIX_PATH} CMAKE_PREFIX_PATH=/home/yanjiun68/workspace/Turtlesim_lc_demo/install/turtlesim_lc_interfaces:/home/yanjiun68/workspace/putrabot/install/voice:/home/yanjiun68/workspace/putrabot/install/vision:/home/yanjiun68/workspace/putrabot/install/robot_description:/home/yanjiun68/workspace/putrabot/install/realsense2_description:/home/yanjiun68/workspace/putrabot/install/realsense2_camera:/home/yanjiun68/workspace/putrabot/install/realsense2_camera_msgs:/home/yanjiun68/workspace/putrabot/install/putrabot_base:/home/yanjiun68/workspace/putrabot/install/my_robot_nav:/home/yanjiun68/workspace/putrabot/install/lift_moveit_config:/home/yanjiun68/workspace/putrabot/install/lift_description:/home/yanjiun68/workspace/humble_ws/install/undo_path_global_planner:/home/yanjiun68/workspace/humble_ws/install/sr_event_countdown:/home/yanjiun68/workspace/humble_ws/install/sr_conditional:/home/yanjiun68/workspace/humble_ws/install/sm_three_some:/home/yanjiun68/workspace/humble_ws/install/sm_pack_ml:/home/yanjiun68/workspace/humble_ws/install/sm_multi_stage_1:/home/yanjiun68/workspace/humble_ws/install/sm_advanced_recovery_1:/home/yanjiun68/workspace/humble_ws/install/sr_all_events_go:/home/yanjiun68/workspace/humble_ws/install/multirole_sensor_client:/home/yanjiun68/workspace/humble_ws/install/smacc2_msgs:/home/yanjiun68/workspace/humble_ws/install/sm_simple_action_client:/home/yanjiun68/workspace/humble_ws/install/sm_panda_moveit2z_cb_inventory:/home/yanjiun68/workspace/humble_ws/install/sm_panda_cl_moveit2z_cb_inventory:/home/yanjiun68/workspace/humble_ws/install/sm_multithread_test_1:/home/yanjiun68/workspace/humble_ws/install/sm_coretest_transition_speed_1:/home/yanjiun68/workspace/humble_ws/install/sm_cl_ros2_timer_unit_test_1:/home/yanjiun68/workspace/humble_ws/install/sm_cl_keyboard_unit_test_1:/home/yanjiun68/workspace/humble_ws/install/sm_branching:/home/yanjiun68/workspace/humble_ws/install/sm_atomic_subscribers_performance_test:/home/yanjiun68/workspace/humble_ws/install/sm_atomic_performance_trace_1:/home/yanjiun68/workspace/humble_ws/install/sm_atomic_mode_states:/home/yanjiun68/workspace/humble_ws/install/sm_atomic_lifecycle:/home/yanjiun68/workspace/humble_ws/install/sm_atomic_http:/home/yanjiun68/workspace/humble_ws/install/sm_atomic:/home/yanjiun68/workspace/humble_ws/install/ros_timer_client:/home/yanjiun68/workspace/humble_ws/install/pure_spinning_local_planner:/home/yanjiun68/workspace/humble_ws/install/forward_local_planner:/home/yanjiun68/workspace/humble_ws/install/backward_global_planner:/home/yanjiun68/workspace/humble_ws/install/forward_global_planner:/home/yanjiun68/workspace/humble_ws/install/backward_local_planner:/home/yanjiun68/workspace/humble_ws/install/nav2z_planners_common:/home/yanjiun68/workspace/humble_ws/install/nav2z_client:/home/yanjiun68/workspace/putrabot/install/mediapipe_ros:/home/yanjiun68/workspace/putrabot/install/lift_bridge:/opt/ros/humble:/home/yanjiun68/workspace/humble_ws/install/my_robot_moveit_config:/home/yanjiun68/workspace/humble_ws/install/moveit2z_client:/home/yanjiun68/workspace/humble_ws/install/lifecyclenode_client:/home/yanjiun68/workspace/humble_ws/install/keyboard_client:/home/yanjiun68/workspace/humble_ws/install/http_client:/home/yanjiun68/workspace/humble_ws/install/eg_random_generator:/home/yanjiun68/workspace/humble_ws/install/eg_conditional_generator:/home/yanjiun68/workspace/humble_ws/install/cl_ros2_timer:/home/yanjiun68/workspace/humble_ws/install/cl_nav2z:/home/yanjiun68/workspace/humble_ws/install/cl_moveit2z:/home/yanjiun68/workspace/humble_ws/install/cl_keyboard CONDA_PROMPT_MODIFIER=(base) LD_LIBRARY_PATH=/home/yanjiun68/workspace/Turtlesim_lc_demo/install/turtlesim_lc_interfaces/lib:${LD_LIBRARY_PATH} PYTHONPATH=/home/yanjiun68/workspace/Turtlesim_lc_demo/install/turtlesim_lc_interfaces/local/lib/python3.10/dist-packages:${PYTHONPATH} /usr/bin/cmake --build /home/yanjiun68/workspace/Turtlesim_lc_demo/build/sm_turtlesim_lc_demo -- -j16 -l16
[4.145s] [ 25%] Building CXX object CMakeFiles/square_path_lifecycle_node.dir/src/square_path_lifecycle_node.cpp.o
[4.146s] [ 50%] Building CXX object CMakeFiles/sm_turtlesim_lc_demo_node.dir/src/sm_turtlesim_lc_demo_node.cpp.o
[14.824s] In file included from /opt/ros/humble/include/smacc2/smacc_state_machine.hpp:244,
[14.824s]                  from /opt/ros/humble/include/smacc2/impl/smacc_asynchronous_client_behavior_impl.hpp:23,
[14.824s]                  from /opt/ros/humble/include/smacc2/smacc_asynchronous_client_behavior.hpp:116,
[14.824s]                  from /opt/ros/humble/include/smacc2/smacc.hpp:22,
[14.824s]                  from /home/yanjiun68/workspace/Turtlesim_lc_demo/src/sm_turtlesim_lc_demo/include/sm_turtlesim_lc_demo/sm_turtlesim_lc_demo.hpp:3,
[14.824s]                  from /home/yanjiun68/workspace/Turtlesim_lc_demo/src/sm_turtlesim_lc_demo/src/sm_turtlesim_lc_demo_node.cpp:1:
[14.824s] /opt/ros/humble/include/smacc2/impl/smacc_orthogonal_impl.hpp: In instantiation of ‘void smacc2::ISmaccOrthogonal::assignClientToOrthogonal(TClient*) [with TOrthogonal = sm_turtlesim_lc_demo::OrLifecycleManager; TClient = sm_turtlesim_lc_demo::ClLifecycleManager]’:
[14.824s] /opt/ros/humble/include/smacc2/impl/smacc_orthogonal_impl.hpp:186:66:   required from ‘std::shared_ptr<smacc2::ClientHandler<TOrthogonal, TClient> > smacc2::Orthogonal<TOrthogonal>::createClient(TArgs ...) [with TClient = sm_turtlesim_lc_demo::ClLifecycleManager; TArgs = {}; TOrthogonal = sm_turtlesim_lc_demo::OrLifecycleManager]’
[14.824s] /home/yanjiun68/workspace/Turtlesim_lc_demo/src/sm_turtlesim_lc_demo/include/sm_turtlesim_lc_demo/orthogonals/or_lifecycle_manager.hpp:14:43:   required from here
[14.824s] /opt/ros/humble/include/smacc2/impl/smacc_orthogonal_impl.hpp:87:64: warning: ‘void smacc2::ISmaccClient::onOrthogonalAllocation() [with TOrthogonal = sm_turtlesim_lc_demo::OrLifecycleManager; TSourceObject = sm_turtlesim_lc_demo::ClLifecycleManager]’ is deprecated: Use onStateOrthogonalAllocation instead. onOrthogonalAllocation will be removed in future versions. [-Wdeprecated-declarations]
[14.825s]    87 |   client->template onOrthogonalAllocation<TOrthogonal, TClient>();
[14.825s]       |   ~~~~~~~~~~~~~~~~~~~~~~~~~~~~~~~~~~~~~~~~~~~~~~~~~~~~~~~~~~~~~^~
[14.825s] In file included from /opt/ros/humble/include/smacc2/impl/smacc_state_machine_impl.hpp:28,
[14.825s]                  from /opt/ros/humble/include/smacc2/impl/smacc_client_impl.hpp:23,
[14.825s]                  from /opt/ros/humble/include/smacc2/smacc_state_machine.hpp:242,
[14.825s]                  from /opt/ros/humble/include/smacc2/impl/smacc_asynchronous_client_behavior_impl.hpp:23,
[14.825s]                  from /opt/ros/humble/include/smacc2/smacc_asynchronous_client_behavior.hpp:116,
[14.825s]                  from /opt/ros/humble/include/smacc2/smacc.hpp:22,
[14.825s]                  from /home/yanjiun68/workspace/Turtlesim_lc_demo/src/sm_turtlesim_lc_demo/include/sm_turtlesim_lc_demo/sm_turtlesim_lc_demo.hpp:3,
[14.825s]                  from /home/yanjiun68/workspace/Turtlesim_lc_demo/src/sm_turtlesim_lc_demo/src/sm_turtlesim_lc_demo_node.cpp:1:
[14.825s] /opt/ros/humble/include/smacc2/smacc_client.hpp:99:3: note: declared here
[14.825s]    99 |   onOrthogonalAllocation()
[14.825s]       |   ^~~~~~~~~~~~~~~~~~~~~~
[14.846s] In file included from /opt/ros/humble/include/smacc2/smacc_state_machine.hpp:244,
[14.846s]                  from /opt/ros/humble/include/smacc2/impl/smacc_asynchronous_client_behavior_impl.hpp:23,
[14.846s]                  from /opt/ros/humble/include/smacc2/smacc_asynchronous_client_behavior.hpp:116,
[14.846s]                  from /opt/ros/humble/include/smacc2/smacc.hpp:22,
[14.846s]                  from /home/yanjiun68/workspace/Turtlesim_lc_demo/src/sm_turtlesim_lc_demo/include/sm_turtlesim_lc_demo/sm_turtlesim_lc_demo.hpp:3,
[14.847s]                  from /home/yanjiun68/workspace/Turtlesim_lc_demo/src/sm_turtlesim_lc_demo/src/sm_turtlesim_lc_demo_node.cpp:1:
[14.847s] /opt/ros/humble/include/smacc2/impl/smacc_orthogonal_impl.hpp: In instantiation of ‘void smacc2::ISmaccOrthogonal::assignClientToOrthogonal(TClient*) [with TOrthogonal = sm_turtlesim_lc_demo::OrMissionMonitor; TClient = sm_turtlesim_lc_demo::ClMissionMonitor]’:
[14.847s] /opt/ros/humble/include/smacc2/impl/smacc_orthogonal_impl.hpp:186:66:   required from ‘std::shared_ptr<smacc2::ClientHandler<TOrthogonal, TClient> > smacc2::Orthogonal<TOrthogonal>::createClient(TArgs ...) [with TClient = sm_turtlesim_lc_demo::ClMissionMonitor; TArgs = {}; TOrthogonal = sm_turtlesim_lc_demo::OrMissionMonitor]’
[14.847s] /home/yanjiun68/workspace/Turtlesim_lc_demo/src/sm_turtlesim_lc_demo/include/sm_turtlesim_lc_demo/orthogonals/or_mission_monitor.hpp:14:41:   required from here
[14.847s] /opt/ros/humble/include/smacc2/impl/smacc_orthogonal_impl.hpp:87:64: warning: ‘void smacc2::ISmaccClient::onOrthogonalAllocation() [with TOrthogonal = sm_turtlesim_lc_demo::OrMissionMonitor; TSourceObject = sm_turtlesim_lc_demo::ClMissionMonitor]’ is deprecated: Use onStateOrthogonalAllocation instead. onOrthogonalAllocation will be removed in future versions. [-Wdeprecated-declarations]
[14.847s]    87 |   client->template onOrthogonalAllocation<TOrthogonal, TClient>();
[14.847s]       |   ~~~~~~~~~~~~~~~~~~~~~~~~~~~~~~~~~~~~~~~~~~~~~~~~~~~~~~~~~~~~~^~
[14.847s] In file included from /opt/ros/humble/include/smacc2/impl/smacc_state_machine_impl.hpp:28,
[14.847s]                  from /opt/ros/humble/include/smacc2/impl/smacc_client_impl.hpp:23,
[14.847s]                  from /opt/ros/humble/include/smacc2/smacc_state_machine.hpp:242,
[14.847s]                  from /opt/ros/humble/include/smacc2/impl/smacc_asynchronous_client_behavior_impl.hpp:23,
[14.848s]                  from /opt/ros/humble/include/smacc2/smacc_asynchronous_client_behavior.hpp:116,
[14.848s]                  from /opt/ros/humble/include/smacc2/smacc.hpp:22,
[14.848s]                  from /home/yanjiun68/workspace/Turtlesim_lc_demo/src/sm_turtlesim_lc_demo/include/sm_turtlesim_lc_demo/sm_turtlesim_lc_demo.hpp:3,
[14.848s]                  from /home/yanjiun68/workspace/Turtlesim_lc_demo/src/sm_turtlesim_lc_demo/src/sm_turtlesim_lc_demo_node.cpp:1:
[14.848s] /opt/ros/humble/include/smacc2/smacc_client.hpp:99:3: note: declared here
[14.848s]    99 |   onOrthogonalAllocation()
[14.848s]       |   ^~~~~~~~~~~~~~~~~~~~~~
[14.885s] In file included from /opt/ros/humble/include/smacc2/smacc_state_machine.hpp:245,
[14.885s]                  from /opt/ros/humble/include/smacc2/impl/smacc_asynchronous_client_behavior_impl.hpp:23,
[14.886s]                  from /opt/ros/humble/include/smacc2/smacc_asynchronous_client_behavior.hpp:116,
[14.886s]                  from /opt/ros/humble/include/smacc2/smacc.hpp:22,
[14.886s]                  from /home/yanjiun68/workspace/Turtlesim_lc_demo/src/sm_turtlesim_lc_demo/include/sm_turtlesim_lc_demo/sm_turtlesim_lc_demo.hpp:3,
[14.886s]                  from /home/yanjiun68/workspace/Turtlesim_lc_demo/src/sm_turtlesim_lc_demo/src/sm_turtlesim_lc_demo_node.cpp:1:
[14.886s] /opt/ros/humble/include/smacc2/impl/smacc_state_impl.hpp: In instantiation of ‘std::shared_ptr<_Tp> smacc2::ISmaccState::configure(Args&& ...) [with TOrthogonal = sm_turtlesim_lc_demo::OrLifecycleManager; TBehavior = sm_turtlesim_lc_demo::CbShutdownManagedNodes; Args = {}]’:
[14.886s] /opt/ros/humble/include/smacc2/smacc_state_base.hpp:211:49:   required from ‘static void smacc2::SmaccState<MostDerived, Context, InnerInitial, historyMode>::configure_orthogonal(Args&& ...) [with TOrthogonal = sm_turtlesim_lc_demo::OrLifecycleManager; TBehavior = sm_turtlesim_lc_demo::CbShutdownManagedNodes; Args = {}; MostDerived = sm_turtlesim_lc_demo::StShutdown; Context = sm_turtlesim_lc_demo::SmTurtlesimLcDemo; InnerInitial = boost::mpl::list<mpl_::na, mpl_::na, mpl_::na, mpl_::na, mpl_::na, mpl_::na, mpl_::na, mpl_::na, mpl_::na, mpl_::na, mpl_::na, mpl_::na, mpl_::na, mpl_::na, mpl_::na, mpl_::na, mpl_::na, mpl_::na, mpl_::na, mpl_::na>; boost::statechart::history_mode historyMode = boost::statechart::has_deep_history]’
[14.886s] /home/yanjiun68/workspace/Turtlesim_lc_demo/src/sm_turtlesim_lc_demo/include/sm_turtlesim_lc_demo/states/st_shutdown.hpp:25:69:   required from here
[14.886s] /opt/ros/humble/include/smacc2/impl/smacc_state_impl.hpp:50:76: warning: ‘void smacc2::ISmaccClientBehavior::onOrthogonalAllocation() [with TOrthogonal = sm_turtlesim_lc_demo::OrLifecycleManager; TSourceObject = sm_turtlesim_lc_demo::CbShutdownManagedNodes]’ is deprecated: Use onStateOrthogonalAllocation instead. onOrthogonalAllocation will be removed in future versions. [-Wdeprecated-declarations]
[14.886s]    50 |     clientBehavior->template onOrthogonalAllocation<TOrthogonal, TBehavior>();
[14.886s]       |     ~~~~~~~~~~~~~~~~~~~~~~~~~~~~~~~~~~~~~~~~~~~~~~~~~~~~~~~~~~~~~~~~~~~~~~~^~
[14.887s] In file included from /opt/ros/humble/include/smacc2/smacc_client_behavior.hpp:35,
[14.887s]                  from /opt/ros/humble/include/smacc2/impl/smacc_state_impl.hpp:23,
[14.887s]                  from /opt/ros/humble/include/smacc2/smacc_state_machine.hpp:245,
[14.887s]                  from /opt/ros/humble/include/smacc2/impl/smacc_asynchronous_client_behavior_impl.hpp:23,
[14.887s]                  from /opt/ros/humble/include/smacc2/smacc_asynchronous_client_behavior.hpp:116,
[14.887s]                  from /opt/ros/humble/include/smacc2/smacc.hpp:22,
[14.887s]                  from /home/yanjiun68/workspace/Turtlesim_lc_demo/src/sm_turtlesim_lc_demo/include/sm_turtlesim_lc_demo/sm_turtlesim_lc_demo.hpp:3,
[14.887s]                  from /home/yanjiun68/workspace/Turtlesim_lc_demo/src/sm_turtlesim_lc_demo/src/sm_turtlesim_lc_demo_node.cpp:1:
[14.887s] /opt/ros/humble/include/smacc2/impl/smacc_client_behavior_impl.hpp:99:6: note: declared here
[14.887s]    99 | void ISmaccClientBehavior::onOrthogonalAllocation()
[14.887s]       |      ^~~~~~~~~~~~~~~~~~~~
[14.900s] In file included from /opt/ros/humble/include/smacc2/smacc_state_machine.hpp:245,
[14.900s]                  from /opt/ros/humble/include/smacc2/impl/smacc_asynchronous_client_behavior_impl.hpp:23,
[14.900s]                  from /opt/ros/humble/include/smacc2/smacc_asynchronous_client_behavior.hpp:116,
[14.900s]                  from /opt/ros/humble/include/smacc2/smacc.hpp:22,
[14.900s]                  from /home/yanjiun68/workspace/Turtlesim_lc_demo/src/sm_turtlesim_lc_demo/include/sm_turtlesim_lc_demo/sm_turtlesim_lc_demo.hpp:3,
[14.900s]                  from /home/yanjiun68/workspace/Turtlesim_lc_demo/src/sm_turtlesim_lc_demo/src/sm_turtlesim_lc_demo_node.cpp:1:
[14.900s] /opt/ros/humble/include/smacc2/impl/smacc_state_impl.hpp: In instantiation of ‘std::shared_ptr<_Tp> smacc2::ISmaccState::configure(Args&& ...) [with TOrthogonal = sm_turtlesim_lc_demo::OrLifecycleManager; TBehavior = sm_turtlesim_lc_demo::CbStartupManagedNodes; Args = {}]’:
[14.900s] /opt/ros/humble/include/smacc2/smacc_state_base.hpp:211:49:   required from ‘static void smacc2::SmaccState<MostDerived, Context, InnerInitial, historyMode>::configure_orthogonal(Args&& ...) [with TOrthogonal = sm_turtlesim_lc_demo::OrLifecycleManager; TBehavior = sm_turtlesim_lc_demo::CbStartupManagedNodes; Args = {}; MostDerived = sm_turtlesim_lc_demo::StStartup; Context = sm_turtlesim_lc_demo::SmTurtlesimLcDemo; InnerInitial = boost::mpl::list<mpl_::na, mpl_::na, mpl_::na, mpl_::na, mpl_::na, mpl_::na, mpl_::na, mpl_::na, mpl_::na, mpl_::na, mpl_::na, mpl_::na, mpl_::na, mpl_::na, mpl_::na, mpl_::na, mpl_::na, mpl_::na, mpl_::na, mpl_::na>; boost::statechart::history_mode historyMode = boost::statechart::has_deep_history]’
[14.900s] /home/yanjiun68/workspace/Turtlesim_lc_demo/src/sm_turtlesim_lc_demo/include/sm_turtlesim_lc_demo/states/st_startup.hpp:25:68:   required from here
[14.900s] /opt/ros/humble/include/smacc2/impl/smacc_state_impl.hpp:50:76: warning: ‘void smacc2::ISmaccClientBehavior::onOrthogonalAllocation() [with TOrthogonal = sm_turtlesim_lc_demo::OrLifecycleManager; TSourceObject = sm_turtlesim_lc_demo::CbStartupManagedNodes]’ is deprecated: Use onStateOrthogonalAllocation instead. onOrthogonalAllocation will be removed in future versions. [-Wdeprecated-declarations]
[14.900s]    50 |     clientBehavior->template onOrthogonalAllocation<TOrthogonal, TBehavior>();
[14.901s]       |     ~~~~~~~~~~~~~~~~~~~~~~~~~~~~~~~~~~~~~~~~~~~~~~~~~~~~~~~~~~~~~~~~~~~~~~~^~
[14.901s] In file included from /opt/ros/humble/include/smacc2/smacc_client_behavior.hpp:35,
[14.901s]                  from /opt/ros/humble/include/smacc2/impl/smacc_state_impl.hpp:23,
[14.901s]                  from /opt/ros/humble/include/smacc2/smacc_state_machine.hpp:245,
[14.901s]                  from /opt/ros/humble/include/smacc2/impl/smacc_asynchronous_client_behavior_impl.hpp:23,
[14.901s]                  from /opt/ros/humble/include/smacc2/smacc_asynchronous_client_behavior.hpp:116,
[14.901s]                  from /opt/ros/humble/include/smacc2/smacc.hpp:22,
[14.901s]                  from /home/yanjiun68/workspace/Turtlesim_lc_demo/src/sm_turtlesim_lc_demo/include/sm_turtlesim_lc_demo/sm_turtlesim_lc_demo.hpp:3,
[14.901s]                  from /home/yanjiun68/workspace/Turtlesim_lc_demo/src/sm_turtlesim_lc_demo/src/sm_turtlesim_lc_demo_node.cpp:1:
[14.901s] /opt/ros/humble/include/smacc2/impl/smacc_client_behavior_impl.hpp:99:6: note: declared here
[14.901s]    99 | void ISmaccClientBehavior::onOrthogonalAllocation()
[14.901s]       |      ^~~~~~~~~~~~~~~~~~~~
[14.907s] In file included from /opt/ros/humble/include/smacc2/smacc_state_machine.hpp:245,
[14.907s]                  from /opt/ros/humble/include/smacc2/impl/smacc_asynchronous_client_behavior_impl.hpp:23,
[14.907s]                  from /opt/ros/humble/include/smacc2/smacc_asynchronous_client_behavior.hpp:116,
[14.907s]                  from /opt/ros/humble/include/smacc2/smacc.hpp:22,
[14.907s]                  from /home/yanjiun68/workspace/Turtlesim_lc_demo/src/sm_turtlesim_lc_demo/include/sm_turtlesim_lc_demo/sm_turtlesim_lc_demo.hpp:3,
[14.907s]                  from /home/yanjiun68/workspace/Turtlesim_lc_demo/src/sm_turtlesim_lc_demo/src/sm_turtlesim_lc_demo_node.cpp:1:
[14.907s] /opt/ros/humble/include/smacc2/impl/smacc_state_impl.hpp: In instantiation of ‘std::shared_ptr<_Tp> smacc2::ISmaccState::configure(Args&& ...) [with TOrthogonal = sm_turtlesim_lc_demo::OrMissionMonitor; TBehavior = sm_turtlesim_lc_demo::CbPublishTermination; Args = {}]’:
[14.907s] /opt/ros/humble/include/smacc2/smacc_state_base.hpp:211:49:   required from ‘static void smacc2::SmaccState<MostDerived, Context, InnerInitial, historyMode>::configure_orthogonal(Args&& ...) [with TOrthogonal = sm_turtlesim_lc_demo::OrMissionMonitor; TBehavior = sm_turtlesim_lc_demo::CbPublishTermination; Args = {}; MostDerived = sm_turtlesim_lc_demo::StTerminated; Context = sm_turtlesim_lc_demo::SmTurtlesimLcDemo; InnerInitial = boost::mpl::list<mpl_::na, mpl_::na, mpl_::na, mpl_::na, mpl_::na, mpl_::na, mpl_::na, mpl_::na, mpl_::na, mpl_::na, mpl_::na, mpl_::na, mpl_::na, mpl_::na, mpl_::na, mpl_::na, mpl_::na, mpl_::na, mpl_::na, mpl_::na>; boost::statechart::history_mode historyMode = boost::statechart::has_deep_history]’
[14.907s] /home/yanjiun68/workspace/Turtlesim_lc_demo/src/sm_turtlesim_lc_demo/include/sm_turtlesim_lc_demo/states/st_terminated.hpp:17:65:   required from here
[14.908s] /opt/ros/humble/include/smacc2/impl/smacc_state_impl.hpp:50:76: warning: ‘void smacc2::ISmaccClientBehavior::onOrthogonalAllocation() [with TOrthogonal = sm_turtlesim_lc_demo::OrMissionMonitor; TSourceObject = sm_turtlesim_lc_demo::CbPublishTermination]’ is deprecated: Use onStateOrthogonalAllocation instead. onOrthogonalAllocation will be removed in future versions. [-Wdeprecated-declarations]
[14.908s]    50 |     clientBehavior->template onOrthogonalAllocation<TOrthogonal, TBehavior>();
[14.908s]       |     ~~~~~~~~~~~~~~~~~~~~~~~~~~~~~~~~~~~~~~~~~~~~~~~~~~~~~~~~~~~~~~~~~~~~~~~^~
[14.908s] In file included from /opt/ros/humble/include/smacc2/smacc_client_behavior.hpp:35,
[14.908s]                  from /opt/ros/humble/include/smacc2/impl/smacc_state_impl.hpp:23,
[14.908s]                  from /opt/ros/humble/include/smacc2/smacc_state_machine.hpp:245,
[14.908s]                  from /opt/ros/humble/include/smacc2/impl/smacc_asynchronous_client_behavior_impl.hpp:23,
[14.908s]                  from /opt/ros/humble/include/smacc2/smacc_asynchronous_client_behavior.hpp:116,
[14.908s]                  from /opt/ros/humble/include/smacc2/smacc.hpp:22,
[14.908s]                  from /home/yanjiun68/workspace/Turtlesim_lc_demo/src/sm_turtlesim_lc_demo/include/sm_turtlesim_lc_demo/sm_turtlesim_lc_demo.hpp:3,
[14.908s]                  from /home/yanjiun68/workspace/Turtlesim_lc_demo/src/sm_turtlesim_lc_demo/src/sm_turtlesim_lc_demo_node.cpp:1:
[14.908s] /opt/ros/humble/include/smacc2/impl/smacc_client_behavior_impl.hpp:99:6: note: declared here
[14.908s]    99 | void ISmaccClientBehavior::onOrthogonalAllocation()
[14.908s]       |      ^~~~~~~~~~~~~~~~~~~~
[21.403s] [ 75%] Linking CXX executable square_path_lifecycle_node
[23.005s] [ 75%] Built target square_path_lifecycle_node
[38.736s] [100%] Linking CXX executable sm_turtlesim_lc_demo_node
[41.189s] [100%] Built target sm_turtlesim_lc_demo_node
[41.225s] Invoked command in '/home/yanjiun68/workspace/Turtlesim_lc_demo/build/sm_turtlesim_lc_demo' returned '0': AMENT_PREFIX_PATH=/home/yanjiun68/workspace/Turtlesim_lc_demo/install/turtlesim_lc_interfaces:${AMENT_PREFIX_PATH} CMAKE_PREFIX_PATH=/home/yanjiun68/workspace/Turtlesim_lc_demo/install/turtlesim_lc_interfaces:/home/yanjiun68/workspace/putrabot/install/voice:/home/yanjiun68/workspace/putrabot/install/vision:/home/yanjiun68/workspace/putrabot/install/robot_description:/home/yanjiun68/workspace/putrabot/install/realsense2_description:/home/yanjiun68/workspace/putrabot/install/realsense2_camera:/home/yanjiun68/workspace/putrabot/install/realsense2_camera_msgs:/home/yanjiun68/workspace/putrabot/install/putrabot_base:/home/yanjiun68/workspace/putrabot/install/my_robot_nav:/home/yanjiun68/workspace/putrabot/install/lift_moveit_config:/home/yanjiun68/workspace/putrabot/install/lift_description:/home/yanjiun68/workspace/humble_ws/install/undo_path_global_planner:/home/yanjiun68/workspace/humble_ws/install/sr_event_countdown:/home/yanjiun68/workspace/humble_ws/install/sr_conditional:/home/yanjiun68/workspace/humble_ws/install/sm_three_some:/home/yanjiun68/workspace/humble_ws/install/sm_pack_ml:/home/yanjiun68/workspace/humble_ws/install/sm_multi_stage_1:/home/yanjiun68/workspace/humble_ws/install/sm_advanced_recovery_1:/home/yanjiun68/workspace/humble_ws/install/sr_all_events_go:/home/yanjiun68/workspace/humble_ws/install/multirole_sensor_client:/home/yanjiun68/workspace/humble_ws/install/smacc2_msgs:/home/yanjiun68/workspace/humble_ws/install/sm_simple_action_client:/home/yanjiun68/workspace/humble_ws/install/sm_panda_moveit2z_cb_inventory:/home/yanjiun68/workspace/humble_ws/install/sm_panda_cl_moveit2z_cb_inventory:/home/yanjiun68/workspace/humble_ws/install/sm_multithread_test_1:/home/yanjiun68/workspace/humble_ws/install/sm_coretest_transition_speed_1:/home/yanjiun68/workspace/humble_ws/install/sm_cl_ros2_timer_unit_test_1:/home/yanjiun68/workspace/humble_ws/install/sm_cl_keyboard_unit_test_1:/home/yanjiun68/workspace/humble_ws/install/sm_branching:/home/yanjiun68/workspace/humble_ws/install/sm_atomic_subscribers_performance_test:/home/yanjiun68/workspace/humble_ws/install/sm_atomic_performance_trace_1:/home/yanjiun68/workspace/humble_ws/install/sm_atomic_mode_states:/home/yanjiun68/workspace/humble_ws/install/sm_atomic_lifecycle:/home/yanjiun68/workspace/humble_ws/install/sm_atomic_http:/home/yanjiun68/workspace/humble_ws/install/sm_atomic:/home/yanjiun68/workspace/humble_ws/install/ros_timer_client:/home/yanjiun68/workspace/humble_ws/install/pure_spinning_local_planner:/home/yanjiun68/workspace/humble_ws/install/forward_local_planner:/home/yanjiun68/workspace/humble_ws/install/backward_global_planner:/home/yanjiun68/workspace/humble_ws/install/forward_global_planner:/home/yanjiun68/workspace/humble_ws/install/backward_local_planner:/home/yanjiun68/workspace/humble_ws/install/nav2z_planners_common:/home/yanjiun68/workspace/humble_ws/install/nav2z_client:/home/yanjiun68/workspace/putrabot/install/mediapipe_ros:/home/yanjiun68/workspace/putrabot/install/lift_bridge:/opt/ros/humble:/home/yanjiun68/workspace/humble_ws/install/my_robot_moveit_config:/home/yanjiun68/workspace/humble_ws/install/moveit2z_client:/home/yanjiun68/workspace/humble_ws/install/lifecyclenode_client:/home/yanjiun68/workspace/humble_ws/install/keyboard_client:/home/yanjiun68/workspace/humble_ws/install/http_client:/home/yanjiun68/workspace/humble_ws/install/eg_random_generator:/home/yanjiun68/workspace/humble_ws/install/eg_conditional_generator:/home/yanjiun68/workspace/humble_ws/install/cl_ros2_timer:/home/yanjiun68/workspace/humble_ws/install/cl_nav2z:/home/yanjiun68/workspace/humble_ws/install/cl_moveit2z:/home/yanjiun68/workspace/humble_ws/install/cl_keyboard CONDA_PROMPT_MODIFIER=(base) LD_LIBRARY_PATH=/home/yanjiun68/workspace/Turtlesim_lc_demo/install/turtlesim_lc_interfaces/lib:${LD_LIBRARY_PATH} PYTHONPATH=/home/yanjiun68/workspace/Turtlesim_lc_demo/install/turtlesim_lc_interfaces/local/lib/python3.10/dist-packages:${PYTHONPATH} /usr/bin/cmake --build /home/yanjiun68/workspace/Turtlesim_lc_demo/build/sm_turtlesim_lc_demo -- -j16 -l16
[41.229s] Invoking command in '/home/yanjiun68/workspace/Turtlesim_lc_demo/build/sm_turtlesim_lc_demo': AMENT_PREFIX_PATH=/home/yanjiun68/workspace/Turtlesim_lc_demo/install/turtlesim_lc_interfaces:${AMENT_PREFIX_PATH} CMAKE_PREFIX_PATH=/home/yanjiun68/workspace/Turtlesim_lc_demo/install/turtlesim_lc_interfaces:/home/yanjiun68/workspace/putrabot/install/voice:/home/yanjiun68/workspace/putrabot/install/vision:/home/yanjiun68/workspace/putrabot/install/robot_description:/home/yanjiun68/workspace/putrabot/install/realsense2_description:/home/yanjiun68/workspace/putrabot/install/realsense2_camera:/home/yanjiun68/workspace/putrabot/install/realsense2_camera_msgs:/home/yanjiun68/workspace/putrabot/install/putrabot_base:/home/yanjiun68/workspace/putrabot/install/my_robot_nav:/home/yanjiun68/workspace/putrabot/install/lift_moveit_config:/home/yanjiun68/workspace/putrabot/install/lift_description:/home/yanjiun68/workspace/humble_ws/install/undo_path_global_planner:/home/yanjiun68/workspace/humble_ws/install/sr_event_countdown:/home/yanjiun68/workspace/humble_ws/install/sr_conditional:/home/yanjiun68/workspace/humble_ws/install/sm_three_some:/home/yanjiun68/workspace/humble_ws/install/sm_pack_ml:/home/yanjiun68/workspace/humble_ws/install/sm_multi_stage_1:/home/yanjiun68/workspace/humble_ws/install/sm_advanced_recovery_1:/home/yanjiun68/workspace/humble_ws/install/sr_all_events_go:/home/yanjiun68/workspace/humble_ws/install/multirole_sensor_client:/home/yanjiun68/workspace/humble_ws/install/smacc2_msgs:/home/yanjiun68/workspace/humble_ws/install/sm_simple_action_client:/home/yanjiun68/workspace/humble_ws/install/sm_panda_moveit2z_cb_inventory:/home/yanjiun68/workspace/humble_ws/install/sm_panda_cl_moveit2z_cb_inventory:/home/yanjiun68/workspace/humble_ws/install/sm_multithread_test_1:/home/yanjiun68/workspace/humble_ws/install/sm_coretest_transition_speed_1:/home/yanjiun68/workspace/humble_ws/install/sm_cl_ros2_timer_unit_test_1:/home/yanjiun68/workspace/humble_ws/install/sm_cl_keyboard_unit_test_1:/home/yanjiun68/workspace/humble_ws/install/sm_branching:/home/yanjiun68/workspace/humble_ws/install/sm_atomic_subscribers_performance_test:/home/yanjiun68/workspace/humble_ws/install/sm_atomic_performance_trace_1:/home/yanjiun68/workspace/humble_ws/install/sm_atomic_mode_states:/home/yanjiun68/workspace/humble_ws/install/sm_atomic_lifecycle:/home/yanjiun68/workspace/humble_ws/install/sm_atomic_http:/home/yanjiun68/workspace/humble_ws/install/sm_atomic:/home/yanjiun68/workspace/humble_ws/install/ros_timer_client:/home/yanjiun68/workspace/humble_ws/install/pure_spinning_local_planner:/home/yanjiun68/workspace/humble_ws/install/forward_local_planner:/home/yanjiun68/workspace/humble_ws/install/backward_global_planner:/home/yanjiun68/workspace/humble_ws/install/forward_global_planner:/home/yanjiun68/workspace/humble_ws/install/backward_local_planner:/home/yanjiun68/workspace/humble_ws/install/nav2z_planners_common:/home/yanjiun68/workspace/humble_ws/install/nav2z_client:/home/yanjiun68/workspace/putrabot/install/mediapipe_ros:/home/yanjiun68/workspace/putrabot/install/lift_bridge:/opt/ros/humble:/home/yanjiun68/workspace/humble_ws/install/my_robot_moveit_config:/home/yanjiun68/workspace/humble_ws/install/moveit2z_client:/home/yanjiun68/workspace/humble_ws/install/lifecyclenode_client:/home/yanjiun68/workspace/humble_ws/install/keyboard_client:/home/yanjiun68/workspace/humble_ws/install/http_client:/home/yanjiun68/workspace/humble_ws/install/eg_random_generator:/home/yanjiun68/workspace/humble_ws/install/eg_conditional_generator:/home/yanjiun68/workspace/humble_ws/install/cl_ros2_timer:/home/yanjiun68/workspace/humble_ws/install/cl_nav2z:/home/yanjiun68/workspace/humble_ws/install/cl_moveit2z:/home/yanjiun68/workspace/humble_ws/install/cl_keyboard CONDA_PROMPT_MODIFIER=(base) LD_LIBRARY_PATH=/home/yanjiun68/workspace/Turtlesim_lc_demo/install/turtlesim_lc_interfaces/lib:${LD_LIBRARY_PATH} PYTHONPATH=/home/yanjiun68/workspace/Turtlesim_lc_demo/install/turtlesim_lc_interfaces/local/lib/python3.10/dist-packages:${PYTHONPATH} /usr/bin/cmake --install /home/yanjiun68/workspace/Turtlesim_lc_demo/build/sm_turtlesim_lc_demo
[41.254s] -- Install configuration: ""
[41.255s] -- Execute custom install script
[41.257s] -- Symlinking: /home/yanjiun68/workspace/Turtlesim_lc_demo/install/sm_turtlesim_lc_demo/include/sm_turtlesim_lc_demo/client_behaviors/cb_publish_termination.hpp
[41.283s] -- Symlinking: /home/yanjiun68/workspace/Turtlesim_lc_demo/install/sm_turtlesim_lc_demo/include/sm_turtlesim_lc_demo/client_behaviors/cb_shutdown_managed_nodes.hpp
[41.310s] -- Symlinking: /home/yanjiun68/workspace/Turtlesim_lc_demo/install/sm_turtlesim_lc_demo/include/sm_turtlesim_lc_demo/client_behaviors/cb_startup_managed_nodes.hpp
[41.337s] -- Symlinking: /home/yanjiun68/workspace/Turtlesim_lc_demo/install/sm_turtlesim_lc_demo/include/sm_turtlesim_lc_demo/clients/cl_lifecycle_manager.hpp
[41.360s] -- Symlinking: /home/yanjiun68/workspace/Turtlesim_lc_demo/install/sm_turtlesim_lc_demo/include/sm_turtlesim_lc_demo/clients/cl_mission_monitor.hpp
[41.378s] -- Symlinking: /home/yanjiun68/workspace/Turtlesim_lc_demo/install/sm_turtlesim_lc_demo/include/sm_turtlesim_lc_demo/orthogonals/or_lifecycle_manager.hpp
[41.401s] -- Symlinking: /home/yanjiun68/workspace/Turtlesim_lc_demo/install/sm_turtlesim_lc_demo/include/sm_turtlesim_lc_demo/orthogonals/or_mission_monitor.hpp
[41.423s] -- Symlinking: /home/yanjiun68/workspace/Turtlesim_lc_demo/install/sm_turtlesim_lc_demo/include/sm_turtlesim_lc_demo/sm_turtlesim_lc_demo.hpp
[41.448s] -- Symlinking: /home/yanjiun68/workspace/Turtlesim_lc_demo/install/sm_turtlesim_lc_demo/include/sm_turtlesim_lc_demo/states/st_error.hpp
[41.475s] -- Symlinking: /home/yanjiun68/workspace/Turtlesim_lc_demo/install/sm_turtlesim_lc_demo/include/sm_turtlesim_lc_demo/states/st_monitor_mission.hpp
[41.503s] -- Symlinking: /home/yanjiun68/workspace/Turtlesim_lc_demo/install/sm_turtlesim_lc_demo/include/sm_turtlesim_lc_demo/states/st_shutdown.hpp
[41.527s] -- Symlinking: /home/yanjiun68/workspace/Turtlesim_lc_demo/install/sm_turtlesim_lc_demo/include/sm_turtlesim_lc_demo/states/st_startup.hpp
[41.559s] -- Symlinking: /home/yanjiun68/workspace/Turtlesim_lc_demo/install/sm_turtlesim_lc_demo/include/sm_turtlesim_lc_demo/states/st_terminated.hpp
[41.586s] -- Symlinking: /home/yanjiun68/workspace/Turtlesim_lc_demo/install/sm_turtlesim_lc_demo/share/sm_turtlesim_lc_demo/launch/turtlesim_lc_demo.launch.py
[41.612s] -- Symlinking: /home/yanjiun68/workspace/Turtlesim_lc_demo/install/sm_turtlesim_lc_demo/lib/sm_turtlesim_lc_demo/sm_turtlesim_lc_demo_node
[41.633s] -- Symlinking: /home/yanjiun68/workspace/Turtlesim_lc_demo/install/sm_turtlesim_lc_demo/lib/sm_turtlesim_lc_demo/square_path_lifecycle_node
[41.655s] -- Symlinking: /home/yanjiun68/workspace/Turtlesim_lc_demo/install/sm_turtlesim_lc_demo/share/ament_index/resource_index/package_run_dependencies/sm_turtlesim_lc_demo
[41.674s] -- Symlinking: /home/yanjiun68/workspace/Turtlesim_lc_demo/install/sm_turtlesim_lc_demo/share/ament_index/resource_index/parent_prefix_path/sm_turtlesim_lc_demo
[41.697s] -- Symlinking: /home/yanjiun68/workspace/Turtlesim_lc_demo/install/sm_turtlesim_lc_demo/share/sm_turtlesim_lc_demo/environment/ament_prefix_path.sh
[41.723s] -- Symlinking: /home/yanjiun68/workspace/Turtlesim_lc_demo/install/sm_turtlesim_lc_demo/share/sm_turtlesim_lc_demo/environment/ament_prefix_path.dsv
[41.750s] -- Symlinking: /home/yanjiun68/workspace/Turtlesim_lc_demo/install/sm_turtlesim_lc_demo/share/sm_turtlesim_lc_demo/environment/path.sh
[41.781s] -- Symlinking: /home/yanjiun68/workspace/Turtlesim_lc_demo/install/sm_turtlesim_lc_demo/share/sm_turtlesim_lc_demo/environment/path.dsv
[41.813s] -- Symlinking: /home/yanjiun68/workspace/Turtlesim_lc_demo/install/sm_turtlesim_lc_demo/share/sm_turtlesim_lc_demo/local_setup.bash
[41.845s] -- Symlinking: /home/yanjiun68/workspace/Turtlesim_lc_demo/install/sm_turtlesim_lc_demo/share/sm_turtlesim_lc_demo/local_setup.sh
[41.875s] -- Symlinking: /home/yanjiun68/workspace/Turtlesim_lc_demo/install/sm_turtlesim_lc_demo/share/sm_turtlesim_lc_demo/local_setup.zsh
[41.901s] -- Symlinking: /home/yanjiun68/workspace/Turtlesim_lc_demo/install/sm_turtlesim_lc_demo/share/sm_turtlesim_lc_demo/local_setup.dsv
[41.923s] -- Symlinking: /home/yanjiun68/workspace/Turtlesim_lc_demo/install/sm_turtlesim_lc_demo/share/sm_turtlesim_lc_demo/package.dsv
[41.947s] -- Symlinking: /home/yanjiun68/workspace/Turtlesim_lc_demo/install/sm_turtlesim_lc_demo/share/ament_index/resource_index/packages/sm_turtlesim_lc_demo
[41.969s] -- Symlinking: /home/yanjiun68/workspace/Turtlesim_lc_demo/install/sm_turtlesim_lc_demo/share/sm_turtlesim_lc_demo/cmake/sm_turtlesim_lc_demoConfig.cmake
[41.995s] -- Symlinking: /home/yanjiun68/workspace/Turtlesim_lc_demo/install/sm_turtlesim_lc_demo/share/sm_turtlesim_lc_demo/cmake/sm_turtlesim_lc_demoConfig-version.cmake
[42.018s] -- Symlinking: /home/yanjiun68/workspace/Turtlesim_lc_demo/install/sm_turtlesim_lc_demo/share/sm_turtlesim_lc_demo/package.xml
[42.056s] Invoked command in '/home/yanjiun68/workspace/Turtlesim_lc_demo/build/sm_turtlesim_lc_demo' returned '0': AMENT_PREFIX_PATH=/home/yanjiun68/workspace/Turtlesim_lc_demo/install/turtlesim_lc_interfaces:${AMENT_PREFIX_PATH} CMAKE_PREFIX_PATH=/home/yanjiun68/workspace/Turtlesim_lc_demo/install/turtlesim_lc_interfaces:/home/yanjiun68/workspace/putrabot/install/voice:/home/yanjiun68/workspace/putrabot/install/vision:/home/yanjiun68/workspace/putrabot/install/robot_description:/home/yanjiun68/workspace/putrabot/install/realsense2_description:/home/yanjiun68/workspace/putrabot/install/realsense2_camera:/home/yanjiun68/workspace/putrabot/install/realsense2_camera_msgs:/home/yanjiun68/workspace/putrabot/install/putrabot_base:/home/yanjiun68/workspace/putrabot/install/my_robot_nav:/home/yanjiun68/workspace/putrabot/install/lift_moveit_config:/home/yanjiun68/workspace/putrabot/install/lift_description:/home/yanjiun68/workspace/humble_ws/install/undo_path_global_planner:/home/yanjiun68/workspace/humble_ws/install/sr_event_countdown:/home/yanjiun68/workspace/humble_ws/install/sr_conditional:/home/yanjiun68/workspace/humble_ws/install/sm_three_some:/home/yanjiun68/workspace/humble_ws/install/sm_pack_ml:/home/yanjiun68/workspace/humble_ws/install/sm_multi_stage_1:/home/yanjiun68/workspace/humble_ws/install/sm_advanced_recovery_1:/home/yanjiun68/workspace/humble_ws/install/sr_all_events_go:/home/yanjiun68/workspace/humble_ws/install/multirole_sensor_client:/home/yanjiun68/workspace/humble_ws/install/smacc2_msgs:/home/yanjiun68/workspace/humble_ws/install/sm_simple_action_client:/home/yanjiun68/workspace/humble_ws/install/sm_panda_moveit2z_cb_inventory:/home/yanjiun68/workspace/humble_ws/install/sm_panda_cl_moveit2z_cb_inventory:/home/yanjiun68/workspace/humble_ws/install/sm_multithread_test_1:/home/yanjiun68/workspace/humble_ws/install/sm_coretest_transition_speed_1:/home/yanjiun68/workspace/humble_ws/install/sm_cl_ros2_timer_unit_test_1:/home/yanjiun68/workspace/humble_ws/install/sm_cl_keyboard_unit_test_1:/home/yanjiun68/workspace/humble_ws/install/sm_branching:/home/yanjiun68/workspace/humble_ws/install/sm_atomic_subscribers_performance_test:/home/yanjiun68/workspace/humble_ws/install/sm_atomic_performance_trace_1:/home/yanjiun68/workspace/humble_ws/install/sm_atomic_mode_states:/home/yanjiun68/workspace/humble_ws/install/sm_atomic_lifecycle:/home/yanjiun68/workspace/humble_ws/install/sm_atomic_http:/home/yanjiun68/workspace/humble_ws/install/sm_atomic:/home/yanjiun68/workspace/humble_ws/install/ros_timer_client:/home/yanjiun68/workspace/humble_ws/install/pure_spinning_local_planner:/home/yanjiun68/workspace/humble_ws/install/forward_local_planner:/home/yanjiun68/workspace/humble_ws/install/backward_global_planner:/home/yanjiun68/workspace/humble_ws/install/forward_global_planner:/home/yanjiun68/workspace/humble_ws/install/backward_local_planner:/home/yanjiun68/workspace/humble_ws/install/nav2z_planners_common:/home/yanjiun68/workspace/humble_ws/install/nav2z_client:/home/yanjiun68/workspace/putrabot/install/mediapipe_ros:/home/yanjiun68/workspace/putrabot/install/lift_bridge:/opt/ros/humble:/home/yanjiun68/workspace/humble_ws/install/my_robot_moveit_config:/home/yanjiun68/workspace/humble_ws/install/moveit2z_client:/home/yanjiun68/workspace/humble_ws/install/lifecyclenode_client:/home/yanjiun68/workspace/humble_ws/install/keyboard_client:/home/yanjiun68/workspace/humble_ws/install/http_client:/home/yanjiun68/workspace/humble_ws/install/eg_random_generator:/home/yanjiun68/workspace/humble_ws/install/eg_conditional_generator:/home/yanjiun68/workspace/humble_ws/install/cl_ros2_timer:/home/yanjiun68/workspace/humble_ws/install/cl_nav2z:/home/yanjiun68/workspace/humble_ws/install/cl_moveit2z:/home/yanjiun68/workspace/humble_ws/install/cl_keyboard CONDA_PROMPT_MODIFIER=(base) LD_LIBRARY_PATH=/home/yanjiun68/workspace/Turtlesim_lc_demo/install/turtlesim_lc_interfaces/lib:${LD_LIBRARY_PATH} PYTHONPATH=/home/yanjiun68/workspace/Turtlesim_lc_demo/install/turtlesim_lc_interfaces/local/lib/python3.10/dist-packages:${PYTHONPATH} /usr/bin/cmake --install /home/yanjiun68/workspace/Turtlesim_lc_demo/build/sm_turtlesim_lc_demo
