Consolidate compiler generated dependencies of target turtlesim_lc_interfaces__rosidl_generator_c
[  3%] Built target turtlesim_lc_interfaces__cpp
[ 12%] Built target turtlesim_lc_interfaces__rosidl_generator_c
[ 12%] Built target ament_cmake_python_symlink_turtlesim_lc_interfaces
Consolidate compiler generated dependencies of target turtlesim_lc_interfaces__rosidl_typesupport_cpp
Consolidate compiler generated dependencies of target turtlesim_lc_interfaces__rosidl_typesupport_introspection_cpp
Consolidate compiler generated dependencies of target turtlesim_lc_interfaces__rosidl_typesupport_c
Consolidate compiler generated dependencies of target turtlesim_lc_interfaces__rosidl_typesupport_fastrtps_c
Consolidate compiler generated dependencies of target turtlesim_lc_interfaces__rosidl_typesupport_fastrtps_cpp
Consolidate compiler generated dependencies of target turtlesim_lc_interfaces__rosidl_typesupport_introspection_c
[ 22%] Built target turtlesim_lc_interfaces__rosidl_typesupport_c
[ 38%] Built target turtlesim_lc_interfaces__rosidl_typesupport_fastrtps_c
[ 41%] Built target turtlesim_lc_interfaces__rosidl_typesupport_cpp
[ 51%] Built target turtlesim_lc_interfaces__rosidl_typesupport_introspection_cpp
[ 61%] Built target turtlesim_lc_interfaces__rosidl_typesupport_fastrtps_cpp
[ 70%] Built target turtlesim_lc_interfaces__rosidl_typesupport_introspection_c
[ 70%] Built target turtlesim_lc_interfaces
[ 74%] Generating Python code for ROS interfaces
running egg_info
writing turtlesim_lc_interfaces.egg-info/PKG-INFO
writing dependency_links to turtlesim_lc_interfaces.egg-info/dependency_links.txt
writing top-level names to turtlesim_lc_interfaces.egg-info/top_level.txt
reading manifest file 'turtlesim_lc_interfaces.egg-info/SOURCES.txt'
writing manifest file 'turtlesim_lc_interfaces.egg-info/SOURCES.txt'
[ 74%] Built target ament_cmake_python_build_turtlesim_lc_interfaces_egg
