[0.018s] Invoking command in '/home/yanjiun68/workspace/Turtlesim_lc_demo/build/turtlesim_lc_interfaces': CMAKE_PREFIX_PATH=/home/yanjiun68/workspace/putrabot/install/voice:/home/yanjiun68/workspace/putrabot/install/vision:/home/yanjiun68/workspace/putrabot/install/robot_description:/home/yanjiun68/workspace/putrabot/install/realsense2_description:/home/yanjiun68/workspace/putrabot/install/realsense2_camera:/home/yanjiun68/workspace/putrabot/install/realsense2_camera_msgs:/home/yanjiun68/workspace/putrabot/install/putrabot_base:/home/yanjiun68/workspace/putrabot/install/my_robot_nav:/home/yanjiun68/workspace/putrabot/install/lift_moveit_config:/home/yanjiun68/workspace/putrabot/install/lift_description:/home/yanjiun68/workspace/humble_ws/install/undo_path_global_planner:/home/yanjiun68/workspace/humble_ws/install/sr_event_countdown:/home/yanjiun68/workspace/humble_ws/install/sr_conditional:/home/yanjiun68/workspace/humble_ws/install/sm_three_some:/home/yanjiun68/workspace/humble_ws/install/sm_pack_ml:/home/yanjiun68/workspace/humble_ws/install/sm_multi_stage_1:/home/yanjiun68/workspace/humble_ws/install/sm_advanced_recovery_1:/home/yanjiun68/workspace/humble_ws/install/sr_all_events_go:/home/yanjiun68/workspace/humble_ws/install/multirole_sensor_client:/home/yanjiun68/workspace/humble_ws/install/smacc2_msgs:/home/yanjiun68/workspace/humble_ws/install/sm_simple_action_client:/home/yanjiun68/workspace/humble_ws/install/sm_panda_moveit2z_cb_inventory:/home/yanjiun68/workspace/humble_ws/install/sm_panda_cl_moveit2z_cb_inventory:/home/yanjiun68/workspace/humble_ws/install/sm_multithread_test_1:/home/yanjiun68/workspace/humble_ws/install/sm_coretest_transition_speed_1:/home/yanjiun68/workspace/humble_ws/install/sm_cl_ros2_timer_unit_test_1:/home/yanjiun68/workspace/humble_ws/install/sm_cl_keyboard_unit_test_1:/home/yanjiun68/workspace/humble_ws/install/sm_branching:/home/yanjiun68/workspace/humble_ws/install/sm_atomic_subscribers_performance_test:/home/yanjiun68/workspace/humble_ws/install/sm_atomic_performance_trace_1:/home/yanjiun68/workspace/humble_ws/install/sm_atomic_mode_states:/home/yanjiun68/workspace/humble_ws/install/sm_atomic_lifecycle:/home/yanjiun68/workspace/humble_ws/install/sm_atomic_http:/home/yanjiun68/workspace/humble_ws/install/sm_atomic:/home/yanjiun68/workspace/humble_ws/install/ros_timer_client:/home/yanjiun68/workspace/humble_ws/install/pure_spinning_local_planner:/home/yanjiun68/workspace/humble_ws/install/forward_local_planner:/home/yanjiun68/workspace/humble_ws/install/backward_global_planner:/home/yanjiun68/workspace/humble_ws/install/forward_global_planner:/home/yanjiun68/workspace/humble_ws/install/backward_local_planner:/home/yanjiun68/workspace/humble_ws/install/nav2z_planners_common:/home/yanjiun68/workspace/humble_ws/install/nav2z_client:/home/yanjiun68/workspace/putrabot/install/mediapipe_ros:/home/yanjiun68/workspace/putrabot/install/lift_bridge:/opt/ros/humble:/home/yanjiun68/workspace/humble_ws/install/my_robot_moveit_config:/home/yanjiun68/workspace/humble_ws/install/moveit2z_client:/home/yanjiun68/workspace/humble_ws/install/lifecyclenode_client:/home/yanjiun68/workspace/humble_ws/install/keyboard_client:/home/yanjiun68/workspace/humble_ws/install/http_client:/home/yanjiun68/workspace/humble_ws/install/eg_random_generator:/home/yanjiun68/workspace/humble_ws/install/eg_conditional_generator:/home/yanjiun68/workspace/humble_ws/install/cl_ros2_timer:/home/yanjiun68/workspace/humble_ws/install/cl_nav2z:/home/yanjiun68/workspace/humble_ws/install/cl_moveit2z:/home/yanjiun68/workspace/humble_ws/install/cl_keyboard CONDA_PROMPT_MODIFIER=(base) /usr/bin/cmake /home/yanjiun68/workspace/Turtlesim_lc_demo/src/turtlesim_lc_interfaces -DCMAKE_INSTALL_PREFIX=/home/yanjiun68/workspace/Turtlesim_lc_demo/install/turtlesim_lc_interfaces
[0.035s] -- Found ament_cmake: 1.3.12 (/opt/ros/humble/share/ament_cmake/cmake)
[0.196s] -- Override CMake install command with custom implementation using symlinks instead of copying resources
[0.203s] -- Found rosidl_default_generators: 1.2.0 (/opt/ros/humble/share/rosidl_default_generators/cmake)
[0.217s] -- Using all available rosidl_typesupport_c: rosidl_typesupport_fastrtps_c;rosidl_typesupport_introspection_c
[0.220s] -- Found rosidl_adapter: 3.1.8 (/opt/ros/humble/share/rosidl_adapter/cmake)
[0.264s] -- Using all available rosidl_typesupport_cpp: rosidl_typesupport_fastrtps_cpp;rosidl_typesupport_introspection_cpp
[0.293s] -- Found std_msgs: 4.9.0 (/opt/ros/humble/share/std_msgs/cmake)
[0.322s] -- Found geometry_msgs: 4.9.0 (/opt/ros/humble/share/geometry_msgs/cmake)
[0.716s] -- Found ament_cmake_ros: 0.10.0 (/opt/ros/humble/share/ament_cmake_ros/cmake)
[1.039s] -- Using all available rosidl_typesupport_c: rosidl_typesupport_fastrtps_c;rosidl_typesupport_introspection_c
[1.475s] -- Using all available rosidl_typesupport_cpp: rosidl_typesupport_fastrtps_cpp;rosidl_typesupport_introspection_cpp
[1.504s] -- Found python_cmake_module: 0.10.0 (/opt/ros/humble/share/python_cmake_module/cmake)
[1.538s] -- Using PYTHON_EXECUTABLE: /usr/bin/python3
[1.538s] -- Using PYTHON_INCLUDE_DIRS: /usr/include/python3.10
[1.538s] -- Using PYTHON_LIBRARIES: /usr/lib/x86_64-linux-gnu/libpython3.10.so
[1.637s] -- Configuring done
[1.673s] -- Generating done
[1.688s] -- Build files have been written to: /home/yanjiun68/workspace/Turtlesim_lc_demo/build/turtlesim_lc_interfaces
[1.695s] Invoked command in '/home/yanjiun68/workspace/Turtlesim_lc_demo/build/turtlesim_lc_interfaces' returned '0': CMAKE_PREFIX_PATH=/home/yanjiun68/workspace/putrabot/install/voice:/home/yanjiun68/workspace/putrabot/install/vision:/home/yanjiun68/workspace/putrabot/install/robot_description:/home/yanjiun68/workspace/putrabot/install/realsense2_description:/home/yanjiun68/workspace/putrabot/install/realsense2_camera:/home/yanjiun68/workspace/putrabot/install/realsense2_camera_msgs:/home/yanjiun68/workspace/putrabot/install/putrabot_base:/home/yanjiun68/workspace/putrabot/install/my_robot_nav:/home/yanjiun68/workspace/putrabot/install/lift_moveit_config:/home/yanjiun68/workspace/putrabot/install/lift_description:/home/yanjiun68/workspace/humble_ws/install/undo_path_global_planner:/home/yanjiun68/workspace/humble_ws/install/sr_event_countdown:/home/yanjiun68/workspace/humble_ws/install/sr_conditional:/home/yanjiun68/workspace/humble_ws/install/sm_three_some:/home/yanjiun68/workspace/humble_ws/install/sm_pack_ml:/home/yanjiun68/workspace/humble_ws/install/sm_multi_stage_1:/home/yanjiun68/workspace/humble_ws/install/sm_advanced_recovery_1:/home/yanjiun68/workspace/humble_ws/install/sr_all_events_go:/home/yanjiun68/workspace/humble_ws/install/multirole_sensor_client:/home/yanjiun68/workspace/humble_ws/install/smacc2_msgs:/home/yanjiun68/workspace/humble_ws/install/sm_simple_action_client:/home/yanjiun68/workspace/humble_ws/install/sm_panda_moveit2z_cb_inventory:/home/yanjiun68/workspace/humble_ws/install/sm_panda_cl_moveit2z_cb_inventory:/home/yanjiun68/workspace/humble_ws/install/sm_multithread_test_1:/home/yanjiun68/workspace/humble_ws/install/sm_coretest_transition_speed_1:/home/yanjiun68/workspace/humble_ws/install/sm_cl_ros2_timer_unit_test_1:/home/yanjiun68/workspace/humble_ws/install/sm_cl_keyboard_unit_test_1:/home/yanjiun68/workspace/humble_ws/install/sm_branching:/home/yanjiun68/workspace/humble_ws/install/sm_atomic_subscribers_performance_test:/home/yanjiun68/workspace/humble_ws/install/sm_atomic_performance_trace_1:/home/yanjiun68/workspace/humble_ws/install/sm_atomic_mode_states:/home/yanjiun68/workspace/humble_ws/install/sm_atomic_lifecycle:/home/yanjiun68/workspace/humble_ws/install/sm_atomic_http:/home/yanjiun68/workspace/humble_ws/install/sm_atomic:/home/yanjiun68/workspace/humble_ws/install/ros_timer_client:/home/yanjiun68/workspace/humble_ws/install/pure_spinning_local_planner:/home/yanjiun68/workspace/humble_ws/install/forward_local_planner:/home/yanjiun68/workspace/humble_ws/install/backward_global_planner:/home/yanjiun68/workspace/humble_ws/install/forward_global_planner:/home/yanjiun68/workspace/humble_ws/install/backward_local_planner:/home/yanjiun68/workspace/humble_ws/install/nav2z_planners_common:/home/yanjiun68/workspace/humble_ws/install/nav2z_client:/home/yanjiun68/workspace/putrabot/install/mediapipe_ros:/home/yanjiun68/workspace/putrabot/install/lift_bridge:/opt/ros/humble:/home/yanjiun68/workspace/humble_ws/install/my_robot_moveit_config:/home/yanjiun68/workspace/humble_ws/install/moveit2z_client:/home/yanjiun68/workspace/humble_ws/install/lifecyclenode_client:/home/yanjiun68/workspace/humble_ws/install/keyboard_client:/home/yanjiun68/workspace/humble_ws/install/http_client:/home/yanjiun68/workspace/humble_ws/install/eg_random_generator:/home/yanjiun68/workspace/humble_ws/install/eg_conditional_generator:/home/yanjiun68/workspace/humble_ws/install/cl_ros2_timer:/home/yanjiun68/workspace/humble_ws/install/cl_nav2z:/home/yanjiun68/workspace/humble_ws/install/cl_moveit2z:/home/yanjiun68/workspace/humble_ws/install/cl_keyboard CONDA_PROMPT_MODIFIER=(base) /usr/bin/cmake /home/yanjiun68/workspace/Turtlesim_lc_demo/src/turtlesim_lc_interfaces -DCMAKE_INSTALL_PREFIX=/home/yanjiun68/workspace/Turtlesim_lc_demo/install/turtlesim_lc_interfaces
[1.698s] Invoking command in '/home/yanjiun68/workspace/Turtlesim_lc_demo/build/turtlesim_lc_interfaces': CMAKE_PREFIX_PATH=/home/yanjiun68/workspace/putrabot/install/voice:/home/yanjiun68/workspace/putrabot/install/vision:/home/yanjiun68/workspace/putrabot/install/robot_description:/home/yanjiun68/workspace/putrabot/install/realsense2_description:/home/yanjiun68/workspace/putrabot/install/realsense2_camera:/home/yanjiun68/workspace/putrabot/install/realsense2_camera_msgs:/home/yanjiun68/workspace/putrabot/install/putrabot_base:/home/yanjiun68/workspace/putrabot/install/my_robot_nav:/home/yanjiun68/workspace/putrabot/install/lift_moveit_config:/home/yanjiun68/workspace/putrabot/install/lift_description:/home/yanjiun68/workspace/humble_ws/install/undo_path_global_planner:/home/yanjiun68/workspace/humble_ws/install/sr_event_countdown:/home/yanjiun68/workspace/humble_ws/install/sr_conditional:/home/yanjiun68/workspace/humble_ws/install/sm_three_some:/home/yanjiun68/workspace/humble_ws/install/sm_pack_ml:/home/yanjiun68/workspace/humble_ws/install/sm_multi_stage_1:/home/yanjiun68/workspace/humble_ws/install/sm_advanced_recovery_1:/home/yanjiun68/workspace/humble_ws/install/sr_all_events_go:/home/yanjiun68/workspace/humble_ws/install/multirole_sensor_client:/home/yanjiun68/workspace/humble_ws/install/smacc2_msgs:/home/yanjiun68/workspace/humble_ws/install/sm_simple_action_client:/home/yanjiun68/workspace/humble_ws/install/sm_panda_moveit2z_cb_inventory:/home/yanjiun68/workspace/humble_ws/install/sm_panda_cl_moveit2z_cb_inventory:/home/yanjiun68/workspace/humble_ws/install/sm_multithread_test_1:/home/yanjiun68/workspace/humble_ws/install/sm_coretest_transition_speed_1:/home/yanjiun68/workspace/humble_ws/install/sm_cl_ros2_timer_unit_test_1:/home/yanjiun68/workspace/humble_ws/install/sm_cl_keyboard_unit_test_1:/home/yanjiun68/workspace/humble_ws/install/sm_branching:/home/yanjiun68/workspace/humble_ws/install/sm_atomic_subscribers_performance_test:/home/yanjiun68/workspace/humble_ws/install/sm_atomic_performance_trace_1:/home/yanjiun68/workspace/humble_ws/install/sm_atomic_mode_states:/home/yanjiun68/workspace/humble_ws/install/sm_atomic_lifecycle:/home/yanjiun68/workspace/humble_ws/install/sm_atomic_http:/home/yanjiun68/workspace/humble_ws/install/sm_atomic:/home/yanjiun68/workspace/humble_ws/install/ros_timer_client:/home/yanjiun68/workspace/humble_ws/install/pure_spinning_local_planner:/home/yanjiun68/workspace/humble_ws/install/forward_local_planner:/home/yanjiun68/workspace/humble_ws/install/backward_global_planner:/home/yanjiun68/workspace/humble_ws/install/forward_global_planner:/home/yanjiun68/workspace/humble_ws/install/backward_local_planner:/home/yanjiun68/workspace/humble_ws/install/nav2z_planners_common:/home/yanjiun68/workspace/humble_ws/install/nav2z_client:/home/yanjiun68/workspace/putrabot/install/mediapipe_ros:/home/yanjiun68/workspace/putrabot/install/lift_bridge:/opt/ros/humble:/home/yanjiun68/workspace/humble_ws/install/my_robot_moveit_config:/home/yanjiun68/workspace/humble_ws/install/moveit2z_client:/home/yanjiun68/workspace/humble_ws/install/lifecyclenode_client:/home/yanjiun68/workspace/humble_ws/install/keyboard_client:/home/yanjiun68/workspace/humble_ws/install/http_client:/home/yanjiun68/workspace/humble_ws/install/eg_random_generator:/home/yanjiun68/workspace/humble_ws/install/eg_conditional_generator:/home/yanjiun68/workspace/humble_ws/install/cl_ros2_timer:/home/yanjiun68/workspace/humble_ws/install/cl_nav2z:/home/yanjiun68/workspace/humble_ws/install/cl_moveit2z:/home/yanjiun68/workspace/humble_ws/install/cl_keyboard CONDA_PROMPT_MODIFIER=(base) /usr/bin/cmake --build /home/yanjiun68/workspace/Turtlesim_lc_demo/build/turtlesim_lc_interfaces -- -j16 -l16
[1.763s] [35m[1mConsolidate compiler generated dependencies of target turtlesim_lc_interfaces__rosidl_generator_c[0m
[1.789s] [  3%] Built target turtlesim_lc_interfaces__cpp
[1.790s] [ 12%] Built target turtlesim_lc_interfaces__rosidl_generator_c
[1.816s] [ 12%] Built target ament_cmake_python_symlink_turtlesim_lc_interfaces
[1.816s] [35m[1mConsolidate compiler generated dependencies of target turtlesim_lc_interfaces__rosidl_typesupport_cpp[0m
[1.817s] [35m[1mConsolidate compiler generated dependencies of target turtlesim_lc_interfaces__rosidl_typesupport_introspection_cpp[0m
[1.818s] [35m[1mConsolidate compiler generated dependencies of target turtlesim_lc_interfaces__rosidl_typesupport_fastrtps_cpp[0m
[1.845s] [35m[1mConsolidate compiler generated dependencies of target turtlesim_lc_interfaces__rosidl_typesupport_introspection_c[0m
[1.847s] [ 22%] Built target turtlesim_lc_interfaces__rosidl_typesupport_cpp
[1.847s] [35m[1mConsolidate compiler generated dependencies of target turtlesim_lc_interfaces__rosidl_typesupport_fastrtps_c[0m
[1.848s] [35m[1mConsolidate compiler generated dependencies of target turtlesim_lc_interfaces__rosidl_typesupport_c[0m
[1.854s] [ 32%] Built target turtlesim_lc_interfaces__rosidl_typesupport_fastrtps_cpp
[1.855s] [ 41%] Built target turtlesim_lc_interfaces__rosidl_typesupport_introspection_cpp
[1.877s] [ 51%] Built target turtlesim_lc_interfaces__rosidl_typesupport_introspection_c
[1.880s] [ 61%] Built target turtlesim_lc_interfaces__rosidl_typesupport_fastrtps_c
[1.882s] [ 70%] Built target turtlesim_lc_interfaces__rosidl_typesupport_c
[1.925s] [ 70%] Built target turtlesim_lc_interfaces
[1.962s] [ 74%] Built target turtlesim_lc_interfaces__py
[1.981s] [35m[1mConsolidate compiler generated dependencies of target turtlesim_lc_interfaces__rosidl_generator_py[0m
[2.003s] [ 80%] Built target turtlesim_lc_interfaces__rosidl_generator_py
[2.024s] [35m[1mConsolidate compiler generated dependencies of target turtlesim_lc_interfaces__rosidl_typesupport_fastrtps_c__pyext[0m
[2.025s] [35m[1mConsolidate compiler generated dependencies of target turtlesim_lc_interfaces__rosidl_typesupport_c__pyext[0m
[2.026s] [35m[1mConsolidate compiler generated dependencies of target turtlesim_lc_interfaces__rosidl_typesupport_introspection_c__pyext[0m
[2.050s] [ 87%] Built target turtlesim_lc_interfaces__rosidl_typesupport_fastrtps_c__pyext
[2.053s] [ 93%] Built target turtlesim_lc_interfaces__rosidl_typesupport_introspection_c__pyext
[2.054s] [100%] Built target turtlesim_lc_interfaces__rosidl_typesupport_c__pyext
[2.252s] running egg_info
[2.253s] writing turtlesim_lc_interfaces.egg-info/PKG-INFO
[2.253s] writing dependency_links to turtlesim_lc_interfaces.egg-info/dependency_links.txt
[2.253s] writing top-level names to turtlesim_lc_interfaces.egg-info/top_level.txt
[2.256s] reading manifest file 'turtlesim_lc_interfaces.egg-info/SOURCES.txt'
[2.256s] writing manifest file 'turtlesim_lc_interfaces.egg-info/SOURCES.txt'
[2.288s] [100%] Built target ament_cmake_python_build_turtlesim_lc_interfaces_egg
[2.304s] Invoked command in '/home/yanjiun68/workspace/Turtlesim_lc_demo/build/turtlesim_lc_interfaces' returned '0': CMAKE_PREFIX_PATH=/home/yanjiun68/workspace/putrabot/install/voice:/home/yanjiun68/workspace/putrabot/install/vision:/home/yanjiun68/workspace/putrabot/install/robot_description:/home/yanjiun68/workspace/putrabot/install/realsense2_description:/home/yanjiun68/workspace/putrabot/install/realsense2_camera:/home/yanjiun68/workspace/putrabot/install/realsense2_camera_msgs:/home/yanjiun68/workspace/putrabot/install/putrabot_base:/home/yanjiun68/workspace/putrabot/install/my_robot_nav:/home/yanjiun68/workspace/putrabot/install/lift_moveit_config:/home/yanjiun68/workspace/putrabot/install/lift_description:/home/yanjiun68/workspace/humble_ws/install/undo_path_global_planner:/home/yanjiun68/workspace/humble_ws/install/sr_event_countdown:/home/yanjiun68/workspace/humble_ws/install/sr_conditional:/home/yanjiun68/workspace/humble_ws/install/sm_three_some:/home/yanjiun68/workspace/humble_ws/install/sm_pack_ml:/home/yanjiun68/workspace/humble_ws/install/sm_multi_stage_1:/home/yanjiun68/workspace/humble_ws/install/sm_advanced_recovery_1:/home/yanjiun68/workspace/humble_ws/install/sr_all_events_go:/home/yanjiun68/workspace/humble_ws/install/multirole_sensor_client:/home/yanjiun68/workspace/humble_ws/install/smacc2_msgs:/home/yanjiun68/workspace/humble_ws/install/sm_simple_action_client:/home/yanjiun68/workspace/humble_ws/install/sm_panda_moveit2z_cb_inventory:/home/yanjiun68/workspace/humble_ws/install/sm_panda_cl_moveit2z_cb_inventory:/home/yanjiun68/workspace/humble_ws/install/sm_multithread_test_1:/home/yanjiun68/workspace/humble_ws/install/sm_coretest_transition_speed_1:/home/yanjiun68/workspace/humble_ws/install/sm_cl_ros2_timer_unit_test_1:/home/yanjiun68/workspace/humble_ws/install/sm_cl_keyboard_unit_test_1:/home/yanjiun68/workspace/humble_ws/install/sm_branching:/home/yanjiun68/workspace/humble_ws/install/sm_atomic_subscribers_performance_test:/home/yanjiun68/workspace/humble_ws/install/sm_atomic_performance_trace_1:/home/yanjiun68/workspace/humble_ws/install/sm_atomic_mode_states:/home/yanjiun68/workspace/humble_ws/install/sm_atomic_lifecycle:/home/yanjiun68/workspace/humble_ws/install/sm_atomic_http:/home/yanjiun68/workspace/humble_ws/install/sm_atomic:/home/yanjiun68/workspace/humble_ws/install/ros_timer_client:/home/yanjiun68/workspace/humble_ws/install/pure_spinning_local_planner:/home/yanjiun68/workspace/humble_ws/install/forward_local_planner:/home/yanjiun68/workspace/humble_ws/install/backward_global_planner:/home/yanjiun68/workspace/humble_ws/install/forward_global_planner:/home/yanjiun68/workspace/humble_ws/install/backward_local_planner:/home/yanjiun68/workspace/humble_ws/install/nav2z_planners_common:/home/yanjiun68/workspace/humble_ws/install/nav2z_client:/home/yanjiun68/workspace/putrabot/install/mediapipe_ros:/home/yanjiun68/workspace/putrabot/install/lift_bridge:/opt/ros/humble:/home/yanjiun68/workspace/humble_ws/install/my_robot_moveit_config:/home/yanjiun68/workspace/humble_ws/install/moveit2z_client:/home/yanjiun68/workspace/humble_ws/install/lifecyclenode_client:/home/yanjiun68/workspace/humble_ws/install/keyboard_client:/home/yanjiun68/workspace/humble_ws/install/http_client:/home/yanjiun68/workspace/humble_ws/install/eg_random_generator:/home/yanjiun68/workspace/humble_ws/install/eg_conditional_generator:/home/yanjiun68/workspace/humble_ws/install/cl_ros2_timer:/home/yanjiun68/workspace/humble_ws/install/cl_nav2z:/home/yanjiun68/workspace/humble_ws/install/cl_moveit2z:/home/yanjiun68/workspace/humble_ws/install/cl_keyboard CONDA_PROMPT_MODIFIER=(base) /usr/bin/cmake --build /home/yanjiun68/workspace/Turtlesim_lc_demo/build/turtlesim_lc_interfaces -- -j16 -l16
[2.318s] Invoking command in '/home/yanjiun68/workspace/Turtlesim_lc_demo/build/turtlesim_lc_interfaces': CMAKE_PREFIX_PATH=/home/yanjiun68/workspace/putrabot/install/voice:/home/yanjiun68/workspace/putrabot/install/vision:/home/yanjiun68/workspace/putrabot/install/robot_description:/home/yanjiun68/workspace/putrabot/install/realsense2_description:/home/yanjiun68/workspace/putrabot/install/realsense2_camera:/home/yanjiun68/workspace/putrabot/install/realsense2_camera_msgs:/home/yanjiun68/workspace/putrabot/install/putrabot_base:/home/yanjiun68/workspace/putrabot/install/my_robot_nav:/home/yanjiun68/workspace/putrabot/install/lift_moveit_config:/home/yanjiun68/workspace/putrabot/install/lift_description:/home/yanjiun68/workspace/humble_ws/install/undo_path_global_planner:/home/yanjiun68/workspace/humble_ws/install/sr_event_countdown:/home/yanjiun68/workspace/humble_ws/install/sr_conditional:/home/yanjiun68/workspace/humble_ws/install/sm_three_some:/home/yanjiun68/workspace/humble_ws/install/sm_pack_ml:/home/yanjiun68/workspace/humble_ws/install/sm_multi_stage_1:/home/yanjiun68/workspace/humble_ws/install/sm_advanced_recovery_1:/home/yanjiun68/workspace/humble_ws/install/sr_all_events_go:/home/yanjiun68/workspace/humble_ws/install/multirole_sensor_client:/home/yanjiun68/workspace/humble_ws/install/smacc2_msgs:/home/yanjiun68/workspace/humble_ws/install/sm_simple_action_client:/home/yanjiun68/workspace/humble_ws/install/sm_panda_moveit2z_cb_inventory:/home/yanjiun68/workspace/humble_ws/install/sm_panda_cl_moveit2z_cb_inventory:/home/yanjiun68/workspace/humble_ws/install/sm_multithread_test_1:/home/yanjiun68/workspace/humble_ws/install/sm_coretest_transition_speed_1:/home/yanjiun68/workspace/humble_ws/install/sm_cl_ros2_timer_unit_test_1:/home/yanjiun68/workspace/humble_ws/install/sm_cl_keyboard_unit_test_1:/home/yanjiun68/workspace/humble_ws/install/sm_branching:/home/yanjiun68/workspace/humble_ws/install/sm_atomic_subscribers_performance_test:/home/yanjiun68/workspace/humble_ws/install/sm_atomic_performance_trace_1:/home/yanjiun68/workspace/humble_ws/install/sm_atomic_mode_states:/home/yanjiun68/workspace/humble_ws/install/sm_atomic_lifecycle:/home/yanjiun68/workspace/humble_ws/install/sm_atomic_http:/home/yanjiun68/workspace/humble_ws/install/sm_atomic:/home/yanjiun68/workspace/humble_ws/install/ros_timer_client:/home/yanjiun68/workspace/humble_ws/install/pure_spinning_local_planner:/home/yanjiun68/workspace/humble_ws/install/forward_local_planner:/home/yanjiun68/workspace/humble_ws/install/backward_global_planner:/home/yanjiun68/workspace/humble_ws/install/forward_global_planner:/home/yanjiun68/workspace/humble_ws/install/backward_local_planner:/home/yanjiun68/workspace/humble_ws/install/nav2z_planners_common:/home/yanjiun68/workspace/humble_ws/install/nav2z_client:/home/yanjiun68/workspace/putrabot/install/mediapipe_ros:/home/yanjiun68/workspace/putrabot/install/lift_bridge:/opt/ros/humble:/home/yanjiun68/workspace/humble_ws/install/my_robot_moveit_config:/home/yanjiun68/workspace/humble_ws/install/moveit2z_client:/home/yanjiun68/workspace/humble_ws/install/lifecyclenode_client:/home/yanjiun68/workspace/humble_ws/install/keyboard_client:/home/yanjiun68/workspace/humble_ws/install/http_client:/home/yanjiun68/workspace/humble_ws/install/eg_random_generator:/home/yanjiun68/workspace/humble_ws/install/eg_conditional_generator:/home/yanjiun68/workspace/humble_ws/install/cl_ros2_timer:/home/yanjiun68/workspace/humble_ws/install/cl_nav2z:/home/yanjiun68/workspace/humble_ws/install/cl_moveit2z:/home/yanjiun68/workspace/humble_ws/install/cl_keyboard CONDA_PROMPT_MODIFIER=(base) /usr/bin/cmake --install /home/yanjiun68/workspace/Turtlesim_lc_demo/build/turtlesim_lc_interfaces
[2.329s] -- Install configuration: ""
[2.330s] -- Execute custom install script
[2.330s] -- Up-to-date symlink: /home/yanjiun68/workspace/Turtlesim_lc_demo/install/turtlesim_lc_interfaces/share/ament_index/resource_index/rosidl_interfaces/turtlesim_lc_interfaces
[2.331s] -- Up-to-date symlink: /home/yanjiun68/workspace/Turtlesim_lc_demo/install/turtlesim_lc_interfaces/include/turtlesim_lc_interfaces/turtlesim_lc_interfaces/msg/detail/mission_snapshot__functions.h
[2.331s] -- Up-to-date symlink: /home/yanjiun68/workspace/Turtlesim_lc_demo/install/turtlesim_lc_interfaces/include/turtlesim_lc_interfaces/turtlesim_lc_interfaces/msg/detail/mission_snapshot__struct.h
[2.331s] -- Up-to-date symlink: /home/yanjiun68/workspace/Turtlesim_lc_demo/install/turtlesim_lc_interfaces/include/turtlesim_lc_interfaces/turtlesim_lc_interfaces/msg/detail/mission_snapshot__type_support.h
[2.331s] -- Up-to-date symlink: /home/yanjiun68/workspace/Turtlesim_lc_demo/install/turtlesim_lc_interfaces/include/turtlesim_lc_interfaces/turtlesim_lc_interfaces/msg/mission_snapshot.h
[2.331s] -- Up-to-date symlink: /home/yanjiun68/workspace/Turtlesim_lc_demo/install/turtlesim_lc_interfaces/include/turtlesim_lc_interfaces/turtlesim_lc_interfaces/msg/rosidl_generator_c__visibility_control.h
[2.332s] -- Up-to-date symlink: /home/yanjiun68/workspace/Turtlesim_lc_demo/install/turtlesim_lc_interfaces/share/turtlesim_lc_interfaces/environment/library_path.sh
[2.332s] -- Up-to-date symlink: /home/yanjiun68/workspace/Turtlesim_lc_demo/install/turtlesim_lc_interfaces/share/turtlesim_lc_interfaces/environment/library_path.dsv
[2.332s] -- Up-to-date symlink: /home/yanjiun68/workspace/Turtlesim_lc_demo/install/turtlesim_lc_interfaces/include/turtlesim_lc_interfaces/turtlesim_lc_interfaces/msg/detail/mission_snapshot__rosidl_typesupport_fastrtps_c.h
[2.332s] -- Up-to-date symlink: /home/yanjiun68/workspace/Turtlesim_lc_demo/install/turtlesim_lc_interfaces/include/turtlesim_lc_interfaces/turtlesim_lc_interfaces/msg/rosidl_typesupport_fastrtps_c__visibility_control.h
[2.333s] -- Up-to-date symlink: /home/yanjiun68/workspace/Turtlesim_lc_demo/install/turtlesim_lc_interfaces/include/turtlesim_lc_interfaces/turtlesim_lc_interfaces/msg/detail/mission_snapshot__rosidl_typesupport_introspection_c.h
[2.333s] -- Up-to-date symlink: /home/yanjiun68/workspace/Turtlesim_lc_demo/install/turtlesim_lc_interfaces/include/turtlesim_lc_interfaces/turtlesim_lc_interfaces/msg/rosidl_typesupport_introspection_c__visibility_control.h
[2.334s] -- Up-to-date symlink: /home/yanjiun68/workspace/Turtlesim_lc_demo/install/turtlesim_lc_interfaces/include/turtlesim_lc_interfaces/turtlesim_lc_interfaces/msg/detail/mission_snapshot__builder.hpp
[2.334s] -- Up-to-date symlink: /home/yanjiun68/workspace/Turtlesim_lc_demo/install/turtlesim_lc_interfaces/include/turtlesim_lc_interfaces/turtlesim_lc_interfaces/msg/detail/mission_snapshot__struct.hpp
[2.334s] -- Up-to-date symlink: /home/yanjiun68/workspace/Turtlesim_lc_demo/install/turtlesim_lc_interfaces/include/turtlesim_lc_interfaces/turtlesim_lc_interfaces/msg/detail/mission_snapshot__traits.hpp
[2.334s] -- Up-to-date symlink: /home/yanjiun68/workspace/Turtlesim_lc_demo/install/turtlesim_lc_interfaces/include/turtlesim_lc_interfaces/turtlesim_lc_interfaces/msg/detail/mission_snapshot__type_support.hpp
[2.334s] -- Up-to-date symlink: /home/yanjiun68/workspace/Turtlesim_lc_demo/install/turtlesim_lc_interfaces/include/turtlesim_lc_interfaces/turtlesim_lc_interfaces/msg/mission_snapshot.hpp
[2.334s] -- Up-to-date symlink: /home/yanjiun68/workspace/Turtlesim_lc_demo/install/turtlesim_lc_interfaces/include/turtlesim_lc_interfaces/turtlesim_lc_interfaces/msg/rosidl_generator_cpp__visibility_control.hpp
[2.335s] -- Up-to-date symlink: /home/yanjiun68/workspace/Turtlesim_lc_demo/install/turtlesim_lc_interfaces/include/turtlesim_lc_interfaces/turtlesim_lc_interfaces/msg/detail/mission_snapshot__rosidl_typesupport_fastrtps_cpp.hpp
[2.335s] -- Up-to-date symlink: /home/yanjiun68/workspace/Turtlesim_lc_demo/install/turtlesim_lc_interfaces/include/turtlesim_lc_interfaces/turtlesim_lc_interfaces/msg/rosidl_typesupport_fastrtps_cpp__visibility_control.h
[2.335s] -- Up-to-date symlink: /home/yanjiun68/workspace/Turtlesim_lc_demo/install/turtlesim_lc_interfaces/include/turtlesim_lc_interfaces/turtlesim_lc_interfaces/msg/detail/mission_snapshot__rosidl_typesupport_introspection_cpp.hpp
[2.335s] -- Up-to-date symlink: /home/yanjiun68/workspace/Turtlesim_lc_demo/install/turtlesim_lc_interfaces/share/turtlesim_lc_interfaces/environment/pythonpath.sh
[2.336s] -- Up-to-date symlink: /home/yanjiun68/workspace/Turtlesim_lc_demo/install/turtlesim_lc_interfaces/share/turtlesim_lc_interfaces/environment/pythonpath.dsv
[2.336s] -- Up-to-date symlink: /home/yanjiun68/workspace/Turtlesim_lc_demo/install/turtlesim_lc_interfaces/local/lib/python3.10/dist-packages/turtlesim_lc_interfaces-0.0.1-py3.10.egg-info/PKG-INFO
[2.336s] -- Up-to-date symlink: /home/yanjiun68/workspace/Turtlesim_lc_demo/install/turtlesim_lc_interfaces/local/lib/python3.10/dist-packages/turtlesim_lc_interfaces-0.0.1-py3.10.egg-info/SOURCES.txt
[2.336s] -- Up-to-date symlink: /home/yanjiun68/workspace/Turtlesim_lc_demo/install/turtlesim_lc_interfaces/local/lib/python3.10/dist-packages/turtlesim_lc_interfaces-0.0.1-py3.10.egg-info/dependency_links.txt
[2.336s] -- Up-to-date symlink: /home/yanjiun68/workspace/Turtlesim_lc_demo/install/turtlesim_lc_interfaces/local/lib/python3.10/dist-packages/turtlesim_lc_interfaces-0.0.1-py3.10.egg-info/top_level.txt
[2.337s] -- Up-to-date symlink: /home/yanjiun68/workspace/Turtlesim_lc_demo/install/turtlesim_lc_interfaces/local/lib/python3.10/dist-packages/turtlesim_lc_interfaces/__init__.py
[2.337s] -- Up-to-date symlink: /home/yanjiun68/workspace/Turtlesim_lc_demo/install/turtlesim_lc_interfaces/local/lib/python3.10/dist-packages/turtlesim_lc_interfaces/_turtlesim_lc_interfaces_s.ep.rosidl_typesupport_c.c
[2.337s] -- Up-to-date symlink: /home/yanjiun68/workspace/Turtlesim_lc_demo/install/turtlesim_lc_interfaces/local/lib/python3.10/dist-packages/turtlesim_lc_interfaces/_turtlesim_lc_interfaces_s.ep.rosidl_typesupport_fastrtps_c.c
[2.337s] -- Up-to-date symlink: /home/yanjiun68/workspace/Turtlesim_lc_demo/install/turtlesim_lc_interfaces/local/lib/python3.10/dist-packages/turtlesim_lc_interfaces/_turtlesim_lc_interfaces_s.ep.rosidl_typesupport_introspection_c.c
[2.337s] -- Up-to-date symlink: /home/yanjiun68/workspace/Turtlesim_lc_demo/install/turtlesim_lc_interfaces/local/lib/python3.10/dist-packages/turtlesim_lc_interfaces/libturtlesim_lc_interfaces__rosidl_generator_py.so
[2.338s] -- Up-to-date symlink: /home/yanjiun68/workspace/Turtlesim_lc_demo/install/turtlesim_lc_interfaces/local/lib/python3.10/dist-packages/turtlesim_lc_interfaces/msg/__init__.py
[2.338s] -- Up-to-date symlink: /home/yanjiun68/workspace/Turtlesim_lc_demo/install/turtlesim_lc_interfaces/local/lib/python3.10/dist-packages/turtlesim_lc_interfaces/msg/_mission_snapshot.py
[2.338s] -- Up-to-date symlink: /home/yanjiun68/workspace/Turtlesim_lc_demo/install/turtlesim_lc_interfaces/local/lib/python3.10/dist-packages/turtlesim_lc_interfaces/msg/_mission_snapshot_s.c
[2.338s] -- Up-to-date symlink: /home/yanjiun68/workspace/Turtlesim_lc_demo/install/turtlesim_lc_interfaces/local/lib/python3.10/dist-packages/turtlesim_lc_interfaces/turtlesim_lc_interfaces_s__rosidl_typesupport_c.cpython-310-x86_64-linux-gnu.so
[2.338s] -- Up-to-date symlink: /home/yanjiun68/workspace/Turtlesim_lc_demo/install/turtlesim_lc_interfaces/local/lib/python3.10/dist-packages/turtlesim_lc_interfaces/turtlesim_lc_interfaces_s__rosidl_typesupport_fastrtps_c.cpython-310-x86_64-linux-gnu.so
[2.338s] -- Up-to-date symlink: /home/yanjiun68/workspace/Turtlesim_lc_demo/install/turtlesim_lc_interfaces/local/lib/python3.10/dist-packages/turtlesim_lc_interfaces/turtlesim_lc_interfaces_s__rosidl_typesupport_introspection_c.cpython-310-x86_64-linux-gnu.so
[2.339s] -- Up-to-date symlink: /home/yanjiun68/workspace/Turtlesim_lc_demo/install/turtlesim_lc_interfaces/local/lib/python3.10/dist-packages/turtlesim_lc_interfaces/turtlesim_lc_interfaces_s__rosidl_typesupport_fastrtps_c.cpython-310-x86_64-linux-gnu.so
[2.339s] -- Up-to-date symlink: /home/yanjiun68/workspace/Turtlesim_lc_demo/install/turtlesim_lc_interfaces/local/lib/python3.10/dist-packages/turtlesim_lc_interfaces/turtlesim_lc_interfaces_s__rosidl_typesupport_introspection_c.cpython-310-x86_64-linux-gnu.so
[2.339s] -- Up-to-date symlink: /home/yanjiun68/workspace/Turtlesim_lc_demo/install/turtlesim_lc_interfaces/local/lib/python3.10/dist-packages/turtlesim_lc_interfaces/turtlesim_lc_interfaces_s__rosidl_typesupport_c.cpython-310-x86_64-linux-gnu.so
[2.339s] -- Up-to-date symlink: /home/yanjiun68/workspace/Turtlesim_lc_demo/install/turtlesim_lc_interfaces/share/turtlesim_lc_interfaces/msg/MissionSnapshot.idl
[2.339s] -- Up-to-date symlink: /home/yanjiun68/workspace/Turtlesim_lc_demo/install/turtlesim_lc_interfaces/share/turtlesim_lc_interfaces/msg/MissionSnapshot.msg
[2.340s] -- Up-to-date symlink: /home/yanjiun68/workspace/Turtlesim_lc_demo/install/turtlesim_lc_interfaces/share/ament_index/resource_index/package_run_dependencies/turtlesim_lc_interfaces
[2.340s] -- Up-to-date symlink: /home/yanjiun68/workspace/Turtlesim_lc_demo/install/turtlesim_lc_interfaces/share/ament_index/resource_index/parent_prefix_path/turtlesim_lc_interfaces
[2.340s] -- Up-to-date symlink: /home/yanjiun68/workspace/Turtlesim_lc_demo/install/turtlesim_lc_interfaces/share/turtlesim_lc_interfaces/environment/ament_prefix_path.sh
[2.340s] -- Up-to-date symlink: /home/yanjiun68/workspace/Turtlesim_lc_demo/install/turtlesim_lc_interfaces/share/turtlesim_lc_interfaces/environment/ament_prefix_path.dsv
[2.340s] -- Up-to-date symlink: /home/yanjiun68/workspace/Turtlesim_lc_demo/install/turtlesim_lc_interfaces/share/turtlesim_lc_interfaces/environment/path.sh
[2.340s] -- Up-to-date symlink: /home/yanjiun68/workspace/Turtlesim_lc_demo/install/turtlesim_lc_interfaces/share/turtlesim_lc_interfaces/environment/path.dsv
[2.340s] -- Up-to-date symlink: /home/yanjiun68/workspace/Turtlesim_lc_demo/install/turtlesim_lc_interfaces/share/turtlesim_lc_interfaces/local_setup.bash
[2.341s] -- Up-to-date symlink: /home/yanjiun68/workspace/Turtlesim_lc_demo/install/turtlesim_lc_interfaces/share/turtlesim_lc_interfaces/local_setup.sh
[2.341s] -- Up-to-date symlink: /home/yanjiun68/workspace/Turtlesim_lc_demo/install/turtlesim_lc_interfaces/share/turtlesim_lc_interfaces/local_setup.zsh
[2.341s] -- Up-to-date symlink: /home/yanjiun68/workspace/Turtlesim_lc_demo/install/turtlesim_lc_interfaces/share/turtlesim_lc_interfaces/local_setup.dsv
[2.341s] -- Symlinking: /home/yanjiun68/workspace/Turtlesim_lc_demo/install/turtlesim_lc_interfaces/share/turtlesim_lc_interfaces/package.dsv
[2.354s] -- Up-to-date symlink: /home/yanjiun68/workspace/Turtlesim_lc_demo/install/turtlesim_lc_interfaces/share/ament_index/resource_index/packages/turtlesim_lc_interfaces
[2.354s] -- Up-to-date symlink: /home/yanjiun68/workspace/Turtlesim_lc_demo/install/turtlesim_lc_interfaces/share/turtlesim_lc_interfaces/cmake/rosidl_cmake-extras.cmake
[2.355s] -- Up-to-date symlink: /home/yanjiun68/workspace/Turtlesim_lc_demo/install/turtlesim_lc_interfaces/share/turtlesim_lc_interfaces/cmake/ament_cmake_export_dependencies-extras.cmake
[2.355s] -- Up-to-date symlink: /home/yanjiun68/workspace/Turtlesim_lc_demo/install/turtlesim_lc_interfaces/share/turtlesim_lc_interfaces/cmake/ament_cmake_export_include_directories-extras.cmake
[2.355s] -- Up-to-date symlink: /home/yanjiun68/workspace/Turtlesim_lc_demo/install/turtlesim_lc_interfaces/share/turtlesim_lc_interfaces/cmake/ament_cmake_export_libraries-extras.cmake
[2.355s] -- Up-to-date symlink: /home/yanjiun68/workspace/Turtlesim_lc_demo/install/turtlesim_lc_interfaces/share/turtlesim_lc_interfaces/cmake/ament_cmake_export_targets-extras.cmake
[2.355s] -- Up-to-date symlink: /home/yanjiun68/workspace/Turtlesim_lc_demo/install/turtlesim_lc_interfaces/share/turtlesim_lc_interfaces/cmake/rosidl_cmake_export_typesupport_targets-extras.cmake
[2.355s] -- Up-to-date symlink: /home/yanjiun68/workspace/Turtlesim_lc_demo/install/turtlesim_lc_interfaces/share/turtlesim_lc_interfaces/cmake/rosidl_cmake_export_typesupport_libraries-extras.cmake
[2.355s] -- Up-to-date symlink: /home/yanjiun68/workspace/Turtlesim_lc_demo/install/turtlesim_lc_interfaces/share/turtlesim_lc_interfaces/cmake/turtlesim_lc_interfacesConfig.cmake
[2.355s] -- Up-to-date symlink: /home/yanjiun68/workspace/Turtlesim_lc_demo/install/turtlesim_lc_interfaces/share/turtlesim_lc_interfaces/cmake/turtlesim_lc_interfacesConfig-version.cmake
[2.356s] -- Up-to-date symlink: /home/yanjiun68/workspace/Turtlesim_lc_demo/install/turtlesim_lc_interfaces/share/turtlesim_lc_interfaces/package.xml
[2.356s] -- Up-to-date: /home/yanjiun68/workspace/Turtlesim_lc_demo/install/turtlesim_lc_interfaces/lib/libturtlesim_lc_interfaces__rosidl_generator_c.so
[2.356s] -- Up-to-date: /home/yanjiun68/workspace/Turtlesim_lc_demo/install/turtlesim_lc_interfaces/lib/libturtlesim_lc_interfaces__rosidl_typesupport_fastrtps_c.so
[2.356s] -- Up-to-date: /home/yanjiun68/workspace/Turtlesim_lc_demo/install/turtlesim_lc_interfaces/lib/libturtlesim_lc_interfaces__rosidl_typesupport_introspection_c.so
[2.357s] -- Up-to-date: /home/yanjiun68/workspace/Turtlesim_lc_demo/install/turtlesim_lc_interfaces/lib/libturtlesim_lc_interfaces__rosidl_typesupport_c.so
[2.357s] -- Up-to-date: /home/yanjiun68/workspace/Turtlesim_lc_demo/install/turtlesim_lc_interfaces/lib/libturtlesim_lc_interfaces__rosidl_typesupport_fastrtps_cpp.so
[2.357s] -- Up-to-date: /home/yanjiun68/workspace/Turtlesim_lc_demo/install/turtlesim_lc_interfaces/lib/libturtlesim_lc_interfaces__rosidl_typesupport_introspection_cpp.so
[2.357s] -- Up-to-date: /home/yanjiun68/workspace/Turtlesim_lc_demo/install/turtlesim_lc_interfaces/lib/libturtlesim_lc_interfaces__rosidl_typesupport_cpp.so
[2.408s] Listing '/home/yanjiun68/workspace/Turtlesim_lc_demo/install/turtlesim_lc_interfaces/local/lib/python3.10/dist-packages/turtlesim_lc_interfaces'...
[2.408s] Compiling '/home/yanjiun68/workspace/Turtlesim_lc_demo/install/turtlesim_lc_interfaces/local/lib/python3.10/dist-packages/turtlesim_lc_interfaces/__init__.py'...
[2.408s] Listing '/home/yanjiun68/workspace/Turtlesim_lc_demo/install/turtlesim_lc_interfaces/local/lib/python3.10/dist-packages/turtlesim_lc_interfaces/msg'...
[2.413s] -- Up-to-date: /home/yanjiun68/workspace/Turtlesim_lc_demo/install/turtlesim_lc_interfaces/lib/libturtlesim_lc_interfaces__rosidl_generator_py.so
[2.413s] -- Up-to-date: /home/yanjiun68/workspace/Turtlesim_lc_demo/install/turtlesim_lc_interfaces/share/turtlesim_lc_interfaces/cmake/export_turtlesim_lc_interfaces__rosidl_generator_cExport.cmake
[2.414s] -- Up-to-date: /home/yanjiun68/workspace/Turtlesim_lc_demo/install/turtlesim_lc_interfaces/share/turtlesim_lc_interfaces/cmake/export_turtlesim_lc_interfaces__rosidl_generator_cExport-noconfig.cmake
[2.414s] -- Up-to-date: /home/yanjiun68/workspace/Turtlesim_lc_demo/install/turtlesim_lc_interfaces/share/turtlesim_lc_interfaces/cmake/export_turtlesim_lc_interfaces__rosidl_typesupport_fastrtps_cExport.cmake
[2.414s] -- Up-to-date: /home/yanjiun68/workspace/Turtlesim_lc_demo/install/turtlesim_lc_interfaces/share/turtlesim_lc_interfaces/cmake/export_turtlesim_lc_interfaces__rosidl_typesupport_fastrtps_cExport-noconfig.cmake
[2.414s] -- Up-to-date: /home/yanjiun68/workspace/Turtlesim_lc_demo/install/turtlesim_lc_interfaces/share/turtlesim_lc_interfaces/cmake/turtlesim_lc_interfaces__rosidl_typesupport_introspection_cExport.cmake
[2.414s] -- Up-to-date: /home/yanjiun68/workspace/Turtlesim_lc_demo/install/turtlesim_lc_interfaces/share/turtlesim_lc_interfaces/cmake/turtlesim_lc_interfaces__rosidl_typesupport_introspection_cExport-noconfig.cmake
[2.414s] -- Up-to-date: /home/yanjiun68/workspace/Turtlesim_lc_demo/install/turtlesim_lc_interfaces/share/turtlesim_lc_interfaces/cmake/turtlesim_lc_interfaces__rosidl_typesupport_cExport.cmake
[2.414s] -- Up-to-date: /home/yanjiun68/workspace/Turtlesim_lc_demo/install/turtlesim_lc_interfaces/share/turtlesim_lc_interfaces/cmake/turtlesim_lc_interfaces__rosidl_typesupport_cExport-noconfig.cmake
[2.415s] -- Up-to-date: /home/yanjiun68/workspace/Turtlesim_lc_demo/install/turtlesim_lc_interfaces/share/turtlesim_lc_interfaces/cmake/export_turtlesim_lc_interfaces__rosidl_generator_cppExport.cmake
[2.415s] -- Up-to-date: /home/yanjiun68/workspace/Turtlesim_lc_demo/install/turtlesim_lc_interfaces/share/turtlesim_lc_interfaces/cmake/export_turtlesim_lc_interfaces__rosidl_typesupport_fastrtps_cppExport.cmake
[2.415s] -- Up-to-date: /home/yanjiun68/workspace/Turtlesim_lc_demo/install/turtlesim_lc_interfaces/share/turtlesim_lc_interfaces/cmake/export_turtlesim_lc_interfaces__rosidl_typesupport_fastrtps_cppExport-noconfig.cmake
[2.415s] -- Up-to-date: /home/yanjiun68/workspace/Turtlesim_lc_demo/install/turtlesim_lc_interfaces/share/turtlesim_lc_interfaces/cmake/turtlesim_lc_interfaces__rosidl_typesupport_introspection_cppExport.cmake
[2.415s] -- Up-to-date: /home/yanjiun68/workspace/Turtlesim_lc_demo/install/turtlesim_lc_interfaces/share/turtlesim_lc_interfaces/cmake/turtlesim_lc_interfaces__rosidl_typesupport_introspection_cppExport-noconfig.cmake
[2.415s] -- Up-to-date: /home/yanjiun68/workspace/Turtlesim_lc_demo/install/turtlesim_lc_interfaces/share/turtlesim_lc_interfaces/cmake/turtlesim_lc_interfaces__rosidl_typesupport_cppExport.cmake
[2.415s] -- Up-to-date: /home/yanjiun68/workspace/Turtlesim_lc_demo/install/turtlesim_lc_interfaces/share/turtlesim_lc_interfaces/cmake/turtlesim_lc_interfaces__rosidl_typesupport_cppExport-noconfig.cmake
[2.415s] -- Up-to-date: /home/yanjiun68/workspace/Turtlesim_lc_demo/install/turtlesim_lc_interfaces/share/turtlesim_lc_interfaces/cmake/export_turtlesim_lc_interfaces__rosidl_generator_pyExport.cmake
[2.415s] -- Up-to-date: /home/yanjiun68/workspace/Turtlesim_lc_demo/install/turtlesim_lc_interfaces/share/turtlesim_lc_interfaces/cmake/export_turtlesim_lc_interfaces__rosidl_generator_pyExport-noconfig.cmake
[2.417s] Invoked command in '/home/yanjiun68/workspace/Turtlesim_lc_demo/build/turtlesim_lc_interfaces' returned '0': CMAKE_PREFIX_PATH=/home/yanjiun68/workspace/putrabot/install/voice:/home/yanjiun68/workspace/putrabot/install/vision:/home/yanjiun68/workspace/putrabot/install/robot_description:/home/yanjiun68/workspace/putrabot/install/realsense2_description:/home/yanjiun68/workspace/putrabot/install/realsense2_camera:/home/yanjiun68/workspace/putrabot/install/realsense2_camera_msgs:/home/yanjiun68/workspace/putrabot/install/putrabot_base:/home/yanjiun68/workspace/putrabot/install/my_robot_nav:/home/yanjiun68/workspace/putrabot/install/lift_moveit_config:/home/yanjiun68/workspace/putrabot/install/lift_description:/home/yanjiun68/workspace/humble_ws/install/undo_path_global_planner:/home/yanjiun68/workspace/humble_ws/install/sr_event_countdown:/home/yanjiun68/workspace/humble_ws/install/sr_conditional:/home/yanjiun68/workspace/humble_ws/install/sm_three_some:/home/yanjiun68/workspace/humble_ws/install/sm_pack_ml:/home/yanjiun68/workspace/humble_ws/install/sm_multi_stage_1:/home/yanjiun68/workspace/humble_ws/install/sm_advanced_recovery_1:/home/yanjiun68/workspace/humble_ws/install/sr_all_events_go:/home/yanjiun68/workspace/humble_ws/install/multirole_sensor_client:/home/yanjiun68/workspace/humble_ws/install/smacc2_msgs:/home/yanjiun68/workspace/humble_ws/install/sm_simple_action_client:/home/yanjiun68/workspace/humble_ws/install/sm_panda_moveit2z_cb_inventory:/home/yanjiun68/workspace/humble_ws/install/sm_panda_cl_moveit2z_cb_inventory:/home/yanjiun68/workspace/humble_ws/install/sm_multithread_test_1:/home/yanjiun68/workspace/humble_ws/install/sm_coretest_transition_speed_1:/home/yanjiun68/workspace/humble_ws/install/sm_cl_ros2_timer_unit_test_1:/home/yanjiun68/workspace/humble_ws/install/sm_cl_keyboard_unit_test_1:/home/yanjiun68/workspace/humble_ws/install/sm_branching:/home/yanjiun68/workspace/humble_ws/install/sm_atomic_subscribers_performance_test:/home/yanjiun68/workspace/humble_ws/install/sm_atomic_performance_trace_1:/home/yanjiun68/workspace/humble_ws/install/sm_atomic_mode_states:/home/yanjiun68/workspace/humble_ws/install/sm_atomic_lifecycle:/home/yanjiun68/workspace/humble_ws/install/sm_atomic_http:/home/yanjiun68/workspace/humble_ws/install/sm_atomic:/home/yanjiun68/workspace/humble_ws/install/ros_timer_client:/home/yanjiun68/workspace/humble_ws/install/pure_spinning_local_planner:/home/yanjiun68/workspace/humble_ws/install/forward_local_planner:/home/yanjiun68/workspace/humble_ws/install/backward_global_planner:/home/yanjiun68/workspace/humble_ws/install/forward_global_planner:/home/yanjiun68/workspace/humble_ws/install/backward_local_planner:/home/yanjiun68/workspace/humble_ws/install/nav2z_planners_common:/home/yanjiun68/workspace/humble_ws/install/nav2z_client:/home/yanjiun68/workspace/putrabot/install/mediapipe_ros:/home/yanjiun68/workspace/putrabot/install/lift_bridge:/opt/ros/humble:/home/yanjiun68/workspace/humble_ws/install/my_robot_moveit_config:/home/yanjiun68/workspace/humble_ws/install/moveit2z_client:/home/yanjiun68/workspace/humble_ws/install/lifecyclenode_client:/home/yanjiun68/workspace/humble_ws/install/keyboard_client:/home/yanjiun68/workspace/humble_ws/install/http_client:/home/yanjiun68/workspace/humble_ws/install/eg_random_generator:/home/yanjiun68/workspace/humble_ws/install/eg_conditional_generator:/home/yanjiun68/workspace/humble_ws/install/cl_ros2_timer:/home/yanjiun68/workspace/humble_ws/install/cl_nav2z:/home/yanjiun68/workspace/humble_ws/install/cl_moveit2z:/home/yanjiun68/workspace/humble_ws/install/cl_keyboard CONDA_PROMPT_MODIFIER=(base) /usr/bin/cmake --install /home/yanjiun68/workspace/Turtlesim_lc_demo/build/turtlesim_lc_interfaces
